[Thu Jun 15 15:52:11.718437 2023] [:error] [pid 361] [client 95.223.106.227:58705] PHP Fatal error:  require(): Failed opening required './php/config.php' (include_path='.:/usr/share/php') in /srv/www/kilicit/web/account/login.php on line 4, referer: https://kilic.it/web/index
[Thu Jun 15 15:52:21.422559 2023] [:error] [pid 350] [client 95.223.106.227:43120] PHP Warning:  require(./php/config.php): failed to open stream: No such file or directory in /srv/www/kilicit/web/account/login.php on line 4
[Thu Jun 15 15:52:21.422601 2023] [:error] [pid 350] [client 95.223.106.227:43120] PHP Fatal error:  require(): Failed opening required './php/config.php' (include_path='.:/usr/share/php') in /srv/www/kilicit/web/account/login.php on line 4
[Thu Jun 15 15:59:48.397581 2023] [:error] [pid 354] [client 104.28.54.66:46260] script '/srv/www/kilicit/web/login.php' not found or unable to stat, referer: https://kilic.it/web/contact
[Thu Jun 15 16:00:10.019807 2023] [:error] [pid 351] [client 104.28.54.66:46324] PHP Warning:  require(./php/config.php): failed to open stream: No such file or directory in /srv/www/kilicit/web/account/login.php on line 4
[Thu Jun 15 16:00:10.019847 2023] [:error] [pid 351] [client 104.28.54.66:46324] PHP Fatal error:  require(): Failed opening required './php/config.php' (include_path='.:/usr/share/php') in /srv/www/kilicit/web/account/login.php on line 4
[Thu Jun 15 16:00:12.621809 2023] [:error] [pid 1848] [client 104.28.54.66:46449] PHP Warning:  require(./php/config.php): failed to open stream: No such file or directory in /srv/www/kilicit/web/account/login.php on line 4
[Thu Jun 15 16:00:12.621862 2023] [:error] [pid 1848] [client 104.28.54.66:46449] PHP Fatal error:  require(): Failed opening required './php/config.php' (include_path='.:/usr/share/php') in /srv/www/kilicit/web/account/login.php on line 4
[Thu Jun 15 16:00:14.531598 2023] [:error] [pid 361] [client 104.28.54.66:46306] PHP Warning:  require(./php/config.php): failed to open stream: No such file or directory in /srv/www/kilicit/web/account/login.php on line 4
[Thu Jun 15 16:00:14.531628 2023] [:error] [pid 361] [client 104.28.54.66:46306] PHP Fatal error:  require(): Failed opening required './php/config.php' (include_path='.:/usr/share/php') in /srv/www/kilicit/web/account/login.php on line 4
[Thu Jun 15 16:31:04.938424 2023] [authz_core:error] [pid 352] [client 104.28.30.56:33833] AH01630: client denied by server configuration: /srv/www/kilicit/web/nala/.php
[Thu Jun 15 17:38:02.419829 2023] [:error] [pid 349] [client 72.167.56.14:41772] script '/srv/www/kilicit/xmlrpc.php' not found or unable to stat
[Thu Jun 15 17:38:02.494497 2023] [:error] [pid 354] [client 89.208.149.29:37402] script '/srv/www/kilicit/xmlrpc.php' not found or unable to stat
[Thu Jun 15 17:38:07.817970 2023] [:error] [pid 358] [client 52.182.222.60:3776] script '/srv/www/kilicit/xmlrpc.php' not found or unable to stat
[Thu Jun 15 17:38:08.090306 2023] [:error] [pid 1848] [client 196.189.44.24:50958] script '/srv/www/kilicit/xmlrpc.php' not found or unable to stat
[Thu Jun 15 17:38:11.598149 2023] [:error] [pid 360] [client 172.104.31.181:60426] script '/srv/www/kilicit/xmlrpc.php' not found or unable to stat
[Thu Jun 15 17:38:13.848368 2023] [:error] [pid 349] [client 65.20.67.112:37076] script '/srv/www/kilicit/xmlrpc.php' not found or unable to stat
[Thu Jun 15 17:38:16.857994 2023] [:error] [pid 352] [client 103.8.12.45:42090] script '/srv/www/kilicit/xmlrpc.php' not found or unable to stat
[Thu Jun 15 17:38:19.445890 2023] [:error] [pid 358] [client 142.93.203.156:49098] script '/srv/www/kilicit/xmlrpc.php' not found or unable to stat
[Thu Jun 15 17:38:23.712013 2023] [:error] [pid 361] [client 192.34.55.215:58044] script '/srv/www/kilicit/xmlrpc.php' not found or unable to stat
[Thu Jun 15 17:38:28.634843 2023] [:error] [pid 360] [client 23.102.162.188:39104] script '/srv/www/kilicit/xmlrpc.php' not found or unable to stat
[Thu Jun 15 17:38:29.552797 2023] [:error] [pid 349] [client 173.201.180.168:35645] script '/srv/www/kilicit/xmlrpc.php' not found or unable to stat
[Thu Jun 15 17:38:37.461100 2023] [:error] [pid 352] [client 103.255.237.2:56164] script '/srv/www/kilicit/xmlrpc.php' not found or unable to stat
[Thu Jun 15 17:38:40.673036 2023] [:error] [pid 358] [client 161.35.227.188:52290] script '/srv/www/kilicit/xmlrpc.php' not found or unable to stat
[Thu Jun 15 17:38:46.889226 2023] [:error] [pid 361] [client 103.106.116.37:55138] script '/srv/www/kilicit/xmlrpc.php' not found or unable to stat
[Thu Jun 15 18:59:35.177740 2023] [:error] [pid 352] [client 83.97.73.89:41514] script '/srv/www/kilicit/geoserver.php' not found or unable to stat
[Thu Jun 15 19:42:35.030124 2023] [:error] [pid 352] [client 65.20.67.112:42098] script '/srv/www/kilicit/xmlrpc.php' not found or unable to stat
[Thu Jun 15 19:42:35.182624 2023] [:error] [pid 358] [client 89.208.149.29:41998] script '/srv/www/kilicit/xmlrpc.php' not found or unable to stat
[Thu Jun 15 19:42:39.058746 2023] [:error] [pid 361] [client 94.102.1.206:56520] script '/srv/www/kilicit/xmlrpc.php' not found or unable to stat
[Thu Jun 15 19:42:40.616957 2023] [:error] [pid 360] [client 94.158.246.181:44388] script '/srv/www/kilicit/xmlrpc.php' not found or unable to stat
[Thu Jun 15 19:42:43.703335 2023] [:error] [pid 349] [client 162.0.235.223:40290] script '/srv/www/kilicit/xmlrpc.php' not found or unable to stat
[Thu Jun 15 19:42:47.135533 2023] [:error] [pid 351] [client 66.29.146.73:56900] script '/srv/www/kilicit/xmlrpc.php' not found or unable to stat
[Thu Jun 15 19:42:51.859051 2023] [:error] [pid 358] [client 173.201.180.168:15298] script '/srv/www/kilicit/xmlrpc.php' not found or unable to stat
[Thu Jun 15 19:42:55.575718 2023] [:error] [pid 361] [client 151.80.88.201:41776] script '/srv/www/kilicit/xmlrpc.php' not found or unable to stat
[Thu Jun 15 19:42:58.244294 2023] [:error] [pid 360] [client 37.46.135.126:42738] script '/srv/www/kilicit/xmlrpc.php' not found or unable to stat
[Thu Jun 15 19:42:59.960494 2023] [:error] [pid 349] [client 162.0.209.211:34374] script '/srv/www/kilicit/xmlrpc.php' not found or unable to stat
[Thu Jun 15 19:43:01.763800 2023] [:error] [pid 351] [client 37.46.135.126:43348] script '/srv/www/kilicit/xmlrpc.php' not found or unable to stat
[Thu Jun 15 19:43:02.996294 2023] [:error] [pid 358] [client 164.68.100.166:43748] script '/srv/www/kilicit/xmlrpc.php' not found or unable to stat
[Thu Jun 15 19:43:07.065966 2023] [:error] [pid 361] [client 203.20.113.125:45572] script '/srv/www/kilicit/xmlrpc.php' not found or unable to stat
[Thu Jun 15 19:43:07.640520 2023] [:error] [pid 360] [client 43.154.17.104:52188] script '/srv/www/kilicit/xmlrpc.php' not found or unable to stat
[Thu Jun 15 19:43:08.896597 2023] [:error] [pid 349] [client 34.95.136.51:56018] script '/srv/www/kilicit/xmlrpc.php' not found or unable to stat
[Thu Jun 15 21:20:11.786216 2023] [:error] [pid 352] [client 95.223.106.227:40391] PHP Warning:  require(./php/config.php): failed to open stream: No such file or directory in /srv/www/kilicit/web/account/login.php on line 4, referer: https://kilic.it/web/index
[Thu Jun 15 21:20:11.786587 2023] [:error] [pid 352] [client 95.223.106.227:40391] PHP Fatal error:  require(): Failed opening required './php/config.php' (include_path='.:/usr/share/php') in /srv/www/kilicit/web/account/login.php on line 4, referer: https://kilic.it/web/index
[Thu Jun 15 21:24:34.966970 2023] [:error] [pid 354] [client 95.223.106.227:40442] script '/srv/www/kilicit/web/login.php' not found or unable to stat, referer: https://kilic.it/web/impressum
[Thu Jun 15 21:26:56.921431 2023] [:error] [pid 1847] [client 95.223.106.227:36008] script '/srv/www/kilicit/web/account/index.php' not found or unable to stat, referer: https://kilic.it/web/account/login
[Thu Jun 15 22:02:21.216429 2023] [core:error] [pid 1846] [client 193.32.162.190:55698] AH00126: Invalid URI in request GET /../../mnt/mtd/Config/Account1 HTTP/1.1
[Thu Jun 15 22:24:20.865514 2023] [:error] [pid 360] [client 95.223.106.227:40400] script '/srv/www/kilicit/web/account/registration.php' not found or unable to stat, referer: https://kilic.it/web/account/register
[Thu Jun 15 22:30:43.559036 2023] [:error] [pid 1848] [client 95.223.106.227:33860] PHP Notice:  Undefined variable: email in /srv/www/kilicit/web/account/register.php on line 14, referer: https://kilic.it/web/account/register
[Thu Jun 15 22:30:43.623806 2023] [:error] [pid 1848] [client 95.223.106.227:33860] PHP Notice:  Undefined variable: email in /srv/www/kilicit/web/account/register.php on line 21, referer: https://kilic.it/web/account/register
[Thu Jun 15 22:32:45.258402 2023] [:error] [pid 349] [client 95.223.106.227:58700] PHP Notice:  Undefined variable: email in /srv/www/kilicit/web/account/register.php on line 14, referer: https://kilic.it/web/account/register
[Thu Jun 15 22:33:08.107652 2023] [:error] [pid 1847] [client 95.223.106.227:40405] PHP Notice:  Trying to get property of non-object in /srv/www/kilicit/web/account/login.php on line 16, referer: https://kilic.it/web/account/login
[Thu Jun 15 22:33:29.995225 2023] [:error] [pid 360] [client 95.223.106.227:53429] PHP Notice:  Undefined variable: email in /srv/www/kilicit/web/account/register.php on line 14, referer: https://kilic.it/web/account/register
[Thu Jun 15 22:33:30.057396 2023] [:error] [pid 360] [client 95.223.106.227:53429] PHP Notice:  Undefined variable: email in /srv/www/kilicit/web/account/register.php on line 21, referer: https://kilic.it/web/account/register
[Thu Jun 15 22:34:06.315460 2023] [:error] [pid 1848] [client 95.223.106.227:33895] PHP Notice:  Undefined variable: email in /srv/www/kilicit/web/account/register.php on line 14, referer: https://kilic.it/web/account/register
[Thu Jun 15 22:34:21.219572 2023] [:error] [pid 1846] [client 95.223.106.227:40389] PHP Notice:  Trying to get property of non-object in /srv/www/kilicit/web/account/login.php on line 16, referer: https://kilic.it/web/account/login
[Thu Jun 15 22:34:37.906934 2023] [:error] [pid 349] [client 95.223.106.227:40440] PHP Notice:  Trying to get property of non-object in /srv/www/kilicit/web/account/login.php on line 16, referer: https://kilic.it/web/account/login
[Thu Jun 15 22:36:10.920199 2023] [:error] [pid 351] [client 95.223.106.227:14622] PHP Notice:  Trying to get property of non-object in /srv/www/kilicit/web/account/login.php on line 16, referer: https://kilic.it/web/account/login
[Thu Jun 15 22:36:32.618442 2023] [:error] [pid 358] [client 142.93.146.198:41650] script '/srv/www/kilicit/IISStart.php' not found or unable to stat
[Thu Jun 15 22:36:43.854693 2023] [:error] [pid 361] [client 95.223.106.227:53416] PHP Notice:  Trying to get property of non-object in /srv/www/kilicit/web/account/login.php on line 16, referer: https://kilic.it/web/account/login
[Thu Jun 15 22:37:06.946808 2023] [:error] [pid 1847] [client 95.223.106.227:40412] PHP Notice:  A session had already been started - ignoring session_start() in /srv/www/kilicit/web/account/login.php on line 20, referer: https://kilic.it/web/account/login
[Thu Jun 15 22:37:06.946857 2023] [:error] [pid 1847] [client 95.223.106.227:40412] PHP Notice:  Undefined index: mail in /srv/www/kilicit/web/account/login.php on line 24, referer: https://kilic.it/web/account/login
[Thu Jun 15 22:42:41.144182 2023] [:error] [pid 349] [client 95.223.106.227:53389] PHP Notice:  A session had already been started - ignoring session_start() in /srv/www/kilicit/web/account/login.php on line 20, referer: https://kilic.it/web/account/login
[Thu Jun 15 22:42:41.144223 2023] [:error] [pid 349] [client 95.223.106.227:53389] PHP Notice:  Undefined index: mail in /srv/www/kilicit/web/account/login.php on line 24, referer: https://kilic.it/web/account/login
[Thu Jun 15 22:43:09.868301 2023] [:error] [pid 354] [client 95.223.106.227:14626] PHP Notice:  A session had already been started - ignoring session_start() in /srv/www/kilicit/web/account/login.php on line 20, referer: https://kilic.it/web/account/login
[Thu Jun 15 22:43:09.868329 2023] [:error] [pid 354] [client 95.223.106.227:14626] PHP Notice:  Undefined index: mail in /srv/www/kilicit/web/account/login.php on line 24, referer: https://kilic.it/web/account/login
[Thu Jun 15 22:45:40.666862 2023] [:error] [pid 1848] [client 95.223.106.227:56033] PHP Notice:  A session had already been started - ignoring session_start() in /srv/www/kilicit/web/account/login.php on line 24, referer: https://kilic.it/web/account/login
[Thu Jun 15 22:45:40.666904 2023] [:error] [pid 1848] [client 95.223.106.227:56033] PHP Notice:  Undefined index: mail in /srv/www/kilicit/web/account/login.php on line 28, referer: https://kilic.it/web/account/login
[Thu Jun 15 22:46:46.064370 2023] [:error] [pid 352] [client 62.171.133.125:48746] script '/srv/www/kilicit/xmlrpc.php' not found or unable to stat
[Thu Jun 15 22:46:47.322448 2023] [:error] [pid 358] [client 151.80.88.201:34162] script '/srv/www/kilicit/xmlrpc.php' not found or unable to stat
[Thu Jun 15 22:46:48.729037 2023] [:error] [pid 361] [client 119.29.156.110:44614] script '/srv/www/kilicit/xmlrpc.php' not found or unable to stat
[Thu Jun 15 22:46:49.395752 2023] [:error] [pid 354] [client 95.223.106.227:56036] PHP Notice:  A session had already been started - ignoring session_start() in /srv/www/kilicit/web/account/login.php on line 24, referer: https://kilic.it/web/account/login
[Thu Jun 15 22:46:49.395787 2023] [:error] [pid 354] [client 95.223.106.227:56036] PHP Notice:  Undefined index: mail in /srv/www/kilicit/web/account/login.php on line 28, referer: https://kilic.it/web/account/login
[Thu Jun 15 22:46:52.026314 2023] [:error] [pid 352] [client 47.99.167.241:50818] script '/srv/www/kilicit/xmlrpc.php' not found or unable to stat
[Thu Jun 15 22:46:55.687570 2023] [:error] [pid 358] [client 94.102.1.206:58876] script '/srv/www/kilicit/xmlrpc.php' not found or unable to stat
[Thu Jun 15 22:46:57.624511 2023] [:error] [pid 1846] [client 203.20.113.125:34528] script '/srv/www/kilicit/xmlrpc.php' not found or unable to stat
[Thu Jun 15 22:46:57.937177 2023] [:error] [pid 361] [client 80.82.77.2:60434] script '/srv/www/kilicit/xmlrpc.php' not found or unable to stat
[Thu Jun 15 22:47:03.294062 2023] [:error] [pid 358] [client 52.182.222.60:3776] script '/srv/www/kilicit/xmlrpc.php' not found or unable to stat
[Thu Jun 15 22:47:03.610665 2023] [:error] [pid 1848] [client 34.95.136.51:38136] script '/srv/www/kilicit/xmlrpc.php' not found or unable to stat
[Thu Jun 15 22:47:04.949208 2023] [:error] [pid 1847] [client 80.82.77.2:36530] script '/srv/www/kilicit/xmlrpc.php' not found or unable to stat
[Thu Jun 15 22:47:07.380225 2023] [:error] [pid 354] [client 149.28.31.254:47346] script '/srv/www/kilicit/xmlrpc.php' not found or unable to stat
[Thu Jun 15 22:47:11.987925 2023] [:error] [pid 351] [client 194.22.17.211:51534] script '/srv/www/kilicit/xmlrpc.php' not found or unable to stat
[Thu Jun 15 22:47:23.903895 2023] [:error] [pid 1848] [client 173.201.180.168:59221] script '/srv/www/kilicit/xmlrpc.php' not found or unable to stat
[Thu Jun 15 22:47:32.462956 2023] [:error] [pid 1847] [client 156.230.245.74:58725] script '/srv/www/kilicit/xmlrpc.php' not found or unable to stat
[Thu Jun 15 22:48:00.671815 2023] [:error] [pid 354] [client 95.223.106.227:58700] PHP Notice:  A session had already been started - ignoring session_start() in /srv/www/kilicit/web/account/login.php on line 24, referer: https://kilic.it/web/account/login
[Thu Jun 15 22:48:00.671857 2023] [:error] [pid 354] [client 95.223.106.227:58700] PHP Notice:  Undefined index: mail in /srv/www/kilicit/web/account/login.php on line 28, referer: https://kilic.it/web/account/login
[Thu Jun 15 22:48:09.160530 2023] [:error] [pid 349] [client 95.223.106.227:40394] script '/srv/www/kilicit/web/backend/logout.php' not found or unable to stat, referer: https://kilic.it/web/backend/index
[Thu Jun 15 22:48:30.315859 2023] [:error] [pid 351] [client 95.223.106.227:40406] PHP Warning:  require(../php/config.php): failed to open stream: No such file or directory in /srv/www/kilicit/web/index.php on line 3, referer: https://kilic.it/web/account/logout
[Thu Jun 15 22:48:30.315894 2023] [:error] [pid 351] [client 95.223.106.227:40406] PHP Fatal error:  require(): Failed opening required '../php/config.php' (include_path='.:/usr/share/php') in /srv/www/kilicit/web/index.php on line 3, referer: https://kilic.it/web/account/logout
[Thu Jun 15 22:48:52.869346 2023] [:error] [pid 1848] [client 95.223.106.227:40424] PHP Warning:  require(../php/config.php): failed to open stream: No such file or directory in /srv/www/kilicit/web/index.php on line 3, referer: https://kilic.it/web/account/logout
[Thu Jun 15 22:48:52.869382 2023] [:error] [pid 1848] [client 95.223.106.227:40424] PHP Fatal error:  require(): Failed opening required '../php/config.php' (include_path='.:/usr/share/php') in /srv/www/kilicit/web/index.php on line 3, referer: https://kilic.it/web/account/logout
[Thu Jun 15 22:48:59.740506 2023] [:error] [pid 1846] [client 95.223.106.227:40425] PHP Warning:  require(../php/config.php): failed to open stream: No such file or directory in /srv/www/kilicit/web/index.php on line 3
[Thu Jun 15 22:48:59.740546 2023] [:error] [pid 1846] [client 95.223.106.227:40425] PHP Fatal error:  require(): Failed opening required '../php/config.php' (include_path='.:/usr/share/php') in /srv/www/kilicit/web/index.php on line 3
[Thu Jun 15 22:49:03.382414 2023] [:error] [pid 1847] [client 95.223.106.227:40429] PHP Warning:  require(../php/config.php): failed to open stream: No such file or directory in /srv/www/kilicit/web/index.php on line 3
[Thu Jun 15 22:49:03.382458 2023] [:error] [pid 1847] [client 95.223.106.227:40429] PHP Fatal error:  require(): Failed opening required '../php/config.php' (include_path='.:/usr/share/php') in /srv/www/kilicit/web/index.php on line 3
[Thu Jun 15 22:49:29.149692 2023] [:error] [pid 354] [client 95.223.106.227:56029] PHP Notice:  A session had already been started - ignoring session_start() in /srv/www/kilicit/web/account/login.php on line 24, referer: https://kilic.it/web/account/login
[Thu Jun 15 22:49:29.149737 2023] [:error] [pid 354] [client 95.223.106.227:56029] PHP Notice:  Undefined index: mail in /srv/www/kilicit/web/account/login.php on line 28, referer: https://kilic.it/web/account/login
[Thu Jun 15 22:50:52.452867 2023] [:error] [pid 360] [client 95.223.106.227:53421] PHP Notice:  A session had already been started - ignoring session_start() in /srv/www/kilicit/web/account/login.php on line 24, referer: https://kilic.it/web/account/login
[Thu Jun 15 22:50:52.452911 2023] [:error] [pid 360] [client 95.223.106.227:53421] PHP Notice:  Undefined index: mail in /srv/www/kilicit/web/account/login.php on line 28, referer: https://kilic.it/web/account/login
[Thu Jun 15 22:51:48.361048 2023] [:error] [pid 1846] [client 95.223.106.227:53434] PHP Notice:  A session had already been started - ignoring session_start() in /srv/www/kilicit/web/account/login.php on line 24, referer: https://kilic.it/web/account/login
[Thu Jun 15 22:51:48.361086 2023] [:error] [pid 1846] [client 95.223.106.227:53434] PHP Notice:  Undefined index: mail in /srv/www/kilicit/web/account/login.php on line 28, referer: https://kilic.it/web/account/login
[Thu Jun 15 22:53:15.531006 2023] [:error] [pid 351] [client 95.223.106.227:18378] PHP Notice:  A session had already been started - ignoring session_start() in /srv/www/kilicit/web/account/login.php on line 24, referer: https://kilic.it/web/account/login
[Thu Jun 15 22:53:15.531043 2023] [:error] [pid 351] [client 95.223.106.227:18378] PHP Notice:  Undefined index: mail in /srv/www/kilicit/web/account/login.php on line 28, referer: https://kilic.it/web/account/login
[Thu Jun 15 22:53:24.771330 2023] [:error] [pid 351] [client 95.223.106.227:18378] PHP Warning:  require(../php/config.php): failed to open stream: No such file or directory in /srv/www/kilicit/web/impressum.php on line 3, referer: https://kilic.it/web/index
[Thu Jun 15 22:53:24.771363 2023] [:error] [pid 351] [client 95.223.106.227:18378] PHP Fatal error:  require(): Failed opening required '../php/config.php' (include_path='.:/usr/share/php') in /srv/www/kilicit/web/impressum.php on line 3, referer: https://kilic.it/web/index
[Thu Jun 15 22:53:28.956250 2023] [:error] [pid 1848] [client 95.223.106.227:18427] PHP Warning:  require(../php/config.php): failed to open stream: No such file or directory in /srv/www/kilicit/web/contact.php on line 3, referer: https://kilic.it/web/index
[Thu Jun 15 22:53:28.956279 2023] [:error] [pid 1848] [client 95.223.106.227:18427] PHP Fatal error:  require(): Failed opening required '../php/config.php' (include_path='.:/usr/share/php') in /srv/www/kilicit/web/contact.php on line 3, referer: https://kilic.it/web/index
[Thu Jun 15 22:53:32.187914 2023] [:error] [pid 1846] [client 95.223.106.227:18387] PHP Warning:  require(../php/config.php): failed to open stream: No such file or directory in /srv/www/kilicit/web/contact.php on line 3, referer: https://kilic.it/web/index
[Thu Jun 15 22:53:32.187946 2023] [:error] [pid 1846] [client 95.223.106.227:18387] PHP Fatal error:  require(): Failed opening required '../php/config.php' (include_path='.:/usr/share/php') in /srv/www/kilicit/web/contact.php on line 3, referer: https://kilic.it/web/index
[Thu Jun 15 22:54:19.692856 2023] [:error] [pid 354] [client 95.223.106.227:18372] PHP Notice:  A session had already been started - ignoring session_start() in /srv/www/kilicit/web/account/login.php on line 24, referer: https://kilic.it/web/account/login
[Thu Jun 15 22:54:19.692897 2023] [:error] [pid 354] [client 95.223.106.227:18372] PHP Notice:  Undefined index: mail in /srv/www/kilicit/web/account/login.php on line 28, referer: https://kilic.it/web/account/login
[Thu Jun 15 22:55:07.770605 2023] [:error] [pid 351] [client 95.223.106.227:18380] PHP Notice:  A session had already been started - ignoring session_start() in /srv/www/kilicit/web/account/login.php on line 24, referer: https://kilic.it/web/account/login
[Thu Jun 15 22:55:07.770642 2023] [:error] [pid 351] [client 95.223.106.227:18380] PHP Notice:  Undefined index: mail in /srv/www/kilicit/web/account/login.php on line 28, referer: https://kilic.it/web/account/login
[Thu Jun 15 22:58:50.923489 2023] [core:error] [pid 361] [client 193.32.162.190:36932] AH00126: Invalid URI in request GET /../../mnt/mtd/Config/Account2 HTTP/1.1
[Fri Jun 16 00:24:02.310309 2023] [:error] [pid 1846] [client 50.31.21.8:59810] script '/srv/www/kilicit/nmaplowercheck1686875041.php' not found or unable to stat
[Fri Jun 16 00:24:03.516710 2023] [:error] [pid 349] [client 50.31.21.8:59826] script '/srv/www/kilicit/sdk.php' not found or unable to stat
[Fri Jun 16 00:24:07.222387 2023] [:error] [pid 358] [client 50.31.21.8:33196] script '/srv/www/kilicit/HNAP1.php' not found or unable to stat
[Fri Jun 16 00:35:10.993625 2023] [:error] [pid 358] [client 65.20.67.112:54440] script '/srv/www/kilicit/xmlrpc.php' not found or unable to stat
[Fri Jun 16 00:35:12.191634 2023] [:error] [pid 360] [client 107.150.103.81:57664] script '/srv/www/kilicit/xmlrpc.php' not found or unable to stat
[Fri Jun 16 00:35:14.337699 2023] [:error] [pid 351] [client 68.183.67.85:45694] script '/srv/www/kilicit/xmlrpc.php' not found or unable to stat
[Fri Jun 16 00:35:16.519356 2023] [:error] [pid 1847] [client 51.210.156.16:41886] script '/srv/www/kilicit/xmlrpc.php' not found or unable to stat
[Fri Jun 16 00:35:20.435702 2023] [:error] [pid 352] [client 80.82.77.2:60826] script '/srv/www/kilicit/xmlrpc.php' not found or unable to stat
[Fri Jun 16 00:35:24.742584 2023] [:error] [pid 358] [client 103.148.156.48:49976] script '/srv/www/kilicit/xmlrpc.php' not found or unable to stat
[Fri Jun 16 00:35:28.474647 2023] [:error] [pid 360] [client 43.136.118.190:42810] script '/srv/www/kilicit/xmlrpc.php' not found or unable to stat
[Fri Jun 16 00:35:30.040825 2023] [:error] [pid 351] [client 103.148.156.48:50650] script '/srv/www/kilicit/xmlrpc.php' not found or unable to stat
[Fri Jun 16 00:35:33.911620 2023] [:error] [pid 1847] [client 185.2.4.114:53973] script '/srv/www/kilicit/xmlrpc.php' not found or unable to stat
[Fri Jun 16 00:35:39.355714 2023] [:error] [pid 361] [client 51.68.152.21:60276] script '/srv/www/kilicit/xmlrpc.php' not found or unable to stat
[Fri Jun 16 00:35:41.372588 2023] [:error] [pid 360] [client 199.85.208.215:36630] script '/srv/www/kilicit/xmlrpc.php' not found or unable to stat
[Fri Jun 16 00:35:41.469579 2023] [:error] [pid 1848] [client 107.150.103.81:37606] script '/srv/www/kilicit/xmlrpc.php' not found or unable to stat
[Fri Jun 16 00:35:45.372296 2023] [:error] [pid 1846] [client 184.168.99.50:63510] script '/srv/www/kilicit/xmlrpc.php' not found or unable to stat
[Fri Jun 16 00:35:56.830588 2023] [:error] [pid 352] [client 37.46.135.126:59964] script '/srv/www/kilicit/xmlrpc.php' not found or unable to stat
[Fri Jun 16 00:35:57.169063 2023] [:error] [pid 358] [client 207.180.239.33:46070] script '/srv/www/kilicit/xmlrpc.php' not found or unable to stat
[Fri Jun 16 00:35:57.428866 2023] [:error] [pid 360] [client 34.248.155.140:19503] script '/srv/www/kilicit/xmlrpc.php' not found or unable to stat
[Fri Jun 16 03:03:29.046249 2023] [core:error] [pid 352] [client 185.180.143.140:40624] AH00126: Invalid URI in request HEAD /icons/.%2e/%2e%2e/apache2/icons/sphere1.png HTTP/1.1
[Fri Jun 16 03:47:28.928683 2023] [:error] [pid 349] [client 80.82.77.2:42610] script '/srv/www/kilicit/xmlrpc.php' not found or unable to stat
[Fri Jun 16 03:47:37.860293 2023] [:error] [pid 1846] [client 50.116.25.191:47694] script '/srv/www/kilicit/xmlrpc.php' not found or unable to stat
[Fri Jun 16 03:47:40.248775 2023] [:error] [pid 358] [client 137.184.177.66:33822] script '/srv/www/kilicit/xmlrpc.php' not found or unable to stat
[Fri Jun 16 03:47:41.387680 2023] [:error] [pid 360] [client 51.79.176.106:53612] script '/srv/www/kilicit/xmlrpc.php' not found or unable to stat
[Fri Jun 16 03:47:44.904175 2023] [:error] [pid 351] [client 64.227.108.223:60136] script '/srv/www/kilicit/xmlrpc.php' not found or unable to stat
[Fri Jun 16 03:47:47.878256 2023] [:error] [pid 349] [client 64.227.2.123:47900] script '/srv/www/kilicit/xmlrpc.php' not found or unable to stat
[Fri Jun 16 03:47:48.568234 2023] [:error] [pid 1846] [client 150.158.77.170:33562] script '/srv/www/kilicit/xmlrpc.php' not found or unable to stat
[Fri Jun 16 03:47:49.863691 2023] [:error] [pid 358] [client 156.230.169.138:63907] script '/srv/www/kilicit/xmlrpc.php' not found or unable to stat
[Fri Jun 16 03:47:53.099977 2023] [:error] [pid 360] [client 151.80.88.201:44446] script '/srv/www/kilicit/xmlrpc.php' not found or unable to stat
[Fri Jun 16 03:47:55.943690 2023] [:error] [pid 351] [client 198.54.114.123:49840] script '/srv/www/kilicit/xmlrpc.php' not found or unable to stat
[Fri Jun 16 03:48:00.095962 2023] [:error] [pid 352] [client 194.22.17.211:52548] script '/srv/www/kilicit/xmlrpc.php' not found or unable to stat
[Fri Jun 16 03:48:05.216793 2023] [:error] [pid 1846] [client 103.148.156.48:52846] script '/srv/www/kilicit/xmlrpc.php' not found or unable to stat
[Fri Jun 16 03:48:10.224919 2023] [:error] [pid 358] [client 203.20.113.125:35904] script '/srv/www/kilicit/xmlrpc.php' not found or unable to stat
[Fri Jun 16 05:10:59.655945 2023] [:error] [pid 349] [client 138.197.152.201:51996] script '/srv/www/kilicit/aaa9.php' not found or unable to stat
[Fri Jun 16 05:11:14.143747 2023] [:error] [pid 361] [client 138.197.152.201:34738] script '/srv/www/kilicit/aab8.php' not found or unable to stat
[Fri Jun 16 05:36:54.547380 2023] [:error] [pid 354] [client 77.111.127.173:54558] script '/srv/www/kilicit/xmlrpc.php' not found or unable to stat
[Fri Jun 16 05:36:54.686322 2023] [:error] [pid 361] [client 34.95.136.51:40654] script '/srv/www/kilicit/xmlrpc.php' not found or unable to stat
[Fri Jun 16 05:36:55.870433 2023] [:error] [pid 1848] [client 199.85.208.215:41838] script '/srv/www/kilicit/xmlrpc.php' not found or unable to stat
[Fri Jun 16 05:36:57.169825 2023] [:error] [pid 1847] [client 65.20.67.112:40424] script '/srv/www/kilicit/xmlrpc.php' not found or unable to stat
[Fri Jun 16 05:37:00.625839 2023] [:error] [pid 349] [client 68.178.166.228:49770] script '/srv/www/kilicit/xmlrpc.php' not found or unable to stat
[Fri Jun 16 05:37:04.393914 2023] [:error] [pid 358] [client 37.46.135.126:53270] script '/srv/www/kilicit/xmlrpc.php' not found or unable to stat
[Fri Jun 16 05:37:06.980661 2023] [:error] [pid 361] [client 104.131.97.141:40546] script '/srv/www/kilicit/xmlrpc.php' not found or unable to stat
[Fri Jun 16 05:37:14.154593 2023] [:error] [pid 1848] [client 149.28.31.254:48110] script '/srv/www/kilicit/xmlrpc.php' not found or unable to stat
[Fri Jun 16 05:37:19.059740 2023] [:error] [pid 1847] [client 199.85.208.215:45256] script '/srv/www/kilicit/xmlrpc.php' not found or unable to stat
[Fri Jun 16 05:37:22.072603 2023] [:error] [pid 349] [client 142.44.211.18:36630] script '/srv/www/kilicit/xmlrpc.php' not found or unable to stat
[Fri Jun 16 05:37:25.235881 2023] [:error] [pid 358] [client 34.95.136.51:46078] script '/srv/www/kilicit/xmlrpc.php' not found or unable to stat
[Fri Jun 16 05:37:28.781769 2023] [:error] [pid 361] [client 80.82.77.2:43118] script '/srv/www/kilicit/xmlrpc.php' not found or unable to stat
[Fri Jun 16 05:37:34.130574 2023] [:error] [pid 1848] [client 104.149.131.129:46198] script '/srv/www/kilicit/xmlrpc.php' not found or unable to stat
[Fri Jun 16 06:24:08.143472 2023] [:error] [pid 1848] [client 142.93.115.5:38534] script '/srv/www/kilicit/aaa9.php' not found or unable to stat
[Fri Jun 16 06:24:19.744858 2023] [:error] [pid 1847] [client 142.93.115.5:38232] script '/srv/www/kilicit/aab8.php' not found or unable to stat
[Fri Jun 16 07:23:06.336449 2023] [core:error] [pid 2809] [client 83.97.73.89:36004] AH00126: Invalid URI in request POST /cgi-bin/.%2e/.%2e/.%2e/.%2e/bin/sh HTTP/1.1
[Fri Jun 16 07:35:23.354150 2023] [:error] [pid 2809] [client 46.114.193.47:44980] PHP Fatal error:  Uncaught Error: Call to undefined function checkMaintenanceStatus() in /srv/www/kilicit/web/index.php:5\nStack trace:\n#0 {main}\n  thrown in /srv/www/kilicit/web/index.php on line 5
[Fri Jun 16 07:35:36.134630 2023] [:error] [pid 2805] [client 46.114.193.47:53751] PHP Fatal error:  Uncaught Error: Call to undefined function checkMaintenanceStatus() in /srv/www/kilicit/web/index.php:5\nStack trace:\n#0 {main}\n  thrown in /srv/www/kilicit/web/index.php on line 5
[Fri Jun 16 07:35:40.380765 2023] [:error] [pid 6109] [client 46.114.193.47:60397] PHP Fatal error:  Uncaught Error: Call to undefined function checkMaintenanceStatus() in /srv/www/kilicit/web/index.php:5\nStack trace:\n#0 {main}\n  thrown in /srv/www/kilicit/web/index.php on line 5
[Fri Jun 16 07:35:46.846422 2023] [:error] [pid 2809] [client 46.114.193.47:41951] PHP Fatal error:  Uncaught Error: Call to undefined function checkMaintenanceStatus() in /srv/www/kilicit/web/index.php:5\nStack trace:\n#0 {main}\n  thrown in /srv/www/kilicit/web/index.php on line 5, referer: https://kilic.it/web/contact
[Fri Jun 16 07:36:00.081694 2023] [:error] [pid 2808] [client 46.114.193.47:60119] PHP Fatal error:  Uncaught Error: Call to undefined function checkMaintenanceStatus() in /srv/www/kilicit/web/index.php:5\nStack trace:\n#0 {main}\n  thrown in /srv/www/kilicit/web/index.php on line 5, referer: https://kilic.it/web/contact
[Fri Jun 16 07:36:01.044410 2023] [:error] [pid 2805] [client 46.114.193.47:38529] PHP Fatal error:  Uncaught Error: Call to undefined function checkMaintenanceStatus() in /srv/www/kilicit/web/index.php:5\nStack trace:\n#0 {main}\n  thrown in /srv/www/kilicit/web/index.php on line 5, referer: https://kilic.it/web/contact
[Fri Jun 16 07:36:03.085483 2023] [:error] [pid 2938] [client 46.114.193.47:33162] PHP Fatal error:  Uncaught Error: Call to undefined function checkMaintenanceStatus() in /srv/www/kilicit/web/index.php:5\nStack trace:\n#0 {main}\n  thrown in /srv/www/kilicit/web/index.php on line 5
[Fri Jun 16 07:36:33.863714 2023] [:error] [pid 2805] [client 46.114.193.47:33772] PHP Notice:  Undefined variable: conn in /srv/www/kilicit/web/php/config.php on line 18
[Fri Jun 16 07:36:33.863777 2023] [:error] [pid 2805] [client 46.114.193.47:33772] PHP Fatal error:  Uncaught Error: Call to a member function query() on null in /srv/www/kilicit/web/php/config.php:18\nStack trace:\n#0 /srv/www/kilicit/web/index.php(5): getMaintenanceStatus()\n#1 {main}\n  thrown in /srv/www/kilicit/web/php/config.php on line 18
[Fri Jun 16 07:36:34.767957 2023] [:error] [pid 2808] [client 46.114.193.47:38398] PHP Notice:  Undefined variable: conn in /srv/www/kilicit/web/php/config.php on line 18
[Fri Jun 16 07:36:34.768016 2023] [:error] [pid 2808] [client 46.114.193.47:38398] PHP Fatal error:  Uncaught Error: Call to a member function query() on null in /srv/www/kilicit/web/php/config.php:18\nStack trace:\n#0 /srv/www/kilicit/web/index.php(5): getMaintenanceStatus()\n#1 {main}\n  thrown in /srv/www/kilicit/web/php/config.php on line 18
[Fri Jun 16 07:36:35.430626 2023] [:error] [pid 2809] [client 46.114.193.47:43299] PHP Notice:  Undefined variable: conn in /srv/www/kilicit/web/php/config.php on line 18
[Fri Jun 16 07:36:35.430689 2023] [:error] [pid 2809] [client 46.114.193.47:43299] PHP Fatal error:  Uncaught Error: Call to a member function query() on null in /srv/www/kilicit/web/php/config.php:18\nStack trace:\n#0 /srv/www/kilicit/web/index.php(5): getMaintenanceStatus()\n#1 {main}\n  thrown in /srv/www/kilicit/web/php/config.php on line 18
[Fri Jun 16 07:36:35.879382 2023] [:error] [pid 2938] [client 46.114.193.47:53471] PHP Notice:  Undefined variable: conn in /srv/www/kilicit/web/php/config.php on line 18
[Fri Jun 16 07:36:35.879440 2023] [:error] [pid 2938] [client 46.114.193.47:53471] PHP Fatal error:  Uncaught Error: Call to a member function query() on null in /srv/www/kilicit/web/php/config.php:18\nStack trace:\n#0 /srv/www/kilicit/web/index.php(5): getMaintenanceStatus()\n#1 {main}\n  thrown in /srv/www/kilicit/web/php/config.php on line 18
[Fri Jun 16 07:40:42.671606 2023] [:error] [pid 2808] [client 169.150.196.91:52390] PHP Notice:  Undefined variable: conn in /srv/www/kilicit/web/php/config.php on line 18
[Fri Jun 16 07:40:42.671659 2023] [:error] [pid 2808] [client 169.150.196.91:52390] PHP Fatal error:  Uncaught Error: Call to a member function query() on null in /srv/www/kilicit/web/php/config.php:18\nStack trace:\n#0 /srv/www/kilicit/web/index.php(5): getMaintStat()\n#1 {main}\n  thrown in /srv/www/kilicit/web/php/config.php on line 18
[Fri Jun 16 07:40:45.142755 2023] [:error] [pid 2805] [client 169.150.196.91:51223] PHP Notice:  Undefined variable: conn in /srv/www/kilicit/web/php/config.php on line 18
[Fri Jun 16 07:40:45.142801 2023] [:error] [pid 2805] [client 169.150.196.91:51223] PHP Fatal error:  Uncaught Error: Call to a member function query() on null in /srv/www/kilicit/web/php/config.php:18\nStack trace:\n#0 /srv/www/kilicit/web/index.php(5): getMaintStat()\n#1 {main}\n  thrown in /srv/www/kilicit/web/php/config.php on line 18
[Fri Jun 16 07:40:55.453239 2023] [:error] [pid 2938] [client 169.150.196.91:55683] PHP Notice:  Undefined variable: conn in /srv/www/kilicit/web/php/config.php on line 18
[Fri Jun 16 07:40:55.453295 2023] [:error] [pid 2938] [client 169.150.196.91:55683] PHP Fatal error:  Uncaught Error: Call to a member function query() on null in /srv/www/kilicit/web/php/config.php:18\nStack trace:\n#0 /srv/www/kilicit/web/index.php(5): getMaintStat()\n#1 {main}\n  thrown in /srv/www/kilicit/web/php/config.php on line 18
[Fri Jun 16 07:40:56.748200 2023] [:error] [pid 2809] [client 169.150.196.91:7852] PHP Notice:  Undefined variable: conn in /srv/www/kilicit/web/php/config.php on line 18
[Fri Jun 16 07:40:56.748250 2023] [:error] [pid 2809] [client 169.150.196.91:7852] PHP Fatal error:  Uncaught Error: Call to a member function query() on null in /srv/www/kilicit/web/php/config.php:18\nStack trace:\n#0 /srv/www/kilicit/web/index.php(5): getMaintStat()\n#1 {main}\n  thrown in /srv/www/kilicit/web/php/config.php on line 18
[Fri Jun 16 07:40:57.437211 2023] [:error] [pid 2807] [client 169.150.196.91:63080] PHP Notice:  Undefined variable: conn in /srv/www/kilicit/web/php/config.php on line 18
[Fri Jun 16 07:40:57.437281 2023] [:error] [pid 2807] [client 169.150.196.91:63080] PHP Fatal error:  Uncaught Error: Call to a member function query() on null in /srv/www/kilicit/web/php/config.php:18\nStack trace:\n#0 /srv/www/kilicit/web/index.php(5): getMaintStat()\n#1 {main}\n  thrown in /srv/www/kilicit/web/php/config.php on line 18
[Fri Jun 16 07:40:59.892192 2023] [:error] [pid 6172] [client 169.150.196.91:19442] PHP Notice:  Undefined variable: conn in /srv/www/kilicit/web/php/config.php on line 18
[Fri Jun 16 07:40:59.892247 2023] [:error] [pid 6172] [client 169.150.196.91:19442] PHP Fatal error:  Uncaught Error: Call to a member function query() on null in /srv/www/kilicit/web/php/config.php:18\nStack trace:\n#0 /srv/www/kilicit/web/index.php(5): getMaintStat()\n#1 {main}\n  thrown in /srv/www/kilicit/web/php/config.php on line 18
[Fri Jun 16 07:41:29.731048 2023] [:error] [pid 2807] [client 169.150.196.91:45958] PHP Notice:  Undefined variable: conn in /srv/www/kilicit/web/php/config.php on line 18
[Fri Jun 16 07:41:29.731105 2023] [:error] [pid 2807] [client 169.150.196.91:45958] PHP Fatal error:  Uncaught Error: Call to a member function query() on null in /srv/www/kilicit/web/php/config.php:18\nStack trace:\n#0 /srv/www/kilicit/web/index.php(5): getMaintStat()\n#1 {main}\n  thrown in /srv/www/kilicit/web/php/config.php on line 18
[Fri Jun 16 07:43:42.049107 2023] [:error] [pid 2809] [client 169.150.196.91:32062] PHP Notice:  Undefined variable: conn in /srv/www/kilicit/web/php/config.php on line 18
[Fri Jun 16 07:43:42.049164 2023] [:error] [pid 2809] [client 169.150.196.91:32062] PHP Fatal error:  Uncaught Error: Call to a member function query() on null in /srv/www/kilicit/web/php/config.php:18\nStack trace:\n#0 /srv/www/kilicit/web/index.php(5): getMaintStat()\n#1 {main}\n  thrown in /srv/www/kilicit/web/php/config.php on line 18
[Fri Jun 16 07:43:43.433193 2023] [:error] [pid 2807] [client 169.150.196.91:46192] PHP Notice:  Undefined variable: conn in /srv/www/kilicit/web/php/config.php on line 18
[Fri Jun 16 07:43:43.433243 2023] [:error] [pid 2807] [client 169.150.196.91:46192] PHP Fatal error:  Uncaught Error: Call to a member function query() on null in /srv/www/kilicit/web/php/config.php:18\nStack trace:\n#0 /srv/www/kilicit/web/index.php(5): getMaintStat()\n#1 {main}\n  thrown in /srv/www/kilicit/web/php/config.php on line 18
[Fri Jun 16 07:43:44.192587 2023] [:error] [pid 6172] [client 169.150.196.91:29829] PHP Notice:  Undefined variable: conn in /srv/www/kilicit/web/php/config.php on line 18
[Fri Jun 16 07:43:44.192641 2023] [:error] [pid 6172] [client 169.150.196.91:29829] PHP Fatal error:  Uncaught Error: Call to a member function query() on null in /srv/www/kilicit/web/php/config.php:18\nStack trace:\n#0 /srv/www/kilicit/web/index.php(5): getMaintStat()\n#1 {main}\n  thrown in /srv/www/kilicit/web/php/config.php on line 18
[Fri Jun 16 07:44:16.129851 2023] [:error] [pid 6109] [client 169.150.196.91:32321] PHP Notice:  Undefined variable: conn in /srv/www/kilicit/web/php/config.php on line 18
[Fri Jun 16 07:44:16.129912 2023] [:error] [pid 6109] [client 169.150.196.91:32321] PHP Fatal error:  Uncaught Error: Call to a member function query() on null in /srv/www/kilicit/web/php/config.php:18\nStack trace:\n#0 /srv/www/kilicit/web/index.php(5): getMaintStat()\n#1 {main}\n  thrown in /srv/www/kilicit/web/php/config.php on line 18
[Fri Jun 16 07:44:16.978798 2023] [:error] [pid 2938] [client 169.150.196.91:51663] PHP Notice:  Undefined variable: conn in /srv/www/kilicit/web/php/config.php on line 18
[Fri Jun 16 07:44:16.978850 2023] [:error] [pid 2938] [client 169.150.196.91:51663] PHP Fatal error:  Uncaught Error: Call to a member function query() on null in /srv/www/kilicit/web/php/config.php:18\nStack trace:\n#0 /srv/www/kilicit/web/index.php(5): getMaintStat()\n#1 {main}\n  thrown in /srv/www/kilicit/web/php/config.php on line 18
[Fri Jun 16 07:45:14.313644 2023] [:error] [pid 2807] [client 169.150.196.91:37952] PHP Notice:  Undefined variable: conn in /srv/www/kilicit/web/php/config.php on line 18
[Fri Jun 16 07:45:14.313697 2023] [:error] [pid 2807] [client 169.150.196.91:37952] PHP Fatal error:  Uncaught Error: Call to a member function query() on null in /srv/www/kilicit/web/php/config.php:18\nStack trace:\n#0 /srv/www/kilicit/web/index.php(5): getMaintStat()\n#1 {main}\n  thrown in /srv/www/kilicit/web/php/config.php on line 18
[Fri Jun 16 07:45:15.094291 2023] [:error] [pid 6172] [client 169.150.196.91:25310] PHP Notice:  Undefined variable: conn in /srv/www/kilicit/web/php/config.php on line 18
[Fri Jun 16 07:45:15.094344 2023] [:error] [pid 6172] [client 169.150.196.91:25310] PHP Fatal error:  Uncaught Error: Call to a member function query() on null in /srv/www/kilicit/web/php/config.php:18\nStack trace:\n#0 /srv/www/kilicit/web/index.php(5): getMaintStat()\n#1 {main}\n  thrown in /srv/www/kilicit/web/php/config.php on line 18
[Fri Jun 16 07:45:48.230085 2023] [:error] [pid 2806] [client 169.150.196.91:41882] PHP Notice:  Undefined variable: conn in /srv/www/kilicit/web/php/config.php on line 18
[Fri Jun 16 07:45:48.230151 2023] [:error] [pid 2806] [client 169.150.196.91:41882] PHP Fatal error:  Uncaught Error: Call to a member function query() on null in /srv/www/kilicit/web/php/config.php:18\nStack trace:\n#0 /srv/www/kilicit/web/index.php(5): getMaintStat()\n#1 {main}\n  thrown in /srv/www/kilicit/web/php/config.php on line 18
[Fri Jun 16 07:45:48.974115 2023] [:error] [pid 2809] [client 169.150.196.91:45973] PHP Notice:  Undefined variable: conn in /srv/www/kilicit/web/php/config.php on line 18
[Fri Jun 16 07:45:48.974168 2023] [:error] [pid 2809] [client 169.150.196.91:45973] PHP Fatal error:  Uncaught Error: Call to a member function query() on null in /srv/www/kilicit/web/php/config.php:18\nStack trace:\n#0 /srv/www/kilicit/web/index.php(5): getMaintStat()\n#1 {main}\n  thrown in /srv/www/kilicit/web/php/config.php on line 18
[Fri Jun 16 07:45:54.160496 2023] [:error] [pid 6172] [client 169.150.196.91:7379] PHP Notice:  Undefined variable: conn in /srv/www/kilicit/web/php/config.php on line 18
[Fri Jun 16 07:45:54.160535 2023] [:error] [pid 6172] [client 169.150.196.91:7379] PHP Fatal error:  Uncaught Error: Call to a member function query() on null in /srv/www/kilicit/web/php/config.php:18\nStack trace:\n#0 /srv/www/kilicit/web/index.php(5): getMaintStat()\n#1 {main}\n  thrown in /srv/www/kilicit/web/php/config.php on line 18
[Fri Jun 16 07:47:36.214887 2023] [:error] [pid 2806] [client 169.150.196.91:32570] PHP Notice:  Undefined variable: conn in /srv/www/kilicit/web/php/config.php on line 18
[Fri Jun 16 07:47:36.214944 2023] [:error] [pid 2806] [client 169.150.196.91:32570] PHP Fatal error:  Uncaught Error: Call to a member function query() on null in /srv/www/kilicit/web/php/config.php:18\nStack trace:\n#0 /srv/www/kilicit/web/index.php(5): getMaintStat()\n#1 {main}\n  thrown in /srv/www/kilicit/web/php/config.php on line 18
[Fri Jun 16 07:48:27.762608 2023] [:error] [pid 2805] [client 169.150.196.91:16001] PHP Notice:  Undefined variable: conn in /srv/www/kilicit/web/php/config.php on line 18
[Fri Jun 16 07:48:27.762663 2023] [:error] [pid 2805] [client 169.150.196.91:16001] PHP Fatal error:  Uncaught Error: Call to a member function query() on null in /srv/www/kilicit/web/php/config.php:18\nStack trace:\n#0 /srv/www/kilicit/web/index.php(5): getMaintStat()\n#1 {main}\n  thrown in /srv/www/kilicit/web/php/config.php on line 18
[Fri Jun 16 07:48:28.386318 2023] [:error] [pid 6109] [client 169.150.196.91:13462] PHP Notice:  Undefined variable: conn in /srv/www/kilicit/web/php/config.php on line 18
[Fri Jun 16 07:48:28.386366 2023] [:error] [pid 6109] [client 169.150.196.91:13462] PHP Fatal error:  Uncaught Error: Call to a member function query() on null in /srv/www/kilicit/web/php/config.php:18\nStack trace:\n#0 /srv/www/kilicit/web/index.php(5): getMaintStat()\n#1 {main}\n  thrown in /srv/www/kilicit/web/php/config.php on line 18
[Fri Jun 16 07:52:41.421884 2023] [:error] [pid 2806] [client 169.150.196.91:14326] PHP Notice:  Undefined variable: conn in /srv/www/kilicit/web/php/config.php on line 18
[Fri Jun 16 07:52:41.421940 2023] [:error] [pid 2806] [client 169.150.196.91:14326] PHP Fatal error:  Uncaught Error: Call to a member function query() on null in /srv/www/kilicit/web/php/config.php:18\nStack trace:\n#0 /srv/www/kilicit/web/index.php(5): getMaintStat()\n#1 {main}\n  thrown in /srv/www/kilicit/web/php/config.php on line 18
[Fri Jun 16 07:52:54.434763 2023] [:error] [pid 2808] [client 169.150.196.91:63157] PHP Notice:  Undefined variable: conn in /srv/www/kilicit/web/index.php on line 11
[Fri Jun 16 07:52:54.434817 2023] [:error] [pid 2808] [client 169.150.196.91:63157] PHP Fatal error:  Uncaught Error: Call to a member function query() on null in /srv/www/kilicit/web/index.php:11\nStack trace:\n#0 /srv/www/kilicit/web/index.php(5): getMaintStat()\n#1 {main}\n  thrown in /srv/www/kilicit/web/index.php on line 11
[Fri Jun 16 07:52:55.248000 2023] [:error] [pid 6172] [client 169.150.196.91:21092] PHP Notice:  Undefined variable: conn in /srv/www/kilicit/web/index.php on line 11
[Fri Jun 16 07:52:55.248050 2023] [:error] [pid 6172] [client 169.150.196.91:21092] PHP Fatal error:  Uncaught Error: Call to a member function query() on null in /srv/www/kilicit/web/index.php:11\nStack trace:\n#0 /srv/www/kilicit/web/index.php(5): getMaintStat()\n#1 {main}\n  thrown in /srv/www/kilicit/web/index.php on line 11
[Fri Jun 16 07:54:46.392551 2023] [:error] [pid 2938] [client 169.150.196.91:46707] PHP Fatal error:  Uncaught Error: Call to undefined function getMaintStat() in /srv/www/kilicit/web/index.php:5\nStack trace:\n#0 {main}\n  thrown in /srv/www/kilicit/web/index.php on line 5
[Fri Jun 16 07:57:05.228009 2023] [:error] [pid 6172] [client 169.150.196.91:34433] PHP Notice:  Undefined variable: conn in /srv/www/kilicit/web/php/config.php on line 18
[Fri Jun 16 07:57:05.228064 2023] [:error] [pid 6172] [client 169.150.196.91:34433] PHP Fatal error:  Uncaught Error: Call to a member function query() on null in /srv/www/kilicit/web/php/config.php:18\nStack trace:\n#0 /srv/www/kilicit/web/index.php(5): getSettings()\n#1 {main}\n  thrown in /srv/www/kilicit/web/php/config.php on line 18
[Fri Jun 16 07:57:06.116865 2023] [:error] [pid 2805] [client 169.150.196.91:46989] PHP Notice:  Undefined variable: conn in /srv/www/kilicit/web/php/config.php on line 18
[Fri Jun 16 07:57:06.116920 2023] [:error] [pid 2805] [client 169.150.196.91:46989] PHP Fatal error:  Uncaught Error: Call to a member function query() on null in /srv/www/kilicit/web/php/config.php:18\nStack trace:\n#0 /srv/www/kilicit/web/index.php(5): getSettings()\n#1 {main}\n  thrown in /srv/www/kilicit/web/php/config.php on line 18
[Fri Jun 16 07:57:06.324560 2023] [:error] [pid 2938] [client 169.150.196.91:39291] PHP Notice:  Undefined variable: conn in /srv/www/kilicit/web/php/config.php on line 18
[Fri Jun 16 07:57:06.324614 2023] [:error] [pid 2938] [client 169.150.196.91:39291] PHP Fatal error:  Uncaught Error: Call to a member function query() on null in /srv/www/kilicit/web/php/config.php:18\nStack trace:\n#0 /srv/www/kilicit/web/index.php(5): getSettings()\n#1 {main}\n  thrown in /srv/www/kilicit/web/php/config.php on line 18
[Fri Jun 16 07:57:06.555771 2023] [:error] [pid 2806] [client 169.150.196.91:9344] PHP Notice:  Undefined variable: conn in /srv/www/kilicit/web/php/config.php on line 18
[Fri Jun 16 07:57:06.555821 2023] [:error] [pid 2806] [client 169.150.196.91:9344] PHP Fatal error:  Uncaught Error: Call to a member function query() on null in /srv/www/kilicit/web/php/config.php:18\nStack trace:\n#0 /srv/www/kilicit/web/index.php(5): getSettings()\n#1 {main}\n  thrown in /srv/www/kilicit/web/php/config.php on line 18
[Fri Jun 16 07:57:08.483461 2023] [:error] [pid 2809] [client 169.150.196.91:36236] PHP Notice:  Undefined variable: conn in /srv/www/kilicit/web/php/config.php on line 18
[Fri Jun 16 07:57:08.483505 2023] [:error] [pid 2809] [client 169.150.196.91:36236] PHP Fatal error:  Uncaught Error: Call to a member function query() on null in /srv/www/kilicit/web/php/config.php:18\nStack trace:\n#0 /srv/www/kilicit/web/index.php(5): getSettings()\n#1 {main}\n  thrown in /srv/www/kilicit/web/php/config.php on line 18
[Fri Jun 16 07:59:27.183990 2023] [:error] [pid 2938] [client 80.82.77.2:57906] script '/srv/www/kilicit/xmlrpc.php' not found or unable to stat
[Fri Jun 16 07:59:27.298415 2023] [:error] [pid 6109] [client 184.168.108.77:24556] script '/srv/www/kilicit/xmlrpc.php' not found or unable to stat
[Fri Jun 16 07:59:30.010860 2023] [:error] [pid 6172] [client 62.171.133.125:57032] script '/srv/www/kilicit/xmlrpc.php' not found or unable to stat
[Fri Jun 16 07:59:30.067393 2023] [:error] [pid 2808] [client 65.20.67.112:47622] script '/srv/www/kilicit/xmlrpc.php' not found or unable to stat
[Fri Jun 16 07:59:31.199222 2023] [:error] [pid 2938] [client 151.80.88.201:37722] script '/srv/www/kilicit/xmlrpc.php' not found or unable to stat
[Fri Jun 16 07:59:32.748023 2023] [:error] [pid 6109] [client 164.68.100.166:56142] script '/srv/www/kilicit/xmlrpc.php' not found or unable to stat
[Fri Jun 16 07:59:34.563440 2023] [:error] [pid 2807] [client 47.243.171.230:53752] script '/srv/www/kilicit/xmlrpc.php' not found or unable to stat
