[Wed Jun 14 07:26:59.462824 2023] [authz_core:error] [pid 11325] [client 35.216.237.60:56648] AH01630: client denied by server configuration: /srv/www/kilicit/server-status
[Wed Jun 14 08:11:05.442745 2023] [:error] [pid 11325] [client 54.208.3.77:26890] script '/srv/www/kilicit/xmlrpc.php' not found or unable to stat
[Wed Jun 14 08:11:06.084562 2023] [:error] [pid 12361] [client 107.150.103.81:41496] script '/srv/www/kilicit/xmlrpc.php' not found or unable to stat
[Wed Jun 14 08:11:06.576503 2023] [:error] [pid 11326] [client 139.99.40.74:40470] script '/srv/www/kilicit/xmlrpc.php' not found or unable to stat
[Wed Jun 14 08:11:21.471132 2023] [:error] [pid 11324] [client 203.20.113.125:33752] script '/srv/www/kilicit/xmlrpc.php' not found or unable to stat
[Wed Jun 14 08:11:24.995800 2023] [:error] [pid 11326] [client 80.88.87.85:25665] script '/srv/www/kilicit/xmlrpc.php' not found or unable to stat
[Wed Jun 14 08:11:25.402586 2023] [:error] [pid 11327] [client 68.178.224.109:25112] script '/srv/www/kilicit/xmlrpc.php' not found or unable to stat
[Wed Jun 14 08:11:27.977502 2023] [:error] [pid 11325] [client 51.141.100.75:49576] script '/srv/www/kilicit/xmlrpc.php' not found or unable to stat
[Wed Jun 14 08:11:29.650367 2023] [:error] [pid 12361] [client 62.171.133.125:50134] script '/srv/www/kilicit/xmlrpc.php' not found or unable to stat
[Wed Jun 14 08:11:33.014973 2023] [:error] [pid 11324] [client 68.178.224.109:27242] script '/srv/www/kilicit/xmlrpc.php' not found or unable to stat
[Wed Jun 14 08:11:35.362939 2023] [:error] [pid 11328] [client 151.80.88.201:59936] script '/srv/www/kilicit/xmlrpc.php' not found or unable to stat
[Wed Jun 14 08:11:40.688274 2023] [:error] [pid 11326] [client 89.208.149.29:45364] script '/srv/www/kilicit/xmlrpc.php' not found or unable to stat
[Wed Jun 14 08:11:42.630247 2023] [:error] [pid 11324] [client 52.182.222.60:3776] script '/srv/www/kilicit/xmlrpc.php' not found or unable to stat
[Wed Jun 14 08:11:43.341088 2023] [:error] [pid 11328] [client 173.201.180.168:39159] script '/srv/www/kilicit/xmlrpc.php' not found or unable to stat
[Wed Jun 14 08:11:44.923745 2023] [:error] [pid 11326] [client 164.68.100.166:58782] script '/srv/www/kilicit/xmlrpc.php' not found or unable to stat
[Wed Jun 14 08:23:38.345658 2023] [:error] [pid 11324] [client 167.71.244.223:52432] PHP Notice:  A session had already been started - ignoring session_start() in /srv/www/kilicit/movielist/search/home.php on line 8
[Wed Jun 14 08:33:39.819393 2023] [:error] [pid 11325] [client 83.97.73.89:33148] PHP Notice:  A session had already been started - ignoring session_start() in /srv/www/kilicit/movielist/search/home.php on line 8, referer: https://52.137.47.73:443/movielist/index
[Wed Jun 14 09:13:23.145219 2023] [core:error] [pid 11324] [client 83.97.73.89:59444] AH00126: Invalid URI in request POST /cgi-bin/.%2e/.%2e/.%2e/.%2e/bin/sh HTTP/1.1
[Wed Jun 14 09:38:29.471221 2023] [:error] [pid 12361] [client 103.149.192.127:49423] PHP Notice:  A session had already been started - ignoring session_start() in /srv/www/kilicit/movielist/search/home.php on line 8, referer: https://52.137.47.73/movielist/index
[Wed Jun 14 10:16:33.129030 2023] [:error] [pid 12361] [client 185.180.140.4:44930] PHP Notice:  A session had already been started - ignoring session_start() in /srv/www/kilicit/movielist/search/home.php on line 8, referer: https://52.137.47.73/movielist/index
[Wed Jun 14 10:47:07.056960 2023] [core:error] [pid 11327] [client 128.1.41.5:59200] AH00126: Invalid URI in request GET /../movielist/index HTTP/1.1, referer: https://52.137.47.73/
[Wed Jun 14 10:47:59.158178 2023] [core:error] [pid 20018] [client 79.137.65.46:38837] AH00126: Invalid URI in request GET /../movielist/index HTTP/1.1
[Wed Jun 14 10:49:21.822911 2023] [:error] [pid 11324] [client 83.97.73.89:33674] PHP Notice:  A session had already been started - ignoring session_start() in /srv/www/kilicit/movielist/search/home.php on line 8, referer: https://52.137.47.73:443/movielist/index
[Wed Jun 14 11:01:05.819712 2023] [core:error] [pid 11327] [client 37.187.215.255:35021] AH00126: Invalid URI in request GET /../movielist/index HTTP/1.1
[Wed Jun 14 11:02:51.567168 2023] [:error] [pid 20018] [client 68.178.224.109:38299] script '/srv/www/kilicit/xmlrpc.php' not found or unable to stat
[Wed Jun 14 11:02:54.709589 2023] [:error] [pid 11326] [client 207.180.239.33:46854] script '/srv/www/kilicit/xmlrpc.php' not found or unable to stat
[Wed Jun 14 11:02:57.041101 2023] [:error] [pid 11327] [client 107.150.103.81:45032] script '/srv/www/kilicit/xmlrpc.php' not found or unable to stat
[Wed Jun 14 11:02:59.386918 2023] [:error] [pid 11325] [client 151.80.88.201:48840] script '/srv/www/kilicit/xmlrpc.php' not found or unable to stat
[Wed Jun 14 11:02:59.913208 2023] [:error] [pid 11328] [client 162.0.209.211:55080] script '/srv/www/kilicit/xmlrpc.php' not found or unable to stat
[Wed Jun 14 11:03:03.795615 2023] [:error] [pid 12361] [client 51.89.7.156:34830] script '/srv/www/kilicit/xmlrpc.php' not found or unable to stat
[Wed Jun 14 11:03:04.018935 2023] [:error] [pid 11324] [client 184.168.99.50:23933] script '/srv/www/kilicit/xmlrpc.php' not found or unable to stat
[Wed Jun 14 11:03:06.619351 2023] [:error] [pid 11325] [client 65.20.67.112:38156] script '/srv/www/kilicit/xmlrpc.php' not found or unable to stat
[Wed Jun 14 11:03:10.670743 2023] [:error] [pid 11326] [client 80.82.77.2:50208] script '/srv/www/kilicit/xmlrpc.php' not found or unable to stat
[Wed Jun 14 11:03:15.327698 2023] [:error] [pid 12361] [client 212.23.66.162:44933] script '/srv/www/kilicit/xmlrpc.php' not found or unable to stat
[Wed Jun 14 11:03:18.926534 2023] [:error] [pid 20018] [client 151.80.88.201:56676] script '/srv/www/kilicit/xmlrpc.php' not found or unable to stat
[Wed Jun 14 11:03:20.405006 2023] [:error] [pid 11328] [client 149.28.31.254:44604] script '/srv/www/kilicit/xmlrpc.php' not found or unable to stat
[Wed Jun 14 11:03:25.125747 2023] [:error] [pid 11327] [client 184.168.99.50:26451] script '/srv/www/kilicit/xmlrpc.php' not found or unable to stat
[Wed Jun 14 11:03:32.456361 2023] [:error] [pid 11324] [client 192.34.55.215:34586] script '/srv/www/kilicit/xmlrpc.php' not found or unable to stat
[Wed Jun 14 12:48:31.091282 2023] [:error] [pid 11326] [client 188.127.239.141:47988] script '/srv/www/kilicit/xmlrpc.php' not found or unable to stat
[Wed Jun 14 12:48:32.470979 2023] [:error] [pid 12361] [client 151.80.88.201:49170] script '/srv/www/kilicit/xmlrpc.php' not found or unable to stat
[Wed Jun 14 12:48:36.405191 2023] [:error] [pid 11325] [client 164.68.100.166:38004] script '/srv/www/kilicit/xmlrpc.php' not found or unable to stat
[Wed Jun 14 12:48:36.560179 2023] [:error] [pid 11328] [client 54.208.3.77:31844] script '/srv/www/kilicit/xmlrpc.php' not found or unable to stat
[Wed Jun 14 12:48:41.501997 2023] [:error] [pid 11327] [client 43.133.184.53:58302] script '/srv/www/kilicit/xmlrpc.php' not found or unable to stat
[Wed Jun 14 12:48:43.073976 2023] [:error] [pid 11324] [client 188.225.23.170:37014] script '/srv/www/kilicit/xmlrpc.php' not found or unable to stat
[Wed Jun 14 12:48:49.123562 2023] [:error] [pid 11325] [client 43.133.184.53:58846] script '/srv/www/kilicit/xmlrpc.php' not found or unable to stat
[Wed Jun 14 12:48:52.023470 2023] [:error] [pid 11326] [client 185.232.250.86:37126] script '/srv/www/kilicit/xmlrpc.php' not found or unable to stat
[Wed Jun 14 12:48:58.062250 2023] [:error] [pid 11324] [client 137.184.177.66:37112] script '/srv/www/kilicit/xmlrpc.php' not found or unable to stat
[Wed Jun 14 12:48:58.780918 2023] [:error] [pid 11328] [client 213.170.133.198:36838] script '/srv/www/kilicit/xmlrpc.php' not found or unable to stat
[Wed Jun 14 12:48:59.217697 2023] [:error] [pid 11326] [client 198.38.88.15:60548] script '/srv/www/kilicit/xmlrpc.php' not found or unable to stat
[Wed Jun 14 12:49:02.308987 2023] [:error] [pid 12361] [client 51.141.100.75:45254] script '/srv/www/kilicit/xmlrpc.php' not found or unable to stat
[Wed Jun 14 12:49:06.739617 2023] [:error] [pid 20018] [client 65.1.222.56:37128] script '/srv/www/kilicit/xmlrpc.php' not found or unable to stat
[Wed Jun 14 13:45:31.252101 2023] [:error] [pid 11324] [client 83.97.73.89:51968] script '/srv/www/kilicit/geoserver.php' not found or unable to stat
[Wed Jun 14 13:48:23.633573 2023] [:error] [pid 20018] [client 46.161.15.14:53414] script '/srv/www/kilicit/wp-login.php' not found or unable to stat
[Wed Jun 14 13:48:35.917143 2023] [:error] [pid 11328] [client 46.161.15.14:33412] script '/srv/www/kilicit/wp-login.php' not found or unable to stat, referer: http://kilic.it/wp-login.php?action=register
[Wed Jun 14 15:21:47.749239 2023] [:error] [pid 11324] [client 185.180.140.6:59276] PHP Notice:  A session had already been started - ignoring session_start() in /srv/www/kilicit/movielist/search/home.php on line 8, referer: https://52.137.47.73/movielist/index
[Wed Jun 14 15:45:02.009174 2023] [:error] [pid 12361] [client 149.28.31.254:59042] script '/srv/www/kilicit/xmlrpc.php' not found or unable to stat
[Wed Jun 14 15:45:10.023672 2023] [:error] [pid 11327] [client 91.151.93.22:59312] script '/srv/www/kilicit/xmlrpc.php' not found or unable to stat
[Wed Jun 14 15:45:19.001842 2023] [:error] [pid 12361] [client 68.178.224.109:26925] script '/srv/www/kilicit/xmlrpc.php' not found or unable to stat
[Wed Jun 14 15:45:21.007235 2023] [:error] [pid 11327] [client 104.149.131.129:36810] script '/srv/www/kilicit/xmlrpc.php' not found or unable to stat
[Wed Jun 14 15:45:23.352065 2023] [:error] [pid 11324] [client 184.168.108.77:41798] script '/srv/www/kilicit/xmlrpc.php' not found or unable to stat
[Wed Jun 14 15:45:28.852410 2023] [:error] [pid 11325] [client 34.95.136.51:48998] script '/srv/www/kilicit/xmlrpc.php' not found or unable to stat
[Wed Jun 14 15:45:31.770452 2023] [:error] [pid 11328] [client 52.182.222.60:3776] script '/srv/www/kilicit/xmlrpc.php' not found or unable to stat
[Wed Jun 14 15:45:36.583895 2023] [:error] [pid 11326] [client 104.149.131.129:40350] script '/srv/www/kilicit/xmlrpc.php' not found or unable to stat
[Wed Jun 14 15:45:39.279174 2023] [:error] [pid 20018] [client 103.148.156.48:56156] script '/srv/www/kilicit/xmlrpc.php' not found or unable to stat
[Wed Jun 14 15:45:44.906669 2023] [:error] [pid 12361] [client 51.141.100.75:51478] script '/srv/www/kilicit/xmlrpc.php' not found or unable to stat
[Wed Jun 14 15:45:50.120150 2023] [:error] [pid 11327] [client 168.62.213.17:35728] script '/srv/www/kilicit/xmlrpc.php' not found or unable to stat
[Wed Jun 14 16:00:59.738613 2023] [core:error] [pid 11326] [client 107.150.117.103:59340] AH00126: Invalid URI in request GET /../movielist/index HTTP/1.1, referer: http://52.137.47.73/
[Wed Jun 14 16:17:10.230318 2023] [:error] [pid 32156] [client 198.20.69.98:60232] PHP Notice:  A session had already been started - ignoring session_start() in /srv/www/kilicit/movielist/search/home.php on line 8
[Wed Jun 14 17:29:18.858981 2023] [:error] [pid 32149] [client 80.82.77.2:50916] script '/srv/www/kilicit/xmlrpc.php' not found or unable to stat
[Wed Jun 14 17:29:20.307667 2023] [:error] [pid 20018] [client 207.180.239.33:56680] script '/srv/www/kilicit/xmlrpc.php' not found or unable to stat
[Wed Jun 14 17:29:25.807256 2023] [:error] [pid 32156] [client 168.62.213.17:44970] script '/srv/www/kilicit/xmlrpc.php' not found or unable to stat
[Wed Jun 14 17:29:30.833567 2023] [:error] [pid 12361] [client 183.91.14.212:36578] script '/srv/www/kilicit/xmlrpc.php' not found or unable to stat
[Wed Jun 14 17:29:33.609721 2023] [:error] [pid 32149] [client 52.182.222.60:3776] script '/srv/www/kilicit/xmlrpc.php' not found or unable to stat
[Wed Jun 14 17:29:39.251815 2023] [:error] [pid 20018] [client 149.255.39.223:33394] script '/srv/www/kilicit/xmlrpc.php' not found or unable to stat
[Wed Jun 14 17:29:40.585203 2023] [:error] [pid 11328] [client 178.238.228.40:52238] script '/srv/www/kilicit/xmlrpc.php' not found or unable to stat
[Wed Jun 14 17:29:45.315840 2023] [:error] [pid 12361] [client 139.99.40.74:44914] script '/srv/www/kilicit/xmlrpc.php' not found or unable to stat
[Wed Jun 14 17:29:48.197999 2023] [:error] [pid 11324] [client 68.183.67.85:34772] script '/srv/www/kilicit/xmlrpc.php' not found or unable to stat
[Wed Jun 14 17:29:50.801035 2023] [:error] [pid 11325] [client 51.210.156.16:57382] script '/srv/www/kilicit/xmlrpc.php' not found or unable to stat
[Wed Jun 14 17:29:53.166411 2023] [:error] [pid 32156] [client 151.80.88.201:38390] script '/srv/www/kilicit/xmlrpc.php' not found or unable to stat
[Wed Jun 14 17:51:42.234311 2023] [:error] [pid 11326] [client 185.216.71.129:56269] script '/srv/www/kilicit/repeater.php' not found or unable to stat, referer: www.google.com
[Wed Jun 14 17:51:47.991556 2023] [:error] [pid 11327] [client 185.216.71.129:59069] script '/srv/www/kilicit/repeater.php' not found or unable to stat, referer: www.google.com
[Wed Jun 14 17:51:57.713093 2023] [:error] [pid 32149] [client 185.216.71.129:65119] script '/srv/www/kilicit/rindex.php' not found or unable to stat, referer: www.google.com
[Wed Jun 14 18:41:59.760164 2023] [:error] [pid 32156] [client 192.241.195.28:57616] script '/srv/www/kilicit/version.php' not found or unable to stat
[Wed Jun 14 19:29:32.705935 2023] [:error] [pid 11327] [client 178.128.228.26:50966] script '/srv/www/kilicit/auth.php' not found or unable to stat
[Wed Jun 14 19:31:21.427328 2023] [core:error] [pid 11324] [client 213.32.122.82:30845] AH00126: Invalid URI in request GET /../movielist/index HTTP/1.1
[Wed Jun 14 19:43:05.099829 2023] [:error] [pid 11326] [client 194.22.17.211:57518] script '/srv/www/kilicit/xmlrpc.php' not found or unable to stat
[Wed Jun 14 19:43:05.362602 2023] [:error] [pid 11327] [client 188.127.239.141:37608] script '/srv/www/kilicit/xmlrpc.php' not found or unable to stat
[Wed Jun 14 19:43:06.800386 2023] [:error] [pid 11324] [client 103.148.156.48:51906] script '/srv/www/kilicit/xmlrpc.php' not found or unable to stat
[Wed Jun 14 19:43:16.874791 2023] [:error] [pid 11328] [client 68.178.224.109:44467] script '/srv/www/kilicit/xmlrpc.php' not found or unable to stat
[Wed Jun 14 19:43:20.960733 2023] [:error] [pid 11327] [client 54.208.3.77:46835] script '/srv/www/kilicit/xmlrpc.php' not found or unable to stat
[Wed Jun 14 19:43:21.004152 2023] [:error] [pid 11326] [client 47.89.49.251:37584] script '/srv/www/kilicit/xmlrpc.php' not found or unable to stat
[Wed Jun 14 19:43:21.402540 2023] [:error] [pid 11324] [client 137.184.177.66:46320] script '/srv/www/kilicit/xmlrpc.php' not found or unable to stat
[Wed Jun 14 19:43:23.556632 2023] [:error] [pid 20018] [client 103.106.116.37:47456] script '/srv/www/kilicit/xmlrpc.php' not found or unable to stat
[Wed Jun 14 19:43:23.778001 2023] [:error] [pid 11325] [client 194.22.17.211:38262] script '/srv/www/kilicit/xmlrpc.php' not found or unable to stat
[Wed Jun 14 19:43:25.076889 2023] [:error] [pid 12361] [client 184.168.108.77:14430] script '/srv/www/kilicit/xmlrpc.php' not found or unable to stat
[Wed Jun 14 19:43:26.034866 2023] [:error] [pid 11326] [client 188.127.239.141:45406] script '/srv/www/kilicit/xmlrpc.php' not found or unable to stat
[Wed Jun 14 19:43:26.457992 2023] [:error] [pid 32149] [client 80.88.87.85:59945] script '/srv/www/kilicit/xmlrpc.php' not found or unable to stat
[Wed Jun 14 19:43:32.373647 2023] [:error] [pid 11325] [client 161.35.227.188:40796] script '/srv/www/kilicit/xmlrpc.php' not found or unable to stat
[Wed Jun 14 19:43:38.413013 2023] [:error] [pid 12361] [client 185.2.4.114:64964] script '/srv/www/kilicit/xmlrpc.php' not found or unable to stat
[Wed Jun 14 19:43:47.310691 2023] [:error] [pid 11326] [client 104.131.97.141:47074] script '/srv/www/kilicit/xmlrpc.php' not found or unable to stat
[Wed Jun 14 20:06:14.712863 2023] [:error] [pid 12361] [client 167.99.120.255:40874] script '/srv/www/kilicit/ab2g.php' not found or unable to stat
[Wed Jun 14 20:06:15.066147 2023] [:error] [pid 11327] [client 167.99.120.255:40880] script '/srv/www/kilicit/ab2h.php' not found or unable to stat
[Wed Jun 14 20:06:17.664560 2023] [:error] [pid 32149] [client 167.99.120.255:40998] script '/srv/www/kilicit/t4.php' not found or unable to stat
[Wed Jun 14 20:07:09.365333 2023] [:error] [pid 32149] [client 85.217.144.38:53577] script '/srv/www/kilicit/wp-plain.php' not found or unable to stat, referer: www.google.com
[Wed Jun 14 20:07:09.383316 2023] [:error] [pid 32149] [client 85.217.144.38:53577] script '/srv/www/kilicit/haqbpaia.php' not found or unable to stat, referer: www.google.com
[Wed Jun 14 20:07:09.395670 2023] [:error] [pid 11324] [client 85.217.144.38:53578] script '/srv/www/kilicit/movielist/indexdex.php' not found or unable to stat
[Wed Jun 14 21:35:46.335416 2023] [:error] [pid 11325] [client 66.249.64.107:44127] PHP Notice:  A session had already been started - ignoring session_start() in /srv/www/kilicit/movielist/search/home.php on line 8
[Wed Jun 14 21:41:28.116891 2023] [:error] [pid 32156] [client 95.223.106.227:62917] PHP Notice:  A session had already been started - ignoring session_start() in /srv/www/kilicit/movielist/search/home.php on line 8
[Wed Jun 14 21:41:36.158597 2023] [:error] [pid 32149] [client 95.223.106.227:62923] PHP Notice:  A session had already been started - ignoring session_start() in /srv/www/kilicit/movielist/reglog/login.php on line 13, referer: https://kilic.it/movielist/reglog/login
[Wed Jun 14 21:41:36.188639 2023] [:error] [pid 32149] [client 95.223.106.227:62923] PHP Notice:  A session had already been started - ignoring session_start() in /srv/www/kilicit/movielist/search/home.php on line 8, referer: https://kilic.it/movielist/reglog/login
[Wed Jun 14 21:42:39.300294 2023] [:error] [pid 11325] [client 95.223.106.227:8864] PHP Notice:  A session had already been started - ignoring session_start() in /srv/www/kilicit/movielist/search/home.php on line 8
[Wed Jun 14 21:42:43.530594 2023] [:error] [pid 11325] [client 95.223.106.227:8864] PHP Notice:  A session had already been started - ignoring session_start() in /srv/www/kilicit/movielist/search/home.php on line 8
[Wed Jun 14 21:42:55.475917 2023] [:error] [pid 12361] [client 95.223.106.227:46123] PHP Notice:  A session had already been started - ignoring session_start() in /srv/www/kilicit/movielist/search/home.php on line 8
[Wed Jun 14 21:43:34.759519 2023] [:error] [pid 32156] [client 95.223.106.227:23032] PHP Notice:  A session had already been started - ignoring session_start() in /srv/www/kilicit/movielist/search/home.php on line 8
[Wed Jun 14 22:28:45.556825 2023] [:error] [pid 32149] [client 45.156.129.2:53452] PHP Notice:  A session had already been started - ignoring session_start() in /srv/www/kilicit/movielist/search/home.php on line 8, referer: https://52.137.47.73/movielist/index
[Wed Jun 14 22:29:21.294428 2023] [core:error] [pid 11324] [client 45.156.129.2:35610] AH00126: Invalid URI in request HEAD /icons/.%2e/%2e%2e/apache2/icons/sphere1.png HTTP/1.1
[Wed Jun 14 22:29:30.233739 2023] [:error] [pid 12361] [client 45.156.129.2:55172] PHP Notice:  A session had already been started - ignoring session_start() in /srv/www/kilicit/movielist/search/home.php on line 8, referer: https://52.137.47.73/movielist/index
[Wed Jun 14 22:48:59.021273 2023] [:error] [pid 11325] [client 80.82.77.2:51152] script '/srv/www/kilicit/xmlrpc.php' not found or unable to stat
[Wed Jun 14 22:48:59.161458 2023] [:error] [pid 10909] [client 161.35.227.188:58692] script '/srv/www/kilicit/xmlrpc.php' not found or unable to stat
[Wed Jun 14 22:49:02.787959 2023] [:error] [pid 11326] [client 80.82.77.2:53962] script '/srv/www/kilicit/xmlrpc.php' not found or unable to stat
[Wed Jun 14 22:49:04.895366 2023] [:error] [pid 11328] [client 91.151.93.22:52504] script '/srv/www/kilicit/xmlrpc.php' not found or unable to stat
[Wed Jun 14 22:49:12.154139 2023] [:error] [pid 11324] [client 47.103.26.229:57464] script '/srv/www/kilicit/xmlrpc.php' not found or unable to stat
[Wed Jun 14 22:49:16.460393 2023] [:error] [pid 20018] [client 37.46.135.126:53068] script '/srv/www/kilicit/xmlrpc.php' not found or unable to stat
[Wed Jun 14 22:49:16.572298 2023] [:error] [pid 10909] [client 164.68.100.166:43706] script '/srv/www/kilicit/xmlrpc.php' not found or unable to stat
[Wed Jun 14 22:49:18.583952 2023] [:error] [pid 11328] [client 164.68.100.166:44808] script '/srv/www/kilicit/xmlrpc.php' not found or unable to stat
[Wed Jun 14 22:49:18.615762 2023] [:error] [pid 11326] [client 68.178.225.144:43882] script '/srv/www/kilicit/xmlrpc.php' not found or unable to stat
[Wed Jun 14 22:49:20.645469 2023] [:error] [pid 11324] [client 207.180.239.33:43356] script '/srv/www/kilicit/xmlrpc.php' not found or unable to stat
[Wed Jun 14 22:49:24.907869 2023] [:error] [pid 20018] [client 37.46.135.126:54666] script '/srv/www/kilicit/xmlrpc.php' not found or unable to stat
[Wed Jun 14 22:49:30.680991 2023] [:error] [pid 10909] [client 104.149.131.129:55390] script '/srv/www/kilicit/xmlrpc.php' not found or unable to stat
[Wed Jun 14 22:49:33.273393 2023] [:error] [pid 32156] [client 107.150.103.81:34868] script '/srv/www/kilicit/xmlrpc.php' not found or unable to stat
[Wed Jun 14 22:49:35.625756 2023] [:error] [pid 11326] [client 91.151.93.22:54708] script '/srv/www/kilicit/xmlrpc.php' not found or unable to stat
[Wed Jun 14 22:49:36.515699 2023] [:error] [pid 11324] [client 107.150.103.81:35972] script '/srv/www/kilicit/xmlrpc.php' not found or unable to stat
[Wed Jun 14 22:50:35.026925 2023] [:error] [pid 20018] [client 41.193.5.57:35488] script '/srv/www/kilicit/xmlrpc.php' not found or unable to stat
[Wed Jun 14 23:07:12.839487 2023] [:error] [pid 11325] [client 172.225.189.193:14281] PHP Notice:  A session had already been started - ignoring session_start() in /srv/www/kilicit/movielist/search/home.php on line 8
[Thu Jun 15 00:41:57.826930 2023] [:error] [pid 10909] [client 168.62.213.17:58790] script '/srv/www/kilicit/xmlrpc.php' not found or unable to stat
[Thu Jun 15 00:41:57.945267 2023] [:error] [pid 32156] [client 178.33.224.162:57430] script '/srv/www/kilicit/xmlrpc.php' not found or unable to stat
[Thu Jun 15 00:41:59.201332 2023] [:error] [pid 11326] [client 89.208.149.29:55810] script '/srv/www/kilicit/xmlrpc.php' not found or unable to stat
[Thu Jun 15 00:42:04.532524 2023] [:error] [pid 11324] [client 47.242.28.111:64566] script '/srv/www/kilicit/xmlrpc.php' not found or unable to stat
[Thu Jun 15 00:42:09.154442 2023] [:error] [pid 32149] [client 65.20.67.112:44466] script '/srv/www/kilicit/xmlrpc.php' not found or unable to stat
[Thu Jun 15 00:42:12.506645 2023] [:error] [pid 32156] [client 162.0.235.223:35174] script '/srv/www/kilicit/xmlrpc.php' not found or unable to stat
[Thu Jun 15 00:42:13.061623 2023] [:error] [pid 10909] [client 103.148.156.48:52238] script '/srv/www/kilicit/xmlrpc.php' not found or unable to stat
[Thu Jun 15 00:42:15.248881 2023] [:error] [pid 11326] [client 148.72.244.47:38590] script '/srv/www/kilicit/xmlrpc.php' not found or unable to stat
[Thu Jun 15 00:42:15.973606 2023] [:error] [pid 11324] [client 89.208.149.29:55820] script '/srv/www/kilicit/xmlrpc.php' not found or unable to stat
[Thu Jun 15 00:42:21.401318 2023] [:error] [pid 32149] [client 47.242.28.111:1172] script '/srv/www/kilicit/xmlrpc.php' not found or unable to stat
[Thu Jun 15 00:42:29.048357 2023] [:error] [pid 12361] [client 54.208.3.77:60541] script '/srv/www/kilicit/xmlrpc.php' not found or unable to stat
[Thu Jun 15 00:42:30.180606 2023] [:error] [pid 11328] [client 65.1.222.56:53262] script '/srv/www/kilicit/xmlrpc.php' not found or unable to stat
[Thu Jun 15 00:42:31.470363 2023] [:error] [pid 10905] [client 68.178.221.138:24748] script '/srv/www/kilicit/xmlrpc.php' not found or unable to stat
[Thu Jun 15 00:42:35.743924 2023] [:error] [pid 20018] [client 37.46.135.126:59944] script '/srv/www/kilicit/xmlrpc.php' not found or unable to stat
[Thu Jun 15 00:42:39.239513 2023] [:error] [pid 32156] [client 142.44.211.18:59596] script '/srv/www/kilicit/xmlrpc.php' not found or unable to stat
[Thu Jun 15 00:42:41.154644 2023] [:error] [pid 10909] [client 207.180.239.33:54084] script '/srv/www/kilicit/xmlrpc.php' not found or unable to stat
[Thu Jun 15 01:52:41.433069 2023] [core:error] [pid 11328] [client 138.197.189.141:43266] AH00126: Invalid URI in request GET /../movielist/index HTTP/1.1
[Thu Jun 15 01:52:41.866875 2023] [core:error] [pid 10905] [client 45.55.128.38:37068] AH00126: Invalid URI in request GET /../movielist/index HTTP/1.1
[Thu Jun 15 02:14:05.422519 2023] [:error] [pid 11328] [client 3.87.146.204:35980] PHP Notice:  A session had already been started - ignoring session_start() in /srv/www/kilicit/movielist/search/home.php on line 8
[Thu Jun 15 02:14:42.256325 2023] [ssl:error] [pid 11324] [client 3.87.146.204:51060] AH02042: rejecting client initiated renegotiation
[Thu Jun 15 02:42:58.070725 2023] [:error] [pid 32149] [client 18.208.157.208:45108] PHP Notice:  A session had already been started - ignoring session_start() in /srv/www/kilicit/movielist/search/home.php on line 8
[Thu Jun 15 02:43:42.567846 2023] [ssl:error] [pid 12361] [client 18.208.157.208:44284] AH02042: rejecting client initiated renegotiation
[Thu Jun 15 02:46:14.891835 2023] [:error] [pid 11324] [client 198.235.24.15:63028] PHP Notice:  A session had already been started - ignoring session_start() in /srv/www/kilicit/movielist/search/home.php on line 8
[Thu Jun 15 03:08:50.866409 2023] [:error] [pid 11324] [client 80.82.77.2:56604] script '/srv/www/kilicit/xmlrpc.php' not found or unable to stat
[Thu Jun 15 03:08:53.240642 2023] [:error] [pid 32156] [client 104.149.131.129:33954] script '/srv/www/kilicit/xmlrpc.php' not found or unable to stat
[Thu Jun 15 03:09:02.733631 2023] [:error] [pid 10909] [client 64.227.108.223:41340] script '/srv/www/kilicit/xmlrpc.php' not found or unable to stat
[Thu Jun 15 03:09:09.664241 2023] [:error] [pid 11328] [client 103.148.156.48:57064] script '/srv/www/kilicit/xmlrpc.php' not found or unable to stat
[Thu Jun 15 03:09:11.148755 2023] [:error] [pid 11326] [client 150.158.77.170:51346] script '/srv/www/kilicit/xmlrpc.php' not found or unable to stat
[Thu Jun 15 03:09:11.552682 2023] [:error] [pid 11324] [client 37.46.135.126:59102] script '/srv/www/kilicit/xmlrpc.php' not found or unable to stat
[Thu Jun 15 03:09:13.332135 2023] [:error] [pid 32156] [client 80.82.77.2:42220] script '/srv/www/kilicit/xmlrpc.php' not found or unable to stat
[Thu Jun 15 03:09:16.436459 2023] [:error] [pid 10909] [client 80.82.77.2:44026] script '/srv/www/kilicit/xmlrpc.php' not found or unable to stat
[Thu Jun 15 03:09:19.773048 2023] [:error] [pid 11328] [client 80.82.77.2:46076] script '/srv/www/kilicit/xmlrpc.php' not found or unable to stat
[Thu Jun 15 03:09:23.757754 2023] [:error] [pid 11326] [client 103.148.156.48:58860] script '/srv/www/kilicit/xmlrpc.php' not found or unable to stat
[Thu Jun 15 03:09:27.445470 2023] [:error] [pid 11324] [client 184.168.108.77:58508] script '/srv/www/kilicit/xmlrpc.php' not found or unable to stat
[Thu Jun 15 03:09:30.213698 2023] [:error] [pid 32156] [client 47.101.140.232:42490] script '/srv/www/kilicit/xmlrpc.php' not found or unable to stat
[Thu Jun 15 03:09:31.011421 2023] [:error] [pid 10909] [client 107.150.103.81:36130] script '/srv/www/kilicit/xmlrpc.php' not found or unable to stat
[Thu Jun 15 03:09:36.045748 2023] [:error] [pid 11328] [client 168.62.213.17:55568] script '/srv/www/kilicit/xmlrpc.php' not found or unable to stat
[Thu Jun 15 03:09:40.427347 2023] [:error] [pid 11326] [client 199.250.206.103:55472] script '/srv/www/kilicit/xmlrpc.php' not found or unable to stat
[Thu Jun 15 03:09:46.902254 2023] [:error] [pid 11324] [client 207.180.239.33:47356] script '/srv/www/kilicit/xmlrpc.php' not found or unable to stat
[Thu Jun 15 03:10:03.987923 2023] [:error] [pid 20018] [client 35.203.210.132:62002] PHP Notice:  A session had already been started - ignoring session_start() in /srv/www/kilicit/movielist/search/home.php on line 8
[Thu Jun 15 03:10:38.522844 2023] [core:error] [pid 12361] [client 83.97.73.89:49600] AH00126: Invalid URI in request POST /cgi-bin/.%2e/.%2e/.%2e/.%2e/bin/sh HTTP/1.1
[Thu Jun 15 03:16:43.481163 2023] [:error] [pid 11328] [client 162.243.138.16:32982] script '/srv/www/kilicit/ReportServer.php' not found or unable to stat
[Thu Jun 15 03:18:11.018187 2023] [:error] [pid 10905] [client 107.170.251.5:41848] script '/srv/www/kilicit/login.php' not found or unable to stat
[Thu Jun 15 03:44:03.257596 2023] [:error] [pid 20018] [client 40.77.167.113:55170] PHP Notice:  A session had already been started - ignoring session_start() in /srv/www/kilicit/movielist/search/home.php on line 8
[Thu Jun 15 04:54:55.053185 2023] [:error] [pid 11324] [client 210.48.237.123:54202] PHP Notice:  A session had already been started - ignoring session_start() in /srv/www/kilicit/movielist/search/home.php on line 8
[Thu Jun 15 05:27:17.573610 2023] [:error] [pid 11326] [client 183.91.14.212:39436] script '/srv/www/kilicit/xmlrpc.php' not found or unable to stat
[Thu Jun 15 05:27:18.037589 2023] [:error] [pid 11324] [client 188.127.239.141:57026] script '/srv/www/kilicit/xmlrpc.php' not found or unable to stat
[Thu Jun 15 05:27:21.733389 2023] [:error] [pid 32156] [client 162.0.235.223:35712] script '/srv/www/kilicit/xmlrpc.php' not found or unable to stat
[Thu Jun 15 05:27:22.248778 2023] [:error] [pid 10909] [client 199.85.208.215:50592] script '/srv/www/kilicit/xmlrpc.php' not found or unable to stat
[Thu Jun 15 05:27:29.331333 2023] [:error] [pid 10905] [client 165.232.180.139:42282] script '/srv/www/kilicit/xmlrpc.php' not found or unable to stat
[Thu Jun 15 05:27:34.686688 2023] [:error] [pid 11325] [client 81.70.207.39:38258] script '/srv/www/kilicit/xmlrpc.php' not found or unable to stat
[Thu Jun 15 05:27:35.688703 2023] [:error] [pid 32149] [client 68.178.151.138:64161] script '/srv/www/kilicit/xmlrpc.php' not found or unable to stat
[Thu Jun 15 05:27:41.299445 2023] [:error] [pid 32156] [client 210.152.151.4:54106] script '/srv/www/kilicit/xmlrpc.php' not found or unable to stat
[Thu Jun 15 06:23:16.908489 2023] [:error] [pid 12361] [client 83.97.73.89:35116] PHP Notice:  A session had already been started - ignoring session_start() in /srv/www/kilicit/movielist/search/home.php on line 8, referer: https://52.137.47.73:443/movielist/index
[Thu Jun 15 06:42:59.670171 2023] [:error] [pid 8393] [client 148.153.45.236:37236] script '/srv/www/kilicit/DFme.php' not found or unable to stat
[Thu Jun 15 06:43:00.260901 2023] [:error] [pid 8391] [client 148.153.45.236:37242] script '/srv/www/kilicit/TLUh.php' not found or unable to stat
[Thu Jun 15 06:43:03.548928 2023] [:error] [pid 8395] [client 148.153.45.236:37252] script '/srv/www/kilicit/aab8.php' not found or unable to stat
[Thu Jun 15 06:43:05.192748 2023] [:error] [pid 8392] [client 148.153.45.236:44360] script '/srv/www/kilicit/aab9.php' not found or unable to stat
[Thu Jun 15 06:45:02.267431 2023] [:error] [pid 8391] [client 46.161.15.38:53294] script '/srv/www/kilicit/wp-login.php' not found or unable to stat
[Thu Jun 15 06:48:09.782462 2023] [:error] [pid 9202] [client 205.185.124.254:51391] script '/srv/www/kilicit/wp-login.php' not found or unable to stat
[Thu Jun 15 07:08:42.688262 2023] [:error] [pid 8396] [client 185.180.143.7:35678] PHP Notice:  A session had already been started - ignoring session_start() in /srv/www/kilicit/movielist/search/home.php on line 8, referer: https://52.137.47.73/movielist/index
[Thu Jun 15 07:27:28.285027 2023] [core:error] [pid 8396] [client 209.222.252.91:34599] AH00126: Invalid URI in request GET /../movielist/index HTTP/1.1
[Thu Jun 15 07:28:08.536785 2023] [:error] [pid 9201] [client 212.60.240.150:59485] PHP Notice:  A session had already been started - ignoring session_start() in /srv/www/kilicit/movielist/search/home.php on line 8
[Thu Jun 15 07:34:39.235198 2023] [:error] [pid 9205] [client 94.152.13.49:58620] script '/srv/www/kilicit/xmlrpc.php' not found or unable to stat
[Thu Jun 15 07:34:43.665778 2023] [:error] [pid 8396] [client 23.102.162.188:39104] script '/srv/www/kilicit/xmlrpc.php' not found or unable to stat
[Thu Jun 15 07:34:50.819277 2023] [:error] [pid 9201] [client 94.152.13.49:58634] script '/srv/www/kilicit/xmlrpc.php' not found or unable to stat
[Thu Jun 15 07:34:54.658048 2023] [:error] [pid 8391] [client 137.184.177.66:33666] script '/srv/www/kilicit/xmlrpc.php' not found or unable to stat
[Thu Jun 15 07:34:56.748722 2023] [:error] [pid 8395] [client 88.198.66.75:42350] script '/srv/www/kilicit/xmlrpc.php' not found or unable to stat
[Thu Jun 15 07:34:58.337770 2023] [:error] [pid 8392] [client 94.152.13.49:58648] script '/srv/www/kilicit/xmlrpc.php' not found or unable to stat
[Thu Jun 15 07:35:02.507599 2023] [:error] [pid 9202] [client 207.180.239.33:40546] script '/srv/www/kilicit/xmlrpc.php' not found or unable to stat
[Thu Jun 15 07:35:03.460308 2023] [:error] [pid 8393] [client 51.68.152.21:60582] script '/srv/www/kilicit/xmlrpc.php' not found or unable to stat
[Thu Jun 15 07:35:06.518151 2023] [:error] [pid 8395] [client 89.208.149.29:43112] script '/srv/www/kilicit/xmlrpc.php' not found or unable to stat
[Thu Jun 15 07:35:09.358700 2023] [:error] [pid 8392] [client 112.217.160.186:50967] script '/srv/www/kilicit/xmlrpc.php' not found or unable to stat
[Thu Jun 15 07:35:09.460949 2023] [:error] [pid 9202] [client 203.20.113.125:51324] script '/srv/www/kilicit/xmlrpc.php' not found or unable to stat
[Thu Jun 15 07:35:10.558745 2023] [:error] [pid 8393] [client 194.22.17.211:48910] script '/srv/www/kilicit/xmlrpc.php' not found or unable to stat
[Thu Jun 15 07:35:14.822876 2023] [:error] [pid 8395] [client 184.168.99.50:37157] script '/srv/www/kilicit/xmlrpc.php' not found or unable to stat
[Thu Jun 15 07:35:23.035221 2023] [:error] [pid 8396] [client 103.148.156.48:37222] script '/srv/www/kilicit/xmlrpc.php' not found or unable to stat
[Thu Jun 15 07:35:24.006518 2023] [:error] [pid 9202] [client 199.250.206.103:33914] script '/srv/www/kilicit/xmlrpc.php' not found or unable to stat
[Thu Jun 15 08:57:02.955875 2023] [:error] [pid 8396] [client 210.48.237.123:60638] PHP Notice:  A session had already been started - ignoring session_start() in /srv/www/kilicit/movielist/search/home.php on line 8
[Thu Jun 15 09:05:03.442822 2023] [:error] [pid 9201] [client 212.60.240.150:61243] PHP Notice:  A session had already been started - ignoring session_start() in /srv/www/kilicit/movielist/search/home.php on line 8, referer: https://portal.azure.com/
[Thu Jun 15 10:08:05.522453 2023] [:error] [pid 8395] [client 83.97.73.89:52354] PHP Notice:  A session had already been started - ignoring session_start() in /srv/www/kilicit/movielist/search/home.php on line 8, referer: https://52.137.47.73:443/movielist/index
[Thu Jun 15 10:35:02.434899 2023] [:error] [pid 9202] [client 107.150.103.81:53976] script '/srv/www/kilicit/xmlrpc.php' not found or unable to stat
[Thu Jun 15 10:35:03.161169 2023] [:error] [pid 8393] [client 80.82.77.2:37930] script '/srv/www/kilicit/xmlrpc.php' not found or unable to stat
[Thu Jun 15 10:35:05.521824 2023] [:error] [pid 8395] [client 120.27.248.75:46634] script '/srv/www/kilicit/xmlrpc.php' not found or unable to stat
[Thu Jun 15 10:35:12.463013 2023] [:error] [pid 9205] [client 66.29.146.73:47682] script '/srv/www/kilicit/xmlrpc.php' not found or unable to stat
[Thu Jun 15 10:35:13.679252 2023] [:error] [pid 9202] [client 162.0.209.211:46406] script '/srv/www/kilicit/xmlrpc.php' not found or unable to stat
[Thu Jun 15 10:35:18.378139 2023] [:error] [pid 8395] [client 89.208.149.29:49846] script '/srv/www/kilicit/xmlrpc.php' not found or unable to stat
[Thu Jun 15 10:35:18.486177 2023] [:error] [pid 9205] [client 164.68.100.166:45516] script '/srv/www/kilicit/xmlrpc.php' not found or unable to stat
[Thu Jun 15 10:35:19.307052 2023] [:error] [pid 8392] [client 141.98.18.59:52284] script '/srv/www/kilicit/xmlrpc.php' not found or unable to stat
[Thu Jun 15 10:35:21.107742 2023] [:error] [pid 9201] [client 43.154.17.104:34930] script '/srv/www/kilicit/xmlrpc.php' not found or unable to stat
[Thu Jun 15 10:35:28.914174 2023] [:error] [pid 8391] [client 34.248.155.140:30979] script '/srv/www/kilicit/xmlrpc.php' not found or unable to stat
[Thu Jun 15 10:35:32.537119 2023] [:error] [pid 8395] [client 51.222.241.239:49262] script '/srv/www/kilicit/xmlrpc.php' not found or unable to stat
[Thu Jun 15 10:35:37.579362 2023] [:error] [pid 8392] [client 80.82.77.2:58898] script '/srv/www/kilicit/xmlrpc.php' not found or unable to stat
[Thu Jun 15 10:35:46.369427 2023] [:error] [pid 9201] [client 107.150.103.81:38202] script '/srv/www/kilicit/xmlrpc.php' not found or unable to stat
[Thu Jun 15 10:36:20.392368 2023] [:error] [pid 8391] [client 50.87.144.141:51734] script '/srv/www/kilicit/xmlrpc.php' not found or unable to stat
[Thu Jun 15 11:26:35.352047 2023] [:error] [pid 8396] [client 104.248.208.136:50646] script '/srv/www/kilicit/auth.php' not found or unable to stat
[Thu Jun 15 12:19:14.305976 2023] [:error] [pid 9202] [client 103.148.156.48:48860] script '/srv/www/kilicit/xmlrpc.php' not found or unable to stat
[Thu Jun 15 12:19:15.310400 2023] [:error] [pid 8393] [client 51.89.7.156:49904] script '/srv/www/kilicit/xmlrpc.php' not found or unable to stat
[Thu Jun 15 12:19:16.787802 2023] [:error] [pid 8395] [client 194.147.142.17:36058] script '/srv/www/kilicit/xmlrpc.php' not found or unable to stat
[Thu Jun 15 12:19:24.707827 2023] [:error] [pid 9202] [client 188.225.23.170:55356] script '/srv/www/kilicit/xmlrpc.php' not found or unable to stat
[Thu Jun 15 12:19:25.641047 2023] [:error] [pid 8393] [client 43.154.17.104:44360] script '/srv/www/kilicit/xmlrpc.php' not found or unable to stat
[Thu Jun 15 12:19:26.901384 2023] [:error] [pid 8391] [client 194.147.142.17:36820] script '/srv/www/kilicit/xmlrpc.php' not found or unable to stat
[Thu Jun 15 12:19:28.773568 2023] [:error] [pid 9205] [client 173.209.54.206:58904] script '/srv/www/kilicit/xmlrpc.php' not found or unable to stat
[Thu Jun 15 12:19:29.166321 2023] [:error] [pid 9202] [client 68.183.67.85:39512] script '/srv/www/kilicit/xmlrpc.php' not found or unable to stat
[Thu Jun 15 12:19:38.562877 2023] [:error] [pid 8393] [client 162.0.235.223:49002] script '/srv/www/kilicit/xmlrpc.php' not found or unable to stat
[Thu Jun 15 12:19:38.970387 2023] [:error] [pid 8391] [client 183.91.14.212:56648] script '/srv/www/kilicit/xmlrpc.php' not found or unable to stat
[Thu Jun 15 12:19:42.470507 2023] [:error] [pid 9205] [client 156.230.245.74:58300] script '/srv/www/kilicit/xmlrpc.php' not found or unable to stat
[Thu Jun 15 12:19:43.222119 2023] [:error] [pid 9202] [client 173.201.180.168:25302] script '/srv/www/kilicit/xmlrpc.php' not found or unable to stat
[Thu Jun 15 12:19:45.234749 2023] [:error] [pid 8393] [client 183.91.14.212:57660] script '/srv/www/kilicit/xmlrpc.php' not found or unable to stat
[Thu Jun 15 12:19:46.308570 2023] [:error] [pid 8395] [client 107.150.103.81:58100] script '/srv/www/kilicit/xmlrpc.php' not found or unable to stat
[Thu Jun 15 14:37:15.698430 2023] [:error] [pid 9202] [client 83.97.73.89:52490] PHP Notice:  A session had already been started - ignoring session_start() in /srv/www/kilicit/movielist/search/home.php on line 8, referer: https://52.137.47.73:443/movielist/index
[Thu Jun 15 14:42:34.504756 2023] [:error] [pid 8391] [client 164.68.100.166:44448] script '/srv/www/kilicit/xmlrpc.php' not found or unable to stat
[Thu Jun 15 14:42:38.177072 2023] [:error] [pid 8392] [client 37.46.135.126:58448] script '/srv/www/kilicit/xmlrpc.php' not found or unable to stat
[Thu Jun 15 14:42:38.581007 2023] [:error] [pid 9201] [client 139.59.120.161:41990] script '/srv/www/kilicit/xmlrpc.php' not found or unable to stat
[Thu Jun 15 14:42:41.925094 2023] [:error] [pid 8396] [client 199.250.206.103:56060] script '/srv/www/kilicit/xmlrpc.php' not found or unable to stat
[Thu Jun 15 14:42:45.882459 2023] [:error] [pid 8391] [client 164.68.100.166:51064] script '/srv/www/kilicit/xmlrpc.php' not found or unable to stat
[Thu Jun 15 14:42:48.626775 2023] [:error] [pid 9205] [client 137.184.177.66:33276] script '/srv/www/kilicit/xmlrpc.php' not found or unable to stat
[Thu Jun 15 14:42:48.823015 2023] [:error] [pid 9201] [client 164.68.100.166:52592] script '/srv/www/kilicit/xmlrpc.php' not found or unable to stat
[Thu Jun 15 14:42:52.367098 2023] [:error] [pid 8396] [client 207.180.239.33:52584] script '/srv/www/kilicit/xmlrpc.php' not found or unable to stat
[Thu Jun 15 14:42:57.112538 2023] [:error] [pid 8392] [client 173.201.180.168:18598] script '/srv/www/kilicit/xmlrpc.php' not found or unable to stat
[Thu Jun 15 14:42:57.173594 2023] [:error] [pid 8395] [client 34.95.136.51:53850] script '/srv/www/kilicit/xmlrpc.php' not found or unable to stat
[Thu Jun 15 14:42:57.340500 2023] [:error] [pid 9201] [client 80.82.77.2:34600] script '/srv/www/kilicit/xmlrpc.php' not found or unable to stat
[Thu Jun 15 14:43:02.628353 2023] [:error] [pid 8396] [client 51.210.156.16:58752] script '/srv/www/kilicit/xmlrpc.php' not found or unable to stat
[Thu Jun 15 14:43:07.732974 2023] [:error] [pid 8391] [client 45.139.11.13:39414] script '/srv/www/kilicit/xmlrpc.php' not found or unable to stat
[Thu Jun 15 14:43:09.018276 2023] [:error] [pid 9205] [client 103.148.156.48:44284] script '/srv/www/kilicit/xmlrpc.php' not found or unable to stat
[Thu Jun 15 14:43:16.095397 2023] [:error] [pid 8395] [client 103.234.209.66:60518] script '/srv/www/kilicit/xmlrpc.php' not found or unable to stat
[Thu Jun 15 15:15:09.539259 2023] [:error] [pid 9202] [client 83.97.73.89:58020] PHP Notice:  A session had already been started - ignoring session_start() in /srv/www/kilicit/movielist/search/home.php on line 8, referer: https://52.137.47.73:443/movielist/index
[Thu Jun 15 15:21:39.968127 2023] [:error] [pid 8393] [client 95.223.106.227:58565] PHP Notice:  A session had already been started - ignoring session_start() in /srv/www/kilicit/movielist/search/home.php on line 8
[Thu Jun 15 15:21:53.137002 2023] [:error] [pid 8391] [client 95.223.106.227:40420] PHP Warning:  mysqli::__construct(): (HY000/1045): Access denied for user ''@'localhost' (using password: NO) in /srv/www/kilicit/web/login.php on line 17, referer: https://kilic.it/web/login
[Thu Jun 15 15:21:58.210216 2023] [:error] [pid 8392] [client 95.223.106.227:40393] script '/srv/www/kilicit/web/index.php' not found or unable to stat, referer: https://kilic.it/web/login
[Thu Jun 15 15:22:01.797797 2023] [:error] [pid 8392] [client 95.223.106.227:40393] script '/srv/www/kilicit/web/index.php' not found or unable to stat, referer: https://kilic.it/web/login
[Thu Jun 15 15:22:07.433155 2023] [:error] [pid 9205] [client 95.223.106.227:58722] script '/srv/www/kilicit/web/inde.php' not found or unable to stat
[Thu Jun 15 15:22:09.723510 2023] [:error] [pid 9205] [client 95.223.106.227:58722] script '/srv/www/kilicit/web/index.php' not found or unable to stat
[Thu Jun 15 15:22:17.009578 2023] [:error] [pid 9201] [client 95.223.106.227:53391] script '/srv/www/kilicit/web/indexhtml.php' not found or unable to stat
[Thu Jun 15 15:22:46.859838 2023] [:error] [pid 8393] [client 95.223.106.227:43099] script '/srv/www/kilicit/web/index.php' not found or unable to stat, referer: https://kilic.it/web/login
[Thu Jun 15 15:26:27.660382 2023] [:error] [pid 31749] [client 95.223.106.227:58580] script '/srv/www/kilicit/web/index.php' not found or unable to stat
[Thu Jun 15 15:26:59.759116 2023] [:error] [pid 32636] [client 95.223.106.227:33025] script '/srv/www/kilicit/web/index.php' not found or unable to stat
[Thu Jun 15 15:27:17.350637 2023] [:error] [pid 32638] [client 95.223.106.227:58699] script '/srv/www/kilicit/web/index.php' not found or unable to stat, referer: https://kilic.it/web/login
[Thu Jun 15 15:27:18.610322 2023] [:error] [pid 32638] [client 95.223.106.227:58699] script '/srv/www/kilicit/web/index.php' not found or unable to stat, referer: https://kilic.it/web/login
[Thu Jun 15 15:29:16.331443 2023] [:error] [pid 351] [client 95.223.106.227:56012] script '/srv/www/kilicit/web/index.php' not found or unable to stat
[Thu Jun 15 15:29:18.162142 2023] [:error] [pid 351] [client 95.223.106.227:56012] script '/srv/www/kilicit/web/index.php' not found or unable to stat
[Thu Jun 15 15:29:19.643173 2023] [:error] [pid 351] [client 95.223.106.227:56012] script '/srv/www/kilicit/web/index.php' not found or unable to stat
[Thu Jun 15 15:29:19.886845 2023] [:error] [pid 351] [client 95.223.106.227:56012] script '/srv/www/kilicit/web/index.php' not found or unable to stat
[Thu Jun 15 15:29:20.114260 2023] [:error] [pid 351] [client 95.223.106.227:56012] script '/srv/www/kilicit/web/index.php' not found or unable to stat
[Thu Jun 15 15:29:20.336163 2023] [:error] [pid 351] [client 95.223.106.227:56012] script '/srv/www/kilicit/web/index.php' not found or unable to stat
[Thu Jun 15 15:29:20.495310 2023] [:error] [pid 351] [client 95.223.106.227:56012] script '/srv/www/kilicit/web/index.php' not found or unable to stat
[Thu Jun 15 15:29:20.768950 2023] [:error] [pid 351] [client 95.223.106.227:56012] script '/srv/www/kilicit/web/index.php' not found or unable to stat
[Thu Jun 15 15:29:20.990606 2023] [:error] [pid 351] [client 95.223.106.227:56012] script '/srv/www/kilicit/web/index.php' not found or unable to stat
[Thu Jun 15 15:29:21.278788 2023] [:error] [pid 351] [client 95.223.106.227:56012] script '/srv/www/kilicit/web/index.php' not found or unable to stat
[Thu Jun 15 15:29:21.472253 2023] [:error] [pid 351] [client 95.223.106.227:56012] script '/srv/www/kilicit/web/index.php' not found or unable to stat
[Thu Jun 15 15:29:21.662660 2023] [:error] [pid 351] [client 95.223.106.227:56012] script '/srv/www/kilicit/web/index.php' not found or unable to stat
[Thu Jun 15 15:29:21.876560 2023] [:error] [pid 351] [client 95.223.106.227:56012] script '/srv/www/kilicit/web/index.php' not found or unable to stat
[Thu Jun 15 15:29:22.071733 2023] [:error] [pid 351] [client 95.223.106.227:56012] script '/srv/www/kilicit/web/index.php' not found or unable to stat
[Thu Jun 15 15:29:22.290409 2023] [:error] [pid 351] [client 95.223.106.227:56012] script '/srv/www/kilicit/web/index.php' not found or unable to stat
[Thu Jun 15 15:29:22.511562 2023] [:error] [pid 351] [client 95.223.106.227:56012] script '/srv/www/kilicit/web/index.php' not found or unable to stat
[Thu Jun 15 15:29:22.694476 2023] [:error] [pid 351] [client 95.223.106.227:56012] script '/srv/www/kilicit/web/index.php' not found or unable to stat
[Thu Jun 15 15:29:22.915137 2023] [:error] [pid 351] [client 95.223.106.227:56012] script '/srv/www/kilicit/web/index.php' not found or unable to stat
[Thu Jun 15 15:29:23.231619 2023] [:error] [pid 351] [client 95.223.106.227:56012] script '/srv/www/kilicit/web/index.php' not found or unable to stat
[Thu Jun 15 15:29:23.395642 2023] [:error] [pid 351] [client 95.223.106.227:56012] script '/srv/www/kilicit/web/index.php' not found or unable to stat
[Thu Jun 15 15:29:23.662560 2023] [:error] [pid 351] [client 95.223.106.227:56012] script '/srv/www/kilicit/web/index.php' not found or unable to stat
[Thu Jun 15 15:29:26.228771 2023] [:error] [pid 354] [client 95.223.106.227:33047] script '/srv/www/kilicit/web/index.php' not found or unable to stat
[Thu Jun 15 15:29:32.085381 2023] [:error] [pid 352] [client 95.223.106.227:53391] script '/srv/www/kilicit/web/index.php' not found or unable to stat
[Thu Jun 15 15:34:01.207775 2023] [:error] [pid 360] [client 95.223.106.227:40409] PHP Warning:  mysqli::__construct(): (HY000/1045): Access denied for user ''@'localhost' (using password: NO) in /srv/www/kilicit/web/login.php on line 17, referer: https://kilic.it/web/login
[Thu Jun 15 15:48:09.767514 2023] [core:error] [pid 351] [client 83.97.73.89:49836] AH00126: Invalid URI in request POST /cgi-bin/.%2e/.%2e/.%2e/.%2e/bin/sh HTTP/1.1
[Thu Jun 15 15:50:26.132320 2023] [:error] [pid 361] [client 95.223.106.227:53390] PHP Notice:  Trying to get property of non-object in /srv/www/kilicit/web/login.php on line 16, referer: https://kilic.it/web/login
[Thu Jun 15 15:51:50.223444 2023] [:error] [pid 354] [client 95.223.106.227:53429] PHP Warning:  require(./php/config.php): failed to open stream: No such file or directory in /srv/www/kilicit/web/account/login.php on line 4, referer: https://kilic.it/web/index
[Thu Jun 15 15:51:50.223484 2023] [:error] [pid 354] [client 95.223.106.227:53429] PHP Fatal error:  require(): Failed opening required './php/config.php' (include_path='.:/usr/share/php') in /srv/www/kilicit/web/account/login.php on line 4, referer: https://kilic.it/web/index
[Thu Jun 15 15:52:09.654892 2023] [:error] [pid 360] [client 95.223.106.227:43106] PHP Warning:  require(./php/config.php): failed to open stream: No such file or directory in /srv/www/kilicit/web/account/login.php on line 4, referer: https://kilic.it/web/index
[Thu Jun 15 15:52:09.654927 2023] [:error] [pid 360] [client 95.223.106.227:43106] PHP Fatal error:  require(): Failed opening required './php/config.php' (include_path='.:/usr/share/php') in /srv/www/kilicit/web/account/login.php on line 4, referer: https://kilic.it/web/index
[Thu Jun 15 15:52:11.718406 2023] [:error] [pid 361] [client 95.223.106.227:58705] PHP Warning:  require(./php/config.php): failed to open stream: No such file or directory in /srv/www/kilicit/web/account/login.php on line 4, referer: https://kilic.it/web/index
