[Sat Jun 10 06:38:28.161253 2023] [:error] [pid 23021] [client 46.114.139.179:41432] PHP Notice:  A session had already been started - ignoring session_start() in /srv/www/kilicit/movielist/search/home.php on line 8, referer: https://kilic.it/movielist/reglog/login
[Sat Jun 10 06:38:36.827945 2023] [:error] [pid 22787] [client 46.114.139.179:50828] PHP Notice:  A session had already been started - ignoring session_start() in /srv/www/kilicit/movielist/search/search.php on line 6, referer: https://kilic.it/movielist/search/home
[Sat Jun 10 06:38:37.071564 2023] [:error] [pid 22787] [client 46.114.139.179:50828] PHP Notice:  Undefined index: Search in /srv/www/kilicit/movielist/search/search.php on line 83, referer: https://kilic.it/movielist/search/home
[Sat Jun 10 06:38:37.071609 2023] [:error] [pid 22787] [client 46.114.139.179:50828] PHP Warning:  Invalid argument supplied for foreach() in /srv/www/kilicit/movielist/search/search.php on line 83, referer: https://kilic.it/movielist/search/home
[Sat Jun 10 06:39:47.778880 2023] [:error] [pid 22987] [client 46.114.139.179:39765] PHP Notice:  A session had already been started - ignoring session_start() in /srv/www/kilicit/movielist/search/home.php on line 8, referer: https://kilic.it/movielist/search/search.php?query=ajioafifeaifgea
[Sat Jun 10 06:39:51.512894 2023] [:error] [pid 22789] [client 46.114.139.179:35139] PHP Notice:  A session had already been started - ignoring session_start() in /srv/www/kilicit/movielist/search/search.php on line 6, referer: https://kilic.it/movielist/search/home
[Sat Jun 10 06:39:51.712933 2023] [:error] [pid 22789] [client 46.114.139.179:35139] PHP Notice:  Undefined index: Search in /srv/www/kilicit/movielist/search/search.php on line 83, referer: https://kilic.it/movielist/search/home
[Sat Jun 10 06:39:51.712972 2023] [:error] [pid 22789] [client 46.114.139.179:35139] PHP Warning:  Invalid argument supplied for foreach() in /srv/www/kilicit/movielist/search/search.php on line 83, referer: https://kilic.it/movielist/search/home
[Sat Jun 10 06:39:54.307956 2023] [:error] [pid 22789] [client 46.114.139.179:35139] PHP Notice:  A session had already been started - ignoring session_start() in /srv/www/kilicit/movielist/search/home.php on line 8, referer: https://kilic.it/movielist/search/search?query=dlneaknakeg
[Sat Jun 10 06:39:57.963030 2023] [:error] [pid 22789] [client 46.114.139.179:35139] PHP Notice:  A session had already been started - ignoring session_start() in /srv/www/kilicit/movielist/search/search.php on line 6, referer: https://kilic.it/movielist/search/home
[Sat Jun 10 06:40:10.401731 2023] [:error] [pid 22791] [client 46.114.139.179:33032] PHP Notice:  A session had already been started - ignoring session_start() in /srv/www/kilicit/movielist/search/details.php on line 6, referer: https://kilic.it/movielist/search/search?query=suits
[Sat Jun 10 06:40:13.861503 2023] [:error] [pid 22791] [client 46.114.139.179:33032] PHP Notice:  A session had already been started - ignoring session_start() in /srv/www/kilicit/movielist/search/home.php on line 8, referer: https://kilic.it/movielist/search/details?id=tt1632701
[Sat Jun 10 06:41:38.575999 2023] [:error] [pid 22790] [client 46.114.139.179:39646] PHP Notice:  A session had already been started - ignoring session_start() in /srv/www/kilicit/movielist/search/home.php on line 8, referer: https://kilic.it/movielist/search/home
[Sat Jun 10 06:41:39.884170 2023] [:error] [pid 22790] [client 46.114.139.179:39646] PHP Notice:  A session had already been started - ignoring session_start() in /srv/www/kilicit/movielist/search/home.php on line 8, referer: https://kilic.it/movielist/search/home.php
[Sat Jun 10 06:41:40.326304 2023] [:error] [pid 22790] [client 46.114.139.179:39646] PHP Notice:  A session had already been started - ignoring session_start() in /srv/www/kilicit/movielist/search/home.php on line 8, referer: https://kilic.it/movielist/search/home.php
[Sat Jun 10 06:41:40.633662 2023] [:error] [pid 22790] [client 46.114.139.179:39646] PHP Notice:  A session had already been started - ignoring session_start() in /srv/www/kilicit/movielist/search/home.php on line 8, referer: https://kilic.it/movielist/search/home.php
[Sat Jun 10 06:41:40.733774 2023] [:error] [pid 22790] [client 46.114.139.179:39646] PHP Notice:  A session had already been started - ignoring session_start() in /srv/www/kilicit/movielist/search/home.php on line 8, referer: https://kilic.it/movielist/search/home.php
[Sat Jun 10 06:41:41.063530 2023] [:error] [pid 22790] [client 46.114.139.179:39646] PHP Notice:  A session had already been started - ignoring session_start() in /srv/www/kilicit/movielist/search/home.php on line 8, referer: https://kilic.it/movielist/search/home.php
[Sat Jun 10 06:41:41.197847 2023] [:error] [pid 22790] [client 46.114.139.179:39646] PHP Notice:  A session had already been started - ignoring session_start() in /srv/www/kilicit/movielist/search/home.php on line 8, referer: https://kilic.it/movielist/search/home.php
[Sat Jun 10 06:41:42.324741 2023] [:error] [pid 22790] [client 46.114.139.179:39646] PHP Notice:  A session had already been started - ignoring session_start() in /srv/www/kilicit/movielist/search/home.php on line 8, referer: https://kilic.it/movielist/search/home.php
[Sat Jun 10 06:41:43.216389 2023] [:error] [pid 22790] [client 46.114.139.179:39646] PHP Notice:  A session had already been started - ignoring session_start() in /srv/www/kilicit/movielist/search/home.php on line 8, referer: https://kilic.it/movielist/search/home
[Sat Jun 10 06:44:21.467312 2023] [:error] [pid 22788] [client 46.114.139.179:58605] PHP Notice:  A session had already been started - ignoring session_start() in /srv/www/kilicit/movielist/search/home.php on line 8, referer: https://kilic.it/movielist/search/home.php
[Sat Jun 10 06:44:25.245151 2023] [:error] [pid 22788] [client 46.114.139.179:58605] PHP Notice:  A session had already been started - ignoring session_start() in /srv/www/kilicit/movielist/search/search.php on line 6, referer: https://kilic.it/movielist/search/home
[Sat Jun 10 06:44:38.802241 2023] [:error] [pid 23021] [client 46.114.139.179:59678] PHP Notice:  A session had already been started - ignoring session_start() in /srv/www/kilicit/movielist/search/details.php on line 6, referer: https://kilic.it/movielist/search/search?query=Suits
[Sat Jun 10 06:45:01.477808 2023] [:error] [pid 22787] [client 46.114.139.179:48275] PHP Notice:  A session had already been started - ignoring session_start() in /srv/www/kilicit/movielist/search/search.php on line 6, referer: https://kilic.it/movielist/search/home
[Sat Jun 10 06:45:08.105257 2023] [:error] [pid 22787] [client 46.114.139.179:48275] PHP Notice:  A session had already been started - ignoring session_start() in /srv/www/kilicit/movielist/search/search.php on line 6, referer: https://kilic.it/movielist/search/search?query=Suits
[Sat Jun 10 06:45:17.881694 2023] [:error] [pid 22787] [client 46.114.139.179:48275] PHP Notice:  A session had already been started - ignoring session_start() in /srv/www/kilicit/movielist/search/home.php on line 8, referer: https://kilic.it/movielist/search/search?query=Suits&page=2
[Sat Jun 10 06:50:37.954552 2023] [:error] [pid 23701] [client 46.114.139.179:33768] PHP Notice:  A session had already been started - ignoring session_start() in /srv/www/kilicit/movielist/search/home.php on line 8
[Sat Jun 10 06:50:46.621458 2023] [:error] [pid 23700] [client 46.114.139.179:47335] PHP Notice:  A session had already been started - ignoring session_start() in /srv/www/kilicit/movielist/search/home.php on line 8
[Sat Jun 10 06:50:52.487382 2023] [:error] [pid 23702] [client 46.114.139.179:34141] PHP Notice:  A session had already been started - ignoring session_start() in /srv/www/kilicit/movielist/reglog/login.php on line 13, referer: https://kilic.it/movielist/reglog/login
[Sat Jun 10 06:50:52.566672 2023] [:error] [pid 23702] [client 46.114.139.179:34141] PHP Notice:  A session had already been started - ignoring session_start() in /srv/www/kilicit/movielist/search/home.php on line 8, referer: https://kilic.it/movielist/reglog/login
[Sat Jun 10 06:51:17.099371 2023] [:error] [pid 23702] [client 83.97.73.89:37144] PHP Notice:  A session had already been started - ignoring session_start() in /srv/www/kilicit/movielist/search/home.php on line 8, referer: https://52.137.47.73:443/movielist/index
[Sat Jun 10 07:46:28.288936 2023] [:error] [pid 23701] [client 103.133.109.199:65223] PHP Notice:  A session had already been started - ignoring session_start() in /srv/www/kilicit/movielist/search/home.php on line 8
[Sat Jun 10 07:58:18.467887 2023] [:error] [pid 23700] [client 68.183.67.85:59870] script '/srv/www/kilicit/xmlrpc.php' not found or unable to stat
[Sat Jun 10 07:58:18.607504 2023] [:error] [pid 23701] [client 207.180.239.33:51916] script '/srv/www/kilicit/xmlrpc.php' not found or unable to stat
[Sat Jun 10 07:58:21.193333 2023] [:error] [pid 23698] [client 185.98.5.230:58550] script '/srv/www/kilicit/xmlrpc.php' not found or unable to stat
[Sat Jun 10 07:58:24.507284 2023] [:error] [pid 23710] [client 50.116.25.191:51922] script '/srv/www/kilicit/xmlrpc.php' not found or unable to stat
[Sat Jun 10 07:58:30.266897 2023] [:error] [pid 23702] [client 188.68.47.117:48064] script '/srv/www/kilicit/xmlrpc.php' not found or unable to stat
[Sat Jun 10 07:58:30.373893 2023] [:error] [pid 23708] [client 34.87.13.214:38678] script '/srv/www/kilicit/xmlrpc.php' not found or unable to stat
[Sat Jun 10 07:58:30.566067 2023] [:error] [pid 23699] [client 188.127.239.141:52396] script '/srv/www/kilicit/xmlrpc.php' not found or unable to stat
[Sat Jun 10 07:58:33.899877 2023] [:error] [pid 23700] [client 89.208.149.29:57280] script '/srv/www/kilicit/xmlrpc.php' not found or unable to stat
[Sat Jun 10 07:58:34.845576 2023] [:error] [pid 23702] [client 207.180.239.33:57666] script '/srv/www/kilicit/xmlrpc.php' not found or unable to stat
[Sat Jun 10 07:58:34.958790 2023] [:error] [pid 23708] [client 164.68.100.166:32856] script '/srv/www/kilicit/xmlrpc.php' not found or unable to stat
[Sat Jun 10 07:58:37.967713 2023] [:error] [pid 23710] [client 173.201.180.168:30062] script '/srv/www/kilicit/xmlrpc.php' not found or unable to stat
[Sat Jun 10 07:58:38.099809 2023] [:error] [pid 23701] [client 80.39.120.225:53026] script '/srv/www/kilicit/xmlrpc.php' not found or unable to stat
[Sat Jun 10 07:58:46.410733 2023] [:error] [pid 23698] [client 184.171.174.122:37180] script '/srv/www/kilicit/xmlrpc.php' not found or unable to stat
[Sat Jun 10 07:58:50.768532 2023] [:error] [pid 23699] [client 183.91.14.212:45982] script '/srv/www/kilicit/xmlrpc.php' not found or unable to stat
[Sat Jun 10 07:58:56.485622 2023] [:error] [pid 23710] [client 194.22.17.211:57854] script '/srv/www/kilicit/xmlrpc.php' not found or unable to stat
[Sat Jun 10 07:59:00.082608 2023] [:error] [pid 23702] [client 184.171.174.122:38152] script '/srv/www/kilicit/xmlrpc.php' not found or unable to stat
[Sat Jun 10 08:16:15.822401 2023] [:error] [pid 23699] [client 46.114.139.179:34273] PHP Notice:  A session had already been started - ignoring session_start() in /srv/www/kilicit/movielist/search/home.php on line 8
[Sat Jun 10 08:16:29.544491 2023] [:error] [pid 23702] [client 46.114.139.179:60140] PHP Notice:  A session had already been started - ignoring session_start() in /srv/www/kilicit/movielist/reglog/login.php on line 13, referer: https://kilic.it/movielist/reglog/login
[Sat Jun 10 08:16:29.631027 2023] [:error] [pid 23702] [client 46.114.139.179:60140] PHP Notice:  A session had already been started - ignoring session_start() in /srv/www/kilicit/movielist/search/home.php on line 8, referer: https://kilic.it/movielist/reglog/login
[Sat Jun 10 08:16:38.302064 2023] [:error] [pid 23708] [client 46.114.139.179:45662] script '/srv/www/kilicit/movielist/search/liste.php' not found or unable to stat, referer: https://kilic.it/movielist/search/home
[Sat Jun 10 08:16:40.302269 2023] [:error] [pid 23708] [client 46.114.139.179:45662] PHP Notice:  A session had already been started - ignoring session_start() in /srv/www/kilicit/movielist/search/home.php on line 8, referer: https://kilic.it/movielist/reglog/login
[Sat Jun 10 08:16:42.246170 2023] [:error] [pid 23708] [client 46.114.139.179:45662] PHP Notice:  A session had already been started - ignoring session_start() in /srv/www/kilicit/movielist/search/home.php on line 8, referer: https://kilic.it/movielist/search/home
[Sat Jun 10 08:16:43.099463 2023] [:error] [pid 23708] [client 46.114.139.179:45662] PHP Notice:  A session had already been started - ignoring session_start() in /srv/www/kilicit/movielist/search/home.php on line 8, referer: https://kilic.it/movielist/search/home
[Sat Jun 10 08:16:45.340575 2023] [:error] [pid 23708] [client 46.114.139.179:45662] PHP Notice:  A session had already been started - ignoring session_start() in /srv/www/kilicit/movielist/search/home.php on line 8, referer: https://kilic.it/movielist/search/home.php
[Sat Jun 10 08:16:52.019575 2023] [:error] [pid 23700] [client 46.114.139.179:62965] PHP Notice:  A session had already been started - ignoring session_start() in /srv/www/kilicit/movielist/search/search.php on line 6, referer: https://kilic.it/movielist/search/home
[Sat Jun 10 08:17:23.718432 2023] [:error] [pid 23702] [client 46.114.139.179:46788] PHP Notice:  A session had already been started - ignoring session_start() in /srv/www/kilicit/movielist/search/details.php on line 6, referer: https://kilic.it/movielist/search/search?query=Oppenheimer
[Sat Jun 10 08:17:29.588646 2023] [:error] [pid 23710] [client 46.114.139.179:61381] PHP Notice:  A session had already been started - ignoring session_start() in /srv/www/kilicit/movielist/search/search.php on line 6, referer: https://kilic.it/movielist/search/home
[Sat Jun 10 08:17:48.927598 2023] [:error] [pid 23699] [client 46.114.139.179:37641] PHP Notice:  A session had already been started - ignoring session_start() in /srv/www/kilicit/movielist/search/home.php on line 8, referer: https://kilic.it/movielist/search/search?query=Oppenheimer
[Sat Jun 10 08:40:45.583564 2023] [:error] [pid 23698] [client 195.161.41.70:50344] script '/srv/www/kilicit/xmlrpc.php' not found or unable to stat
[Sat Jun 10 08:40:46.936301 2023] [:error] [pid 23702] [client 80.82.77.2:51670] script '/srv/www/kilicit/xmlrpc.php' not found or unable to stat
[Sat Jun 10 08:40:52.608447 2023] [:error] [pid 23699] [client 51.68.152.21:63966] script '/srv/www/kilicit/xmlrpc.php' not found or unable to stat
[Sat Jun 10 08:40:55.273138 2023] [:error] [pid 23698] [client 161.35.227.188:34796] script '/srv/www/kilicit/xmlrpc.php' not found or unable to stat
[Sat Jun 10 08:40:56.454505 2023] [:error] [pid 23702] [client 178.33.224.162:44604] script '/srv/www/kilicit/xmlrpc.php' not found or unable to stat
[Sat Jun 10 08:40:57.529017 2023] [:error] [pid 23701] [client 151.80.88.201:48878] script '/srv/www/kilicit/xmlrpc.php' not found or unable to stat
[Sat Jun 10 08:41:00.765457 2023] [:error] [pid 23700] [client 141.147.38.76:43166] script '/srv/www/kilicit/xmlrpc.php' not found or unable to stat
[Sat Jun 10 08:41:01.489471 2023] [:error] [pid 23708] [client 184.168.99.50:54010] script '/srv/www/kilicit/xmlrpc.php' not found or unable to stat
[Sat Jun 10 08:41:02.167622 2023] [:error] [pid 23710] [client 103.130.218.158:43886] script '/srv/www/kilicit/xmlrpc.php' not found or unable to stat
[Sat Jun 10 08:41:07.673817 2023] [:error] [pid 23699] [client 66.94.107.15:57964] script '/srv/www/kilicit/xmlrpc.php' not found or unable to stat
[Sat Jun 10 08:41:08.591520 2023] [:error] [pid 23698] [client 103.247.11.62:55774] script '/srv/www/kilicit/xmlrpc.php' not found or unable to stat
[Sat Jun 10 08:41:10.829972 2023] [:error] [pid 23708] [client 66.29.146.91:34150] script '/srv/www/kilicit/xmlrpc.php' not found or unable to stat
[Sat Jun 10 08:43:37.703222 2023] [:error] [pid 23701] [client 46.114.139.179:53980] PHP Notice:  A session had already been started - ignoring session_start() in /srv/www/kilicit/movielist/search/home.php on line 8, referer: http://127.0.0.1:5500/
[Sat Jun 10 10:22:34.893008 2023] [:error] [pid 23708] [client 83.97.73.89:42200] PHP Notice:  A session had already been started - ignoring session_start() in /srv/www/kilicit/movielist/search/home.php on line 8, referer: https://52.137.47.73:443/movielist/index
[Sat Jun 10 10:48:51.233912 2023] [:error] [pid 23701] [client 23.81.44.58:11498] PHP Notice:  A session had already been started - ignoring session_start() in /srv/www/kilicit/movielist/search/home.php on line 8
[Sat Jun 10 10:48:57.010577 2023] [:error] [pid 23700] [client 83.97.73.89:51776] PHP Notice:  A session had already been started - ignoring session_start() in /srv/www/kilicit/movielist/search/home.php on line 8, referer: https://52.137.47.73:443/movielist/index
[Sat Jun 10 11:30:21.909377 2023] [:error] [pid 23708] [client 183.91.14.212:38744] script '/srv/www/kilicit/xmlrpc.php' not found or unable to stat
[Sat Jun 10 11:30:23.599386 2023] [:error] [pid 23701] [client 34.95.136.51:51796] script '/srv/www/kilicit/xmlrpc.php' not found or unable to stat
[Sat Jun 10 11:30:26.283320 2023] [:error] [pid 23702] [client 176.9.7.94:39964] script '/srv/www/kilicit/xmlrpc.php' not found or unable to stat
[Sat Jun 10 11:30:27.898444 2023] [:error] [pid 23699] [client 107.150.103.81:33612] script '/srv/www/kilicit/xmlrpc.php' not found or unable to stat
[Sat Jun 10 11:30:31.029647 2023] [:error] [pid 23700] [client 15.207.57.248:55658] script '/srv/www/kilicit/xmlrpc.php' not found or unable to stat
[Sat Jun 10 11:30:34.362201 2023] [:error] [pid 23699] [client 51.89.7.156:49018] script '/srv/www/kilicit/xmlrpc.php' not found or unable to stat
[Sat Jun 10 11:30:34.433406 2023] [:error] [pid 23702] [client 23.235.195.123:33004] script '/srv/www/kilicit/xmlrpc.php' not found or unable to stat
[Sat Jun 10 11:30:44.756624 2023] [:error] [pid 23700] [client 184.171.174.122:53472] script '/srv/www/kilicit/xmlrpc.php' not found or unable to stat
[Sat Jun 10 11:30:50.230532 2023] [:error] [pid 23710] [client 173.201.180.168:59158] script '/srv/www/kilicit/xmlrpc.php' not found or unable to stat
[Sat Jun 10 11:30:53.576795 2023] [:error] [pid 23702] [client 162.0.209.211:40588] script '/srv/www/kilicit/xmlrpc.php' not found or unable to stat
[Sat Jun 10 11:30:54.861504 2023] [:error] [pid 23700] [client 137.184.177.66:53272] script '/srv/www/kilicit/xmlrpc.php' not found or unable to stat
[Sat Jun 10 11:30:56.217811 2023] [:error] [pid 23698] [client 43.154.17.104:48894] script '/srv/www/kilicit/xmlrpc.php' not found or unable to stat
[Sat Jun 10 11:30:59.607514 2023] [:error] [pid 23699] [client 168.62.213.17:46462] script '/srv/www/kilicit/xmlrpc.php' not found or unable to stat
[Sat Jun 10 11:31:05.952584 2023] [:error] [pid 23708] [client 103.148.156.48:43330] script '/srv/www/kilicit/xmlrpc.php' not found or unable to stat
[Sat Jun 10 11:31:08.981052 2023] [:error] [pid 23701] [client 47.242.62.161:43470] script '/srv/www/kilicit/xmlrpc.php' not found or unable to stat
[Sat Jun 10 11:53:11.933514 2023] [:error] [pid 23708] [client 92.219.142.34:23116] PHP Notice:  A session had already been started - ignoring session_start() in /srv/www/kilicit/movielist/search/home.php on line 8
[Sat Jun 10 12:03:18.804822 2023] [core:error] [pid 23708] [client 83.97.73.89:42794] AH00126: Invalid URI in request POST /cgi-bin/.%2e/.%2e/.%2e/.%2e/bin/sh HTTP/1.1
[Sat Jun 10 12:38:31.892471 2023] [:error] [pid 23710] [client 159.223.144.75:59814] script '/srv/www/kilicit/ab2g.php' not found or unable to stat
[Sat Jun 10 12:38:32.221049 2023] [:error] [pid 23699] [client 159.223.144.75:59828] script '/srv/www/kilicit/ab2h.php' not found or unable to stat
[Sat Jun 10 12:38:34.865507 2023] [:error] [pid 23698] [client 159.223.144.75:57112] script '/srv/www/kilicit/t4.php' not found or unable to stat
[Sat Jun 10 15:04:58.913598 2023] [:error] [pid 23710] [client 148.153.45.234:45644] script '/srv/www/kilicit/YyT6.php' not found or unable to stat
[Sat Jun 10 15:04:59.483490 2023] [:error] [pid 23702] [client 148.153.45.234:55082] script '/srv/www/kilicit/9qYZ.php' not found or unable to stat
[Sat Jun 10 15:05:00.069043 2023] [:error] [pid 23700] [client 148.153.45.234:55086] script '/srv/www/kilicit/aab8.php' not found or unable to stat
[Sat Jun 10 15:05:01.281166 2023] [:error] [pid 23701] [client 148.153.45.234:55102] script '/srv/www/kilicit/aab9.php' not found or unable to stat
[Sat Jun 10 15:09:10.939134 2023] [:error] [pid 31579] [client 83.97.73.89:40860] script '/srv/www/kilicit/geoserver.php' not found or unable to stat
[Sat Jun 10 15:10:29.128667 2023] [:error] [pid 28571] [client 95.214.27.131:58239] script '/srv/www/kilicit/info.php' not found or unable to stat
[Sat Jun 10 15:10:31.841874 2023] [:error] [pid 23699] [client 95.214.27.131:58526] script '/srv/www/kilicit/phpinfo.php' not found or unable to stat
[Sat Jun 10 15:40:15.761230 2023] [authz_core:error] [pid 23699] [client 87.236.176.109:44713] AH01630: client denied by server configuration: /srv/www/kilicit/movielist/.php, referer: http://www.movielist.kilic.it
[Sat Jun 10 16:04:04.470686 2023] [:error] [pid 23710] [client 198.54.114.123:42610] script '/srv/www/kilicit/xmlrpc.php' not found or unable to stat
[Sat Jun 10 16:04:05.820061 2023] [:error] [pid 23699] [client 190.119.187.245:21460] script '/srv/www/kilicit/xmlrpc.php' not found or unable to stat
[Sat Jun 10 16:04:07.730713 2023] [:error] [pid 23700] [client 52.182.222.110:41153] script '/srv/www/kilicit/xmlrpc.php' not found or unable to stat
[Sat Jun 10 16:04:15.921798 2023] [:error] [pid 23701] [client 212.23.66.162:49408] script '/srv/www/kilicit/xmlrpc.php' not found or unable to stat
[Sat Jun 10 16:04:19.277503 2023] [:error] [pid 23698] [client 151.80.88.201:34402] script '/srv/www/kilicit/xmlrpc.php' not found or unable to stat
[Sat Jun 10 16:04:28.995642 2023] [:error] [pid 23710] [client 203.20.113.125:53502] script '/srv/www/kilicit/xmlrpc.php' not found or unable to stat
[Sat Jun 10 16:04:35.410146 2023] [:error] [pid 23702] [client 107.150.103.81:55506] script '/srv/www/kilicit/xmlrpc.php' not found or unable to stat
[Sat Jun 10 16:04:46.621538 2023] [:error] [pid 23708] [client 51.91.29.218:37004] script '/srv/www/kilicit/xmlrpc.php' not found or unable to stat
[Sat Jun 10 16:04:51.435717 2023] [:error] [pid 28571] [client 185.184.155.70:55120] script '/srv/www/kilicit/xmlrpc.php' not found or unable to stat
[Sat Jun 10 16:04:52.518340 2023] [:error] [pid 31579] [client 103.234.209.66:59792] script '/srv/www/kilicit/xmlrpc.php' not found or unable to stat
[Sat Jun 10 16:04:58.256640 2023] [:error] [pid 23699] [client 35.167.46.36:48960] script '/srv/www/kilicit/xmlrpc.php' not found or unable to stat
[Sat Jun 10 16:05:01.145232 2023] [:error] [pid 23700] [client 107.150.103.81:35858] script '/srv/www/kilicit/xmlrpc.php' not found or unable to stat
[Sat Jun 10 16:05:05.719331 2023] [:error] [pid 23701] [client 178.238.228.40:38614] script '/srv/www/kilicit/xmlrpc.php' not found or unable to stat
[Sat Jun 10 16:05:07.447775 2023] [:error] [pid 23698] [client 89.208.149.29:46712] script '/srv/www/kilicit/xmlrpc.php' not found or unable to stat
[Sat Jun 10 16:05:11.268417 2023] [:error] [pid 23710] [client 195.161.41.70:58194] script '/srv/www/kilicit/xmlrpc.php' not found or unable to stat
[Sat Jun 10 16:05:39.154168 2023] [:error] [pid 23702] [client 66.29.146.91:33500] script '/srv/www/kilicit/xmlrpc.php' not found or unable to stat
[Sat Jun 10 17:21:42.561829 2023] [:error] [pid 31579] [client 185.233.19.40:52968] PHP Notice:  A session had already been started - ignoring session_start() in /srv/www/kilicit/movielist/search/home.php on line 8, referer: https://52.137.47.73/movielist/index
[Sat Jun 10 17:33:24.161273 2023] [:error] [pid 23708] [client 62.141.44.236:37568] PHP Notice:  A session had already been started - ignoring session_start() in /srv/www/kilicit/movielist/search/home.php on line 8
[Sat Jun 10 18:17:31.173948 2023] [:error] [pid 23699] [client 151.80.88.201:55172] script '/srv/www/kilicit/xmlrpc.php' not found or unable to stat
[Sat Jun 10 18:17:36.144506 2023] [:error] [pid 23701] [client 103.130.218.193:33288] script '/srv/www/kilicit/xmlrpc.php' not found or unable to stat
[Sat Jun 10 18:17:36.922816 2023] [:error] [pid 23708] [client 89.208.149.29:52450] script '/srv/www/kilicit/xmlrpc.php' not found or unable to stat
[Sat Jun 10 18:17:38.483414 2023] [:error] [pid 23698] [client 151.80.88.201:59248] script '/srv/www/kilicit/xmlrpc.php' not found or unable to stat
[Sat Jun 10 18:17:42.884593 2023] [:error] [pid 23710] [client 216.137.180.177:35764] script '/srv/www/kilicit/xmlrpc.php' not found or unable to stat
[Sat Jun 10 18:17:49.626579 2023] [:error] [pid 23702] [client 45.139.11.117:46081] script '/srv/www/kilicit/xmlrpc.php' not found or unable to stat
[Sat Jun 10 18:17:50.379411 2023] [:error] [pid 23700] [client 66.29.146.91:34986] script '/srv/www/kilicit/xmlrpc.php' not found or unable to stat
[Sat Jun 10 18:17:51.029130 2023] [:error] [pid 28571] [client 51.89.7.156:60546] script '/srv/www/kilicit/xmlrpc.php' not found or unable to stat
[Sat Jun 10 18:17:54.960103 2023] [:error] [pid 31579] [client 68.178.224.109:48177] script '/srv/www/kilicit/xmlrpc.php' not found or unable to stat
[Sat Jun 10 18:17:55.831402 2023] [:error] [pid 23699] [client 104.149.131.129:53902] script '/srv/www/kilicit/xmlrpc.php' not found or unable to stat
[Sat Jun 10 18:17:58.696625 2023] [:error] [pid 23701] [client 217.76.159.115:59138] script '/srv/www/kilicit/xmlrpc.php' not found or unable to stat
[Sat Jun 10 18:18:02.893034 2023] [:error] [pid 23708] [client 37.46.135.126:50626] script '/srv/www/kilicit/xmlrpc.php' not found or unable to stat
[Sat Jun 10 18:18:05.458887 2023] [:error] [pid 23698] [client 37.46.135.126:51210] script '/srv/www/kilicit/xmlrpc.php' not found or unable to stat
[Sat Jun 10 20:26:11.571282 2023] [:error] [pid 23700] [client 193.118.53.194:36926] PHP Notice:  A session had already been started - ignoring session_start() in /srv/www/kilicit/movielist/search/home.php on line 8, referer: https://52.137.47.73/movielist/index
[Sat Jun 10 20:27:34.390501 2023] [:error] [pid 23708] [client 95.223.106.227:13371] PHP Notice:  A session had already been started - ignoring session_start() in /srv/www/kilicit/movielist/search/home.php on line 8
[Sat Jun 10 20:27:54.555821 2023] [:error] [pid 23698] [client 95.223.106.227:42451] PHP Notice:  A session had already been started - ignoring session_start() in /srv/www/kilicit/movielist/search/home.php on line 8
[Sat Jun 10 20:27:59.321790 2023] [:error] [pid 23698] [client 95.223.106.227:42451] PHP Notice:  A session had already been started - ignoring session_start() in /srv/www/kilicit/movielist/search/home.php on line 8
[Sat Jun 10 20:28:06.540333 2023] [:error] [pid 31579] [client 95.223.106.227:13334] PHP Notice:  A session had already been started - ignoring session_start() in /srv/www/kilicit/movielist/search/home.php on line 8
[Sat Jun 10 20:28:13.134702 2023] [:error] [pid 23710] [client 95.223.106.227:22216] PHP Notice:  A session had already been started - ignoring session_start() in /srv/www/kilicit/movielist/reglog/login.php on line 13, referer: https://kilic.it/movielist/reglog/login
[Sat Jun 10 20:28:13.173659 2023] [:error] [pid 23710] [client 95.223.106.227:22216] PHP Notice:  A session had already been started - ignoring session_start() in /srv/www/kilicit/movielist/search/home.php on line 8, referer: https://kilic.it/movielist/reglog/login
[Sat Jun 10 20:28:17.689312 2023] [:error] [pid 23710] [client 95.223.106.227:22216] PHP Notice:  A session had already been started - ignoring session_start() in /srv/www/kilicit/movielist/search/home.php on line 8, referer: https://kilic.it/movielist/search/home
[Sat Jun 10 20:28:18.501847 2023] [:error] [pid 23710] [client 95.223.106.227:22216] PHP Notice:  A session had already been started - ignoring session_start() in /srv/www/kilicit/movielist/search/home.php on line 8, referer: https://kilic.it/movielist/search/home
[Sat Jun 10 20:28:18.909355 2023] [:error] [pid 23710] [client 95.223.106.227:22216] PHP Notice:  A session had already been started - ignoring session_start() in /srv/www/kilicit/movielist/search/home.php on line 8, referer: https://kilic.it/movielist/search/home
[Sat Jun 10 20:28:19.434205 2023] [:error] [pid 23710] [client 95.223.106.227:22216] PHP Notice:  A session had already been started - ignoring session_start() in /srv/www/kilicit/movielist/search/home.php on line 8, referer: https://kilic.it/movielist/search/home
[Sat Jun 10 20:28:19.676861 2023] [:error] [pid 23710] [client 95.223.106.227:22216] PHP Notice:  A session had already been started - ignoring session_start() in /srv/www/kilicit/movielist/search/home.php on line 8, referer: https://kilic.it/movielist/search/home
[Sat Jun 10 20:28:20.016975 2023] [:error] [pid 23710] [client 95.223.106.227:22216] PHP Notice:  A session had already been started - ignoring session_start() in /srv/www/kilicit/movielist/search/home.php on line 8, referer: https://kilic.it/movielist/search/home
[Sat Jun 10 20:28:20.185008 2023] [:error] [pid 23710] [client 95.223.106.227:22216] PHP Notice:  A session had already been started - ignoring session_start() in /srv/www/kilicit/movielist/search/home.php on line 8, referer: https://kilic.it/movielist/search/home
[Sat Jun 10 20:28:20.506939 2023] [:error] [pid 23710] [client 95.223.106.227:22216] PHP Notice:  A session had already been started - ignoring session_start() in /srv/www/kilicit/movielist/search/home.php on line 8, referer: https://kilic.it/movielist/search/home
[Sat Jun 10 20:28:20.818330 2023] [:error] [pid 23710] [client 95.223.106.227:22216] PHP Notice:  A session had already been started - ignoring session_start() in /srv/www/kilicit/movielist/search/home.php on line 8, referer: https://kilic.it/movielist/search/home
[Sat Jun 10 20:28:20.974906 2023] [:error] [pid 23710] [client 95.223.106.227:22216] PHP Notice:  A session had already been started - ignoring session_start() in /srv/www/kilicit/movielist/search/home.php on line 8, referer: https://kilic.it/movielist/search/home
[Sat Jun 10 20:28:21.288081 2023] [:error] [pid 23710] [client 95.223.106.227:22216] PHP Notice:  A session had already been started - ignoring session_start() in /srv/www/kilicit/movielist/search/home.php on line 8, referer: https://kilic.it/movielist/search/home
[Sat Jun 10 20:28:21.454247 2023] [:error] [pid 23710] [client 95.223.106.227:22216] PHP Notice:  A session had already been started - ignoring session_start() in /srv/www/kilicit/movielist/search/home.php on line 8, referer: https://kilic.it/movielist/search/home
[Sat Jun 10 20:28:21.766932 2023] [:error] [pid 23710] [client 95.223.106.227:22216] PHP Notice:  A session had already been started - ignoring session_start() in /srv/www/kilicit/movielist/search/home.php on line 8, referer: https://kilic.it/movielist/search/home
[Sat Jun 10 20:28:22.231960 2023] [:error] [pid 23710] [client 95.223.106.227:22216] PHP Notice:  A session had already been started - ignoring session_start() in /srv/www/kilicit/movielist/search/home.php on line 8, referer: https://kilic.it/movielist/search/home
[Sat Jun 10 20:28:22.502204 2023] [:error] [pid 23710] [client 95.223.106.227:22216] PHP Notice:  A session had already been started - ignoring session_start() in /srv/www/kilicit/movielist/search/home.php on line 8, referer: https://kilic.it/movielist/search/home
[Sat Jun 10 20:28:25.673298 2023] [:error] [pid 23710] [client 95.223.106.227:22216] PHP Notice:  A session had already been started - ignoring session_start() in /srv/www/kilicit/movielist/search/home.php on line 8, referer: https://kilic.it/movielist/search/home
[Sat Jun 10 20:28:26.967789 2023] [:error] [pid 23710] [client 95.223.106.227:22216] PHP Notice:  A session had already been started - ignoring session_start() in /srv/www/kilicit/movielist/search/home.php on line 8, referer: https://kilic.it/movielist/search/home
[Sat Jun 10 20:28:27.719445 2023] [:error] [pid 23710] [client 95.223.106.227:22216] PHP Notice:  A session had already been started - ignoring session_start() in /srv/www/kilicit/movielist/search/home.php on line 8, referer: https://kilic.it/movielist/search/home
[Sat Jun 10 20:28:28.138649 2023] [:error] [pid 23710] [client 95.223.106.227:22216] PHP Notice:  A session had already been started - ignoring session_start() in /srv/www/kilicit/movielist/search/home.php on line 8, referer: https://kilic.it/movielist/search/home
[Sat Jun 10 20:28:28.298888 2023] [:error] [pid 23710] [client 95.223.106.227:22216] PHP Notice:  A session had already been started - ignoring session_start() in /srv/www/kilicit/movielist/search/home.php on line 8, referer: https://kilic.it/movielist/search/home
[Sat Jun 10 20:28:28.590474 2023] [:error] [pid 23710] [client 95.223.106.227:22216] PHP Notice:  A session had already been started - ignoring session_start() in /srv/www/kilicit/movielist/search/home.php on line 8, referer: https://kilic.it/movielist/search/home
[Sat Jun 10 20:28:28.998585 2023] [:error] [pid 23710] [client 95.223.106.227:22216] PHP Notice:  A session had already been started - ignoring session_start() in /srv/www/kilicit/movielist/search/home.php on line 8, referer: https://kilic.it/movielist/search/home
[Sat Jun 10 20:28:29.275878 2023] [:error] [pid 23710] [client 95.223.106.227:22216] PHP Notice:  A session had already been started - ignoring session_start() in /srv/www/kilicit/movielist/search/home.php on line 8, referer: https://kilic.it/movielist/search/home
[Sat Jun 10 20:28:31.065191 2023] [:error] [pid 23710] [client 95.223.106.227:22216] PHP Notice:  A session had already been started - ignoring session_start() in /srv/www/kilicit/movielist/search/home.php on line 8, referer: https://kilic.it/movielist/search/home
[Sat Jun 10 20:28:31.301749 2023] [:error] [pid 23710] [client 95.223.106.227:22216] PHP Notice:  A session had already been started - ignoring session_start() in /srv/www/kilicit/movielist/search/home.php on line 8, referer: https://kilic.it/movielist/search/home.php
[Sat Jun 10 20:28:31.439843 2023] [:error] [pid 23710] [client 95.223.106.227:22216] PHP Notice:  A session had already been started - ignoring session_start() in /srv/www/kilicit/movielist/search/home.php on line 8, referer: https://kilic.it/movielist/search/home.php
[Sat Jun 10 20:28:31.625310 2023] [:error] [pid 23710] [client 95.223.106.227:22216] PHP Notice:  A session had already been started - ignoring session_start() in /srv/www/kilicit/movielist/search/home.php on line 8, referer: https://kilic.it/movielist/search/home.php
[Sat Jun 10 20:28:31.821261 2023] [:error] [pid 23710] [client 95.223.106.227:22216] PHP Notice:  A session had already been started - ignoring session_start() in /srv/www/kilicit/movielist/search/home.php on line 8, referer: https://kilic.it/movielist/search/home.php
[Sat Jun 10 20:28:32.139334 2023] [:error] [pid 23710] [client 95.223.106.227:22216] PHP Notice:  A session had already been started - ignoring session_start() in /srv/www/kilicit/movielist/search/home.php on line 8, referer: https://kilic.it/movielist/search/home.php
[Sat Jun 10 20:28:32.426133 2023] [:error] [pid 23710] [client 95.223.106.227:22216] PHP Notice:  A session had already been started - ignoring session_start() in /srv/www/kilicit/movielist/search/home.php on line 8, referer: https://kilic.it/movielist/search/home.php
[Sat Jun 10 20:28:32.866465 2023] [:error] [pid 23710] [client 95.223.106.227:22216] PHP Notice:  A session had already been started - ignoring session_start() in /srv/www/kilicit/movielist/search/home.php on line 8, referer: https://kilic.it/movielist/search/home.php
[Sat Jun 10 20:28:33.328020 2023] [:error] [pid 23710] [client 95.223.106.227:22216] PHP Notice:  A session had already been started - ignoring session_start() in /srv/www/kilicit/movielist/search/home.php on line 8, referer: https://kilic.it/movielist/search/home.php
[Sat Jun 10 20:28:35.244636 2023] [:error] [pid 23710] [client 95.223.106.227:22216] PHP Notice:  A session had already been started - ignoring session_start() in /srv/www/kilicit/movielist/search/search.php on line 6, referer: https://kilic.it/movielist/search/home.php
[Sat Jun 10 20:28:35.808440 2023] [:error] [pid 23710] [client 95.223.106.227:22216] PHP Notice:  Undefined index: Search in /srv/www/kilicit/movielist/search/search.php on line 83, referer: https://kilic.it/movielist/search/home.php
[Sat Jun 10 20:28:35.808489 2023] [:error] [pid 23710] [client 95.223.106.227:22216] PHP Warning:  Invalid argument supplied for foreach() in /srv/www/kilicit/movielist/search/search.php on line 83, referer: https://kilic.it/movielist/search/home.php
[Sat Jun 10 20:28:37.210524 2023] [:error] [pid 23710] [client 95.223.106.227:22216] PHP Notice:  A session had already been started - ignoring session_start() in /srv/www/kilicit/movielist/search/home.php on line 8, referer: https://kilic.it/movielist/search/search?query=FSK18
[Sat Jun 10 20:28:37.789945 2023] [:error] [pid 23710] [client 95.223.106.227:22216] PHP Notice:  A session had already been started - ignoring session_start() in /srv/www/kilicit/movielist/search/search.php on line 6, referer: https://kilic.it/movielist/search/home
[Sat Jun 10 20:28:50.621030 2023] [:error] [pid 23702] [client 95.223.106.227:29186] PHP Notice:  A session had already been started - ignoring session_start() in /srv/www/kilicit/movielist/search/details.php on line 6, referer: https://kilic.it/movielist/search/search?query=action
[Sat Jun 10 20:28:51.155374 2023] [:error] [pid 23702] [client 95.223.106.227:29186] PHP Notice:  Undefined index: totalSeasons in /srv/www/kilicit/movielist/search/details.php on line 64, referer: https://kilic.it/movielist/search/search?query=action
[Sat Jun 10 20:29:09.647060 2023] [:error] [pid 23701] [client 95.223.106.227:61371] PHP Notice:  A session had already been started - ignoring session_start() in /srv/www/kilicit/movielist/search/home.php on line 8, referer: https://kilic.it/movielist/search/details?id=tt0318155
[Sat Jun 10 20:29:10.760274 2023] [:error] [pid 23701] [client 95.223.106.227:61371] PHP Notice:  A session had already been started - ignoring session_start() in /srv/www/kilicit/movielist/search/search.php on line 6, referer: https://kilic.it/movielist/search/home
[Sat Jun 10 20:29:10.951384 2023] [:error] [pid 23701] [client 95.223.106.227:61371] PHP Notice:  Undefined index: Search in /srv/www/kilicit/movielist/search/search.php on line 83, referer: https://kilic.it/movielist/search/home
[Sat Jun 10 20:29:10.951409 2023] [:error] [pid 23701] [client 95.223.106.227:61371] PHP Warning:  Invalid argument supplied for foreach() in /srv/www/kilicit/movielist/search/search.php on line 83, referer: https://kilic.it/movielist/search/home
[Sat Jun 10 20:29:12.626431 2023] [:error] [pid 23701] [client 95.223.106.227:61371] PHP Notice:  A session had already been started - ignoring session_start() in /srv/www/kilicit/movielist/search/home.php on line 8, referer: https://kilic.it/movielist/search/search?query=
[Sat Jun 10 20:29:13.325853 2023] [:error] [pid 23701] [client 95.223.106.227:61371] PHP Notice:  A session had already been started - ignoring session_start() in /srv/www/kilicit/movielist/search/search.php on line 6, referer: https://kilic.it/movielist/search/home
[Sat Jun 10 20:29:13.862493 2023] [:error] [pid 23701] [client 95.223.106.227:61371] PHP Notice:  Undefined index: Search in /srv/www/kilicit/movielist/search/search.php on line 83, referer: https://kilic.it/movielist/search/home
[Sat Jun 10 20:29:13.862520 2023] [:error] [pid 23701] [client 95.223.106.227:61371] PHP Warning:  Invalid argument supplied for foreach() in /srv/www/kilicit/movielist/search/search.php on line 83, referer: https://kilic.it/movielist/search/home
[Sat Jun 10 20:29:13.862886 2023] [:error] [pid 23700] [client 95.223.106.227:33919] PHP Notice:  A session had already been started - ignoring session_start() in /srv/www/kilicit/movielist/search/home.php on line 8, referer: https://kilic.it/movielist/search/home
[Sat Jun 10 20:36:20.714958 2023] [:error] [pid 23710] [client 198.235.24.159:63606] PHP Notice:  A session had already been started - ignoring session_start() in /srv/www/kilicit/movielist/search/home.php on line 8
[Sat Jun 10 20:54:50.574272 2023] [:error] [pid 23708] [client 66.249.73.128:52416] PHP Notice:  A session had already been started - ignoring session_start() in /srv/www/kilicit/movielist/search/home.php on line 8
[Sat Jun 10 22:09:50.038403 2023] [:error] [pid 31579] [client 119.29.156.110:32986] script '/srv/www/kilicit/xmlrpc.php' not found or unable to stat
[Sat Jun 10 22:09:51.742921 2023] [:error] [pid 23710] [client 119.29.156.110:33430] script '/srv/www/kilicit/xmlrpc.php' not found or unable to stat
[Sat Jun 10 22:09:56.311633 2023] [:error] [pid 23701] [client 161.35.227.188:48478] script '/srv/www/kilicit/xmlrpc.php' not found or unable to stat
[Sat Jun 10 22:09:57.018261 2023] [:error] [pid 23708] [client 202.95.9.31:48940] script '/srv/www/kilicit/xmlrpc.php' not found or unable to stat
[Sat Jun 10 22:09:57.960208 2023] [:error] [pid 23698] [client 111.231.4.211:38568] script '/srv/www/kilicit/xmlrpc.php' not found or unable to stat
[Sat Jun 10 22:10:02.570553 2023] [:error] [pid 23699] [client 66.29.146.91:49840] script '/srv/www/kilicit/xmlrpc.php' not found or unable to stat
[Sat Jun 10 22:10:07.946231 2023] [:error] [pid 23702] [client 190.119.187.245:12657] script '/srv/www/kilicit/xmlrpc.php' not found or unable to stat
[Sat Jun 10 22:10:09.676811 2023] [:error] [pid 23701] [client 190.119.187.245:13153] script '/srv/www/kilicit/xmlrpc.php' not found or unable to stat
[Sat Jun 10 22:10:13.495371 2023] [:error] [pid 23708] [client 104.149.131.129:39094] script '/srv/www/kilicit/xmlrpc.php' not found or unable to stat
[Sat Jun 10 22:10:14.793360 2023] [:error] [pid 31579] [client 47.242.62.161:57620] script '/srv/www/kilicit/xmlrpc.php' not found or unable to stat
[Sat Jun 10 22:10:19.669320 2023] [:error] [pid 23710] [client 103.169.35.181:13284] script '/srv/www/kilicit/xmlrpc.php' not found or unable to stat
[Sat Jun 10 22:10:22.039082 2023] [:error] [pid 23700] [client 68.178.224.109:30251] script '/srv/www/kilicit/xmlrpc.php' not found or unable to stat
[Sat Jun 10 22:10:24.649426 2023] [:error] [pid 28571] [client 45.129.170.170:37656] script '/srv/www/kilicit/xmlrpc.php' not found or unable to stat
[Sat Jun 10 22:10:25.591507 2023] [:error] [pid 23698] [client 45.117.76.140:60800] script '/srv/www/kilicit/xmlrpc.php' not found or unable to stat
[Sat Jun 10 22:10:33.090679 2023] [:error] [pid 23699] [client 103.130.218.193:59864] script '/srv/www/kilicit/xmlrpc.php' not found or unable to stat
[Sat Jun 10 22:51:28.966412 2023] [:error] [pid 23699] [client 205.210.31.151:61638] PHP Notice:  A session had already been started - ignoring session_start() in /srv/www/kilicit/movielist/search/home.php on line 8
[Sat Jun 10 22:54:54.330410 2023] [:error] [pid 23702] [client 66.249.73.103:63567] PHP Notice:  A session had already been started - ignoring session_start() in /srv/www/kilicit/movielist/search/home.php on line 8
[Sat Jun 10 23:39:04.593476 2023] [:error] [pid 23700] [client 66.249.73.128:50715] PHP Notice:  A session had already been started - ignoring session_start() in /srv/www/kilicit/movielist/search/home.php on line 8
[Sun Jun 11 00:19:49.295405 2023] [:error] [pid 23698] [client 198.235.24.8:63826] PHP Notice:  A session had already been started - ignoring session_start() in /srv/www/kilicit/movielist/search/home.php on line 8
[Sun Jun 11 00:24:54.070853 2023] [:error] [pid 23710] [client 66.249.73.101:59514] PHP Notice:  A session had already been started - ignoring session_start() in /srv/www/kilicit/movielist/search/home.php on line 8
[Sun Jun 11 00:36:28.704214 2023] [:error] [pid 23702] [client 66.249.73.101:46162] PHP Notice:  A session had already been started - ignoring session_start() in /srv/www/kilicit/movielist/search/home.php on line 8
[Sun Jun 11 00:36:30.525140 2023] [:error] [pid 23700] [client 66.249.73.102:37510] PHP Notice:  A session had already been started - ignoring session_start() in /srv/www/kilicit/movielist/search/home.php on line 8
[Sun Jun 11 01:09:54.267512 2023] [:error] [pid 23700] [client 66.249.73.102:54506] PHP Notice:  A session had already been started - ignoring session_start() in /srv/www/kilicit/movielist/search/home.php on line 8
[Sun Jun 11 01:52:15.146429 2023] [:error] [pid 28571] [client 114.55.127.121:53516] script '/srv/www/kilicit/xmlrpc.php' not found or unable to stat
[Sun Jun 11 01:52:16.071760 2023] [:error] [pid 23699] [client 34.95.136.51:55818] script '/srv/www/kilicit/xmlrpc.php' not found or unable to stat
[Sun Jun 11 01:52:22.457010 2023] [:error] [pid 23701] [client 68.178.224.109:41387] script '/srv/www/kilicit/xmlrpc.php' not found or unable to stat
[Sun Jun 11 01:52:25.888037 2023] [:error] [pid 23702] [client 104.149.131.129:54860] script '/srv/www/kilicit/xmlrpc.php' not found or unable to stat
[Sun Jun 11 01:52:28.712625 2023] [:error] [pid 23698] [client 199.85.208.215:58616] script '/srv/www/kilicit/xmlrpc.php' not found or unable to stat
[Sun Jun 11 01:52:29.717410 2023] [:error] [pid 31579] [client 68.178.151.138:44650] script '/srv/www/kilicit/xmlrpc.php' not found or unable to stat
[Sun Jun 11 01:52:35.957992 2023] [:error] [pid 23700] [client 37.46.135.126:57190] script '/srv/www/kilicit/xmlrpc.php' not found or unable to stat
[Sun Jun 11 01:52:36.721914 2023] [:error] [pid 23710] [client 104.149.131.129:57282] script '/srv/www/kilicit/xmlrpc.php' not found or unable to stat
[Sun Jun 11 01:52:39.536043 2023] [:error] [pid 23708] [client 94.158.246.181:55210] script '/srv/www/kilicit/xmlrpc.php' not found or unable to stat
[Sun Jun 11 01:52:41.037282 2023] [:error] [pid 28571] [client 37.46.135.126:58330] script '/srv/www/kilicit/xmlrpc.php' not found or unable to stat
[Sun Jun 11 01:52:41.316925 2023] [:error] [pid 23699] [client 51.91.29.218:36720] script '/srv/www/kilicit/xmlrpc.php' not found or unable to stat
[Sun Jun 11 01:52:44.360812 2023] [:error] [pid 23701] [client 199.85.208.215:60574] script '/srv/www/kilicit/xmlrpc.php' not found or unable to stat
[Sun Jun 11 01:52:53.730827 2023] [:error] [pid 23702] [client 66.94.107.15:60352] script '/srv/www/kilicit/xmlrpc.php' not found or unable to stat
[Sun Jun 11 01:52:58.192394 2023] [:error] [pid 23698] [client 43.136.118.190:36262] script '/srv/www/kilicit/xmlrpc.php' not found or unable to stat
[Sun Jun 11 01:52:59.612456 2023] [:error] [pid 31579] [client 64.227.2.123:55282] script '/srv/www/kilicit/xmlrpc.php' not found or unable to stat
[Sun Jun 11 02:48:45.800471 2023] [:error] [pid 31579] [client 44.212.14.219:57828] PHP Notice:  A session had already been started - ignoring session_start() in /srv/www/kilicit/movielist/search/home.php on line 8
[Sun Jun 11 03:59:19.965041 2023] [:error] [pid 23708] [client 185.98.5.230:56262] script '/srv/www/kilicit/xmlrpc.php' not found or unable to stat
[Sun Jun 11 03:59:24.385280 2023] [:error] [pid 31579] [client 34.95.136.51:54906] script '/srv/www/kilicit/xmlrpc.php' not found or unable to stat
[Sun Jun 11 03:59:25.366647 2023] [:error] [pid 23699] [client 164.92.168.189:38464] script '/srv/www/kilicit/xmlrpc.php' not found or unable to stat
[Sun Jun 11 03:59:25.587062 2023] [:error] [pid 23701] [client 185.2.4.114:55597] script '/srv/www/kilicit/xmlrpc.php' not found or unable to stat
[Sun Jun 11 03:59:31.922958 2023] [:error] [pid 23702] [client 178.238.228.40:39830] script '/srv/www/kilicit/xmlrpc.php' not found or unable to stat
[Sun Jun 11 03:59:40.471726 2023] [:error] [pid 23698] [client 150.158.77.170:45404] script '/srv/www/kilicit/xmlrpc.php' not found or unable to stat
[Sun Jun 11 03:59:44.789347 2023] [:error] [pid 28571] [client 51.161.34.125:60392] script '/srv/www/kilicit/xmlrpc.php' not found or unable to stat
[Sun Jun 11 03:59:47.760027 2023] [:error] [pid 23710] [client 199.85.208.215:33648] script '/srv/www/kilicit/xmlrpc.php' not found or unable to stat
[Sun Jun 11 03:59:47.890357 2023] [:error] [pid 23708] [client 185.21.40.38:52884] script '/srv/www/kilicit/xmlrpc.php' not found or unable to stat
[Sun Jun 11 03:59:49.283006 2023] [:error] [pid 23700] [client 94.102.61.10:41792] PHP Notice:  A session had already been started - ignoring session_start() in /srv/www/kilicit/movielist/search/home.php on line 8, referer: https://52.137.47.73/movielist/index
[Sun Jun 11 03:59:52.329820 2023] [:error] [pid 31579] [client 178.238.228.40:37654] script '/srv/www/kilicit/xmlrpc.php' not found or unable to stat
[Sun Jun 11 03:59:54.705663 2023] [:error] [pid 28571] [client 103.130.218.193:52170] script '/srv/www/kilicit/xmlrpc.php' not found or unable to stat
[Sun Jun 11 03:59:54.947437 2023] [:error] [pid 23710] [client 185.232.250.86:53826] script '/srv/www/kilicit/xmlrpc.php' not found or unable to stat
[Sun Jun 11 03:59:56.221533 2023] [:error] [pid 23699] [client 103.180.121.12:45238] script '/srv/www/kilicit/xmlrpc.php' not found or unable to stat
[Sun Jun 11 04:00:01.063474 2023] [:error] [pid 31579] [client 103.130.218.193:53176] script '/srv/www/kilicit/xmlrpc.php' not found or unable to stat
[Sun Jun 11 04:00:05.856186 2023] [:error] [pid 23700] [client 185.21.40.38:53402] script '/srv/www/kilicit/xmlrpc.php' not found or unable to stat
[Sun Jun 11 04:20:22.224576 2023] [core:error] [pid 23701] [client 83.97.73.89:54846] AH00126: Invalid URI in request POST /cgi-bin/.%2e/.%2e/.%2e/.%2e/bin/sh HTTP/1.1
