[Fri Jun 16 20:35:26.832734 2023] [:error] [pid 16472] [client 45.148.120.113:42022] script '/srv/www/kilicit/SiteLoader.php' not found or unable to stat
[Fri Jun 16 20:35:36.249892 2023] [:error] [pid 2809] [client 45.148.120.113:51552] script '/srv/www/kilicit/mPlayer.php' not found or unable to stat
[Fri Jun 16 20:57:27.252836 2023] [core:error] [pid 6109] [client 83.97.73.89:41636] AH00126: Invalid URI in request POST /cgi-bin/.%2e/.%2e/.%2e/.%2e/bin/sh HTTP/1.1
[Fri Jun 16 21:35:26.298827 2023] [:error] [pid 6172] [client 46.161.14.84:60472] script '/srv/www/kilicit/wp-login.php' not found or unable to stat
[Fri Jun 16 23:17:15.483000 2023] [:error] [pid 2809] [client 83.97.73.89:34180] script '/srv/www/kilicit/geoserver.php' not found or unable to stat
[Fri Jun 16 23:41:00.130731 2023] [authz_core:error] [pid 12921] [client 66.249.64.43:35326] AH01630: client denied by server configuration: /srv/www/kilicit/chat/.php
[Sat Jun 17 00:08:44.298071 2023] [:error] [pid 16472] [client 46.161.15.14:37896] script '/srv/www/kilicit/wp-login.php' not found or unable to stat
[Sat Jun 17 11:14:40.263503 2023] [core:error] [pid 14750] [client 83.97.73.89:40864] AH00126: Invalid URI in request POST /cgi-bin/.%2e/.%2e/.%2e/.%2e/bin/sh HTTP/1.1
[Sat Jun 17 11:26:19.249788 2023] [authz_core:error] [pid 14605] [client 95.223.106.227:8646] AH01630: client denied by server configuration: /srv/www/kilicit/web/notes/.php
[Sat Jun 17 11:55:30.370053 2023] [authz_core:error] [pid 23874] [client 95.223.106.227:50698] AH01630: client denied by server configuration: /srv/www/kilicit/web/notes/.php
[Sat Jun 17 11:58:17.554977 2023] [authz_core:error] [pid 14750] [client 95.223.106.227:8702] AH01630: client denied by server configuration: /srv/www/kilicit/web/notes/.php
[Sat Jun 17 11:58:50.522354 2023] [authz_core:error] [pid 14606] [client 95.223.106.227:8673] AH01630: client denied by server configuration: /srv/www/kilicit/web/notes/.php
[Sat Jun 17 12:19:34.660089 2023] [authz_core:error] [pid 14605] [client 104.28.54.66:53546] AH01630: client denied by server configuration: /srv/www/kilicit/web/notes/.php
[Sat Jun 17 12:19:56.228373 2023] [:error] [pid 14601] [client 104.28.54.66:53684] PHP Fatal error:  Uncaught Error: Call to a member function fetch_assoc() on boolean in /srv/www/kilicit/web/notes/index.php:17\nStack trace:\n#0 {main}\n  thrown in /srv/www/kilicit/web/notes/index.php on line 17, referer: https://kilic.it/web/notes/index
[Sat Jun 17 12:20:03.775397 2023] [:error] [pid 15979] [client 104.28.54.66:53333] PHP Fatal error:  Uncaught Error: Call to a member function fetch_assoc() on boolean in /srv/www/kilicit/web/notes/index.php:17\nStack trace:\n#0 {main}\n  thrown in /srv/www/kilicit/web/notes/index.php on line 17, referer: https://kilic.it/web/notes/index
[Sat Jun 17 12:20:10.047432 2023] [:error] [pid 14604] [client 104.28.54.66:53483] PHP Fatal error:  Uncaught Error: Call to a member function fetch_assoc() on boolean in /srv/www/kilicit/web/notes/index.php:17\nStack trace:\n#0 {main}\n  thrown in /srv/www/kilicit/web/notes/index.php on line 17, referer: https://kilic.it/web/notes/index
[Sat Jun 17 12:54:52.108194 2023] [:error] [pid 14602] [client 46.161.14.84:45694] script '/srv/www/kilicit/wp-login.php' not found or unable to stat
[Sat Jun 17 18:20:44.576011 2023] [:error] [pid 14605] [client 95.223.106.227:19949] PHP Notice:  A session had already been started - ignoring session_start() in /srv/www/kilicit/web/account/login.php on line 24, referer: https://kilic.it/web/account/login
[Sat Jun 17 18:20:44.576061 2023] [:error] [pid 14605] [client 95.223.106.227:19949] PHP Notice:  Undefined index: mail in /srv/www/kilicit/web/account/login.php on line 28, referer: https://kilic.it/web/account/login
[Sat Jun 17 18:40:22.093624 2023] [:error] [pid 15979] [client 107.170.235.12:58660] script '/srv/www/kilicit/version.php' not found or unable to stat
[Sat Jun 17 18:53:19.460636 2023] [:error] [pid 14606] [client 104.28.54.66:38619] PHP Fatal error:  Uncaught Error: Call to a member function fetch_assoc() on boolean in /srv/www/kilicit/web/notes/note.php:19\nStack trace:\n#0 {main}\n  thrown in /srv/www/kilicit/web/notes/note.php on line 19, referer: https://kilic.it/web/notes/note?id=208624
[Sat Jun 17 18:53:33.286670 2023] [:error] [pid 15979] [client 104.28.54.66:38799] PHP Fatal error:  Uncaught Error: Call to a member function fetch_assoc() on boolean in /srv/www/kilicit/web/notes/note.php:19\nStack trace:\n#0 {main}\n  thrown in /srv/www/kilicit/web/notes/note.php on line 19
[Sat Jun 17 18:53:40.405214 2023] [:error] [pid 14602] [client 104.28.54.66:38400] PHP Fatal error:  Uncaught Error: Call to a member function fetch_assoc() on boolean in /srv/www/kilicit/web/notes/note.php:19\nStack trace:\n#0 {main}\n  thrown in /srv/www/kilicit/web/notes/note.php on line 19
[Sat Jun 17 18:54:46.616020 2023] [:error] [pid 14606] [client 104.28.54.66:44696] PHP Notice:  A session had already been started - ignoring session_start() in /srv/www/kilicit/web/account/login.php on line 24, referer: https://kilic.it/web/account/login
[Sat Jun 17 18:54:46.616068 2023] [:error] [pid 14606] [client 104.28.54.66:44696] PHP Notice:  Undefined index: mail in /srv/www/kilicit/web/account/login.php on line 28, referer: https://kilic.it/web/account/login
[Sat Jun 17 19:02:23.636499 2023] [:error] [pid 14601] [client 46.161.15.38:50786] script '/srv/www/kilicit/wp-login.php' not found or unable to stat
[Sat Jun 17 19:29:35.394097 2023] [:error] [pid 23874] [client 95.223.106.227:60976] PHP Fatal error:  Uncaught Error: Call to a member function fetch_assoc() on boolean in /srv/www/kilicit/web/notes/note.php:19\nStack trace:\n#0 {main}\n  thrown in /srv/www/kilicit/web/notes/note.php on line 19, referer: https://kilic.it/web/notes/note?id=960114
[Sat Jun 17 19:29:44.371756 2023] [:error] [pid 15979] [client 95.223.106.227:60978] PHP Fatal error:  Uncaught Error: Call to a member function fetch_assoc() on boolean in /srv/www/kilicit/web/notes/note.php:19\nStack trace:\n#0 {main}\n  thrown in /srv/www/kilicit/web/notes/note.php on line 19
[Sat Jun 17 19:29:53.512994 2023] [:error] [pid 14605] [client 95.223.106.227:60933] PHP Fatal error:  Uncaught Error: Call to a member function fetch_assoc() on boolean in /srv/www/kilicit/web/notes/note.php:19\nStack trace:\n#0 {main}\n  thrown in /srv/www/kilicit/web/notes/note.php on line 19
[Sat Jun 17 19:30:45.182142 2023] [:error] [pid 14606] [client 95.223.106.227:60935] PHP Fatal error:  Uncaught Error: Call to a member function fetch_assoc() on boolean in /srv/www/kilicit/web/notes/note.php:19\nStack trace:\n#0 {main}\n  thrown in /srv/www/kilicit/web/notes/note.php on line 19, referer: https://kilic.it/web/notes/note?id=960114
[Sat Jun 17 19:30:48.493239 2023] [:error] [pid 14601] [client 95.223.106.227:60980] PHP Fatal error:  Uncaught Error: Call to a member function fetch_assoc() on boolean in /srv/www/kilicit/web/notes/note.php:19\nStack trace:\n#0 {main}\n  thrown in /srv/www/kilicit/web/notes/note.php on line 19
[Sat Jun 17 19:30:59.151412 2023] [:error] [pid 14602] [client 95.223.106.227:19950] PHP Fatal error:  Uncaught Error: Call to a member function fetch_assoc() on boolean in /srv/www/kilicit/web/notes/note.php:19\nStack trace:\n#0 {main}\n  thrown in /srv/www/kilicit/web/notes/note.php on line 19
[Sat Jun 17 19:31:02.978483 2023] [:error] [pid 14604] [client 95.223.106.227:19905] script '/srv/www/kilicit/web/notes/no.php' not found or unable to stat
[Sat Jun 17 19:31:03.590581 2023] [:error] [pid 23874] [client 95.223.106.227:8676] script '/srv/www/kilicit/web/no.php' not found or unable to stat
[Sat Jun 17 19:31:04.238860 2023] [core:error] [pid 14750] [client 95.223.106.227:60985] AH00126: Invalid URI in request GET /../web/index HTTP/1.1
[Sat Jun 17 19:31:06.762966 2023] [:error] [pid 14605] [client 95.223.106.227:60941] PHP Fatal error:  Uncaught Error: Call to a member function fetch_assoc() on boolean in /srv/www/kilicit/web/notes/note.php:19\nStack trace:\n#0 {main}\n  thrown in /srv/www/kilicit/web/notes/note.php on line 19, referer: https://kilic.it/web/notes/note?id=960114
[Sat Jun 17 19:31:14.951284 2023] [:error] [pid 14606] [client 95.223.106.227:60989] PHP Fatal error:  Uncaught Error: Call to a member function fetch_assoc() on boolean in /srv/www/kilicit/web/notes/note.php:19\nStack trace:\n#0 {main}\n  thrown in /srv/www/kilicit/web/notes/note.php on line 19
[Sat Jun 17 19:31:17.887510 2023] [:error] [pid 14601] [client 95.223.106.227:60944] script '/srv/www/kilicit/web/notes/n.php' not found or unable to stat
[Sat Jun 17 19:31:18.474108 2023] [:error] [pid 14602] [client 95.223.106.227:60945] script '/srv/www/kilicit/web/n.php' not found or unable to stat
[Sat Jun 17 19:31:19.128918 2023] [core:error] [pid 14604] [client 95.223.106.227:60931] AH00126: Invalid URI in request GET /../web/index HTTP/1.1
[Sat Jun 17 19:31:27.799098 2023] [:error] [pid 23874] [client 95.223.106.227:60963] PHP Fatal error:  Uncaught Error: Call to a member function fetch_assoc() on boolean in /srv/www/kilicit/web/notes/note.php:19\nStack trace:\n#0 {main}\n  thrown in /srv/www/kilicit/web/notes/note.php on line 19, referer: https://kilic.it/web/notes/note?id=960114
[Sat Jun 17 19:31:30.645564 2023] [:error] [pid 14750] [client 95.223.106.227:60979] PHP Fatal error:  Uncaught Error: Call to a member function fetch_assoc() on boolean in /srv/www/kilicit/web/notes/note.php:19\nStack trace:\n#0 {main}\n  thrown in /srv/www/kilicit/web/notes/note.php on line 19, referer: https://kilic.it/web/notes/note?id=960114
[Sat Jun 17 19:31:36.760849 2023] [:error] [pid 14605] [client 95.223.106.227:60949] PHP Fatal error:  Uncaught Error: Call to a member function fetch_assoc() on boolean in /srv/www/kilicit/web/notes/note.php:19\nStack trace:\n#0 {main}\n  thrown in /srv/www/kilicit/web/notes/note.php on line 19
[Sat Jun 17 19:31:40.701504 2023] [:error] [pid 14606] [client 95.223.106.227:60932] PHP Fatal error:  Uncaught Error: Call to a member function fetch_assoc() on boolean in /srv/www/kilicit/web/notes/note.php:19\nStack trace:\n#0 {main}\n  thrown in /srv/www/kilicit/web/notes/note.php on line 19
[Sat Jun 17 19:31:41.966128 2023] [:error] [pid 14604] [client 95.223.106.227:59298] PHP Fatal error:  Uncaught Error: Call to a member function fetch_assoc() on boolean in /srv/www/kilicit/web/notes/note.php:19\nStack trace:\n#0 {main}\n  thrown in /srv/www/kilicit/web/notes/note.php on line 19
[Sat Jun 17 21:03:26.341356 2023] [:error] [pid 14605] [client 46.161.15.38:38146] script '/srv/www/kilicit/wp-login.php' not found or unable to stat
[Sat Jun 17 21:20:47.100839 2023] [:error] [pid 14604] [client 158.69.23.79:53290] script '/srv/www/kilicit/admin-heade.php' not found or unable to stat
[Sat Jun 17 21:50:01.431648 2023] [authz_core:error] [pid 14604] [client 95.223.106.227:45301] AH01630: client denied by server configuration: /srv/www/kilicit/web/nala/.php
[Sat Jun 17 21:50:05.582470 2023] [:error] [pid 14604] [client 95.223.106.227:45301] script '/srv/www/kilicit/web/nala/index.php' not found or unable to stat
[Sat Jun 17 22:01:22.746092 2023] [authz_core:error] [pid 14606] [client 95.223.106.227:19993] AH01630: client denied by server configuration: /srv/www/kilicit/test/.php
[Sat Jun 17 22:46:17.904612 2023] [authz_core:error] [pid 14606] [client 95.223.106.227:8695] AH01630: client denied by server configuration: /srv/www/kilicit/web/nala/.php
[Sat Jun 17 22:46:21.869645 2023] [:error] [pid 14606] [client 95.223.106.227:8695] PHP Notice:  Undefined variable: setting in /srv/www/kilicit/web/nala/index.php on line 3
[Sat Jun 17 22:46:57.961456 2023] [authz_core:error] [pid 15979] [client 95.223.106.227:45311] AH01630: client denied by server configuration: /srv/www/kilicit/web/nala/.php
[Sat Jun 17 22:47:00.446483 2023] [authz_core:error] [pid 15979] [client 95.223.106.227:45311] AH01630: client denied by server configuration: /srv/www/kilicit/web/nala/.php
[Sat Jun 17 22:47:04.188795 2023] [authz_core:error] [pid 15979] [client 95.223.106.227:45311] AH01630: client denied by server configuration: /srv/www/kilicit/web/nala/.php
[Sat Jun 17 22:47:34.834486 2023] [authz_core:error] [pid 23874] [client 95.223.106.227:50567] AH01630: client denied by server configuration: /srv/www/kilicit/web/nala/.php
[Sat Jun 17 22:47:37.513726 2023] [authz_core:error] [pid 23874] [client 95.223.106.227:50567] AH01630: client denied by server configuration: /srv/www/kilicit/web/nala/.php
[Sat Jun 17 22:47:37.997576 2023] [authz_core:error] [pid 23874] [client 95.223.106.227:50567] AH01630: client denied by server configuration: /srv/www/kilicit/web/nala/.php
[Sat Jun 17 22:47:38.153421 2023] [authz_core:error] [pid 23874] [client 95.223.106.227:50567] AH01630: client denied by server configuration: /srv/www/kilicit/web/nala/.php
[Sat Jun 17 22:47:38.397046 2023] [authz_core:error] [pid 23874] [client 95.223.106.227:50567] AH01630: client denied by server configuration: /srv/www/kilicit/web/nala/.php
[Sat Jun 17 22:47:38.607087 2023] [authz_core:error] [pid 23874] [client 95.223.106.227:50567] AH01630: client denied by server configuration: /srv/www/kilicit/web/nala/.php
[Sat Jun 17 22:47:38.804880 2023] [authz_core:error] [pid 23874] [client 95.223.106.227:50567] AH01630: client denied by server configuration: /srv/www/kilicit/web/nala/.php
[Sat Jun 17 22:47:39.030585 2023] [authz_core:error] [pid 23874] [client 95.223.106.227:50567] AH01630: client denied by server configuration: /srv/www/kilicit/web/nala/.php
[Sat Jun 17 22:47:39.207404 2023] [authz_core:error] [pid 23874] [client 95.223.106.227:50567] AH01630: client denied by server configuration: /srv/www/kilicit/web/nala/.php
[Sat Jun 17 22:47:39.630320 2023] [authz_core:error] [pid 23874] [client 95.223.106.227:50567] AH01630: client denied by server configuration: /srv/www/kilicit/web/nala/.php
[Sat Jun 17 22:47:39.729185 2023] [authz_core:error] [pid 23874] [client 95.223.106.227:50567] AH01630: client denied by server configuration: /srv/www/kilicit/web/nala/.php
[Sat Jun 17 22:47:42.984393 2023] [:error] [pid 23874] [client 95.223.106.227:50567] PHP Notice:  Undefined variable: setting in /srv/www/kilicit/web/nala/index.php on line 3
[Sat Jun 17 22:47:48.861371 2023] [:error] [pid 23874] [client 95.223.106.227:50567] PHP Notice:  A session had already been started - ignoring session_start() in /srv/www/kilicit/movielist/search/home.php on line 8, referer: https://kilic.it/web/index
[Sat Jun 17 22:47:59.600180 2023] [:error] [pid 14602] [client 95.223.106.227:45251] PHP Notice:  A session had already been started - ignoring session_start() in /srv/www/kilicit/movielist/reglog/login.php on line 13, referer: https://kilic.it/movielist/reglog/login
[Sat Jun 17 22:47:59.631001 2023] [:error] [pid 14602] [client 95.223.106.227:45251] PHP Notice:  A session had already been started - ignoring session_start() in /srv/www/kilicit/movielist/search/home.php on line 8, referer: https://kilic.it/movielist/reglog/login
[Sat Jun 17 22:48:03.972993 2023] [:error] [pid 14602] [client 95.223.106.227:45251] PHP Notice:  A session had already been started - ignoring session_start() in /srv/www/kilicit/movielist/search/home.php on line 8, referer: https://kilic.it/movielist/search/home
[Sat Jun 17 22:48:07.130304 2023] [:error] [pid 14602] [client 95.223.106.227:45251] PHP Notice:  A session had already been started - ignoring session_start() in /srv/www/kilicit/movielist/search/home.php on line 8, referer: https://kilic.it/movielist/search/home
[Sat Jun 17 22:48:16.203689 2023] [:error] [pid 14606] [client 95.223.106.227:45249] PHP Notice:  A session had already been started - ignoring session_start() in /srv/www/kilicit/movielist/search/details.php on line 6, referer: https://kilic.it/movielist/search/liste
[Sat Jun 17 22:48:19.015604 2023] [:error] [pid 14606] [client 95.223.106.227:45249] PHP Notice:  A session had already been started - ignoring session_start() in /srv/www/kilicit/movielist/search/details.php on line 6, referer: https://kilic.it/movielist/search/details.php?id=tt1632701
[Sat Jun 17 22:48:19.015634 2023] [:error] [pid 14606] [client 95.223.106.227:45249] PHP Notice:  Undefined index: add in /srv/www/kilicit/movielist/search/details.php on line 13, referer: https://kilic.it/movielist/search/details.php?id=tt1632701
[Sat Jun 17 22:48:20.258121 2023] [:error] [pid 14606] [client 95.223.106.227:45249] PHP Notice:  A session had already been started - ignoring session_start() in /srv/www/kilicit/movielist/search/details.php on line 6, referer: https://kilic.it/movielist/search/details.php?id=tt1632701
[Sat Jun 17 22:48:22.298934 2023] [:error] [pid 14606] [client 95.223.106.227:45249] PHP Notice:  A session had already been started - ignoring session_start() in /srv/www/kilicit/movielist/search/details.php on line 6, referer: https://kilic.it/movielist/search/details.php?id=tt1632701
[Sat Jun 17 22:48:22.298971 2023] [:error] [pid 14606] [client 95.223.106.227:45249] PHP Notice:  Undefined index: add in /srv/www/kilicit/movielist/search/details.php on line 13, referer: https://kilic.it/movielist/search/details.php?id=tt1632701
[Sat Jun 17 22:48:23.988722 2023] [:error] [pid 14606] [client 95.223.106.227:45249] PHP Notice:  A session had already been started - ignoring session_start() in /srv/www/kilicit/movielist/search/details.php on line 6, referer: https://kilic.it/movielist/search/details.php?id=tt1632701
[Sat Jun 17 22:48:28.205075 2023] [:error] [pid 14606] [client 95.223.106.227:45249] PHP Notice:  A session had already been started - ignoring session_start() in /srv/www/kilicit/movielist/search/home.php on line 8, referer: https://kilic.it/movielist/search/details.php?id=tt1632701
[Sun Jun 18 01:03:20.215190 2023] [:error] [pid 14601] [client 95.223.106.227:45296] PHP Notice:  Undefined index: id in /srv/www/kilicit/web/notes/index.php on line 19, referer: https://kilic.it/web/notes/index
[Sun Jun 18 01:03:20.215221 2023] [:error] [pid 14601] [client 95.223.106.227:45296] PHP Notice:  Undefined index: text in /srv/www/kilicit/web/notes/index.php on line 20, referer: https://kilic.it/web/notes/index
[Sun Jun 18 01:03:20.215226 2023] [:error] [pid 14601] [client 95.223.106.227:45296] PHP Notice:  Undefined index: timestamp in /srv/www/kilicit/web/notes/index.php on line 21, referer: https://kilic.it/web/notes/index
[Sun Jun 18 01:03:44.970679 2023] [:error] [pid 14604] [client 95.223.106.227:50598] PHP Notice:  Undefined index: text in /srv/www/kilicit/web/notes/index.php on line 19, referer: https://kilic.it/web/notes/index
[Sun Jun 18 01:03:44.970712 2023] [:error] [pid 14604] [client 95.223.106.227:50598] PHP Notice:  Undefined index: timestamp in /srv/www/kilicit/web/notes/index.php on line 20, referer: https://kilic.it/web/notes/index
[Sun Jun 18 01:03:55.005970 2023] [:error] [pid 23874] [client 95.223.106.227:50597] PHP Notice:  Undefined index: text in /srv/www/kilicit/web/notes/index.php on line 19, referer: https://kilic.it/web/notes/index
[Sun Jun 18 01:03:55.006006 2023] [:error] [pid 23874] [client 95.223.106.227:50597] PHP Notice:  Undefined index: timestamp in /srv/www/kilicit/web/notes/index.php on line 20, referer: https://kilic.it/web/notes/index
[Sun Jun 18 01:07:59.983577 2023] [:error] [pid 14750] [client 95.223.106.227:50604] PHP Notice:  Undefined variable: connection in /srv/www/kilicit/web/notes/index.php on line 13, referer: https://kilic.it/web/notes/index
[Sun Jun 18 01:07:59.983616 2023] [:error] [pid 14750] [client 95.223.106.227:50604] PHP Warning:  mysqli_real_escape_string() expects parameter 1 to be mysqli, null given in /srv/www/kilicit/web/notes/index.php on line 13, referer: https://kilic.it/web/notes/index
[Sun Jun 18 01:09:49.980757 2023] [:error] [pid 15979] [client 95.223.106.227:43673] PHP Notice:  Undefined index: text in /srv/www/kilicit/web/notes/index.php on line 13, referer: https://kilic.it/web/notes/index
[Sun Jun 18 01:09:49.980799 2023] [:error] [pid 15979] [client 95.223.106.227:43673] PHP Notice:  Undefined variable: connection in /srv/www/kilicit/web/notes/index.php on line 14, referer: https://kilic.it/web/notes/index
[Sun Jun 18 01:09:49.980808 2023] [:error] [pid 15979] [client 95.223.106.227:43673] PHP Warning:  mysqli_real_escape_string() expects parameter 1 to be mysqli, null given in /srv/www/kilicit/web/notes/index.php on line 14, referer: https://kilic.it/web/notes/index
[Sun Jun 18 01:10:14.437859 2023] [:error] [pid 14750] [client 95.223.106.227:43696] PHP Notice:  Undefined index: text in /srv/www/kilicit/web/notes/index.php on line 13, referer: https://kilic.it/web/notes/index
[Sun Jun 18 01:10:43.293306 2023] [:error] [pid 23874] [client 95.223.106.227:45279] PHP Notice:  Undefined index: text in /srv/www/kilicit/web/notes/index.php on line 13, referer: https://kilic.it/web/notes/index
[Sun Jun 18 01:14:07.558478 2023] [:error] [pid 15979] [client 95.223.106.227:43702] PHP Notice:  Undefined index: text in /srv/www/kilicit/web/notes/index.php on line 13, referer: https://kilic.it/web/notes/index
[Sun Jun 18 01:14:07.558514 2023] [:error] [pid 15979] [client 95.223.106.227:43702] PHP Notice:  Undefined variable: connection in /srv/www/kilicit/web/notes/index.php on line 14, referer: https://kilic.it/web/notes/index
[Sun Jun 18 01:14:07.558522 2023] [:error] [pid 15979] [client 95.223.106.227:43702] PHP Warning:  mysqli_real_escape_string() expects parameter 1 to be mysqli, null given in /srv/www/kilicit/web/notes/index.php on line 14, referer: https://kilic.it/web/notes/index
[Sun Jun 18 01:14:36.809747 2023] [:error] [pid 14606] [client 95.223.106.227:45294] PHP Notice:  Undefined index: text in /srv/www/kilicit/web/notes/index.php on line 13, referer: https://kilic.it/web/notes/index
[Sun Jun 18 01:16:23.099695 2023] [:error] [pid 15979] [client 95.223.106.227:43707] PHP Notice:  Undefined variable: connection in /srv/www/kilicit/web/notes/index.php on line 14, referer: https://kilic.it/web/notes/index
[Sun Jun 18 01:16:23.099729 2023] [:error] [pid 15979] [client 95.223.106.227:43707] PHP Warning:  mysqli_real_escape_string() expects parameter 1 to be mysqli, null given in /srv/www/kilicit/web/notes/index.php on line 14, referer: https://kilic.it/web/notes/index
[Sun Jun 18 01:17:26.951449 2023] [:error] [pid 14606] [client 95.223.106.227:45300] PHP Notice:  Undefined variable: connection in /srv/www/kilicit/web/notes/index.php on line 14, referer: https://kilic.it/web/notes/index
[Sun Jun 18 01:17:26.951486 2023] [:error] [pid 14606] [client 95.223.106.227:45300] PHP Warning:  mysqli_real_escape_string() expects parameter 1 to be mysqli, null given in /srv/www/kilicit/web/notes/index.php on line 14, referer: https://kilic.it/web/notes/index
[Sun Jun 18 01:18:48.090986 2023] [:error] [pid 23874] [client 95.223.106.227:8693] PHP Notice:  Undefined variable: connection in /srv/www/kilicit/web/notes/index.php on line 15, referer: https://kilic.it/web/notes/index
[Sun Jun 18 01:18:48.091032 2023] [:error] [pid 23874] [client 95.223.106.227:8693] PHP Warning:  mysqli_real_escape_string() expects parameter 1 to be mysqli, null given in /srv/www/kilicit/web/notes/index.php on line 15, referer: https://kilic.it/web/notes/index
[Sun Jun 18 01:19:46.430948 2023] [:error] [pid 14605] [client 95.223.106.227:45266] PHP Notice:  Undefined variable: connection in /srv/www/kilicit/web/notes/index.php on line 15, referer: https://kilic.it/web/notes/index
[Sun Jun 18 01:19:46.431354 2023] [:error] [pid 14605] [client 95.223.106.227:45266] PHP Warning:  mysqli_real_escape_string() expects parameter 1 to be mysqli, null given in /srv/www/kilicit/web/notes/index.php on line 15, referer: https://kilic.it/web/notes/index
[Sun Jun 18 01:20:05.166100 2023] [:error] [pid 14604] [client 95.223.106.227:45297] PHP Notice:  A session had already been started - ignoring session_start() in /srv/www/kilicit/web/account/login.php on line 24, referer: https://kilic.it/web/account/login
[Sun Jun 18 01:20:05.166144 2023] [:error] [pid 14604] [client 95.223.106.227:45297] PHP Notice:  Undefined index: mail in /srv/www/kilicit/web/account/login.php on line 28, referer: https://kilic.it/web/account/login
[Sun Jun 18 01:20:35.766306 2023] [:error] [pid 14601] [client 95.223.106.227:45279] script '/srv/www/kilicit/web/notes/maintenance.php' not found or unable to stat
[Sun Jun 18 01:20:53.531085 2023] [:error] [pid 14605] [client 95.223.106.227:43674] PHP Notice:  A session had already been started - ignoring session_start() in /srv/www/kilicit/movielist/search/home.php on line 8, referer: https://kilic.it/web/index
[Sun Jun 18 01:21:17.061480 2023] [:error] [pid 14604] [client 95.223.106.227:43692] PHP Notice:  Undefined variable: connection in /srv/www/kilicit/web/notes/index.php on line 15, referer: https://kilic.it/web/notes/index
[Sun Jun 18 01:21:17.061511 2023] [:error] [pid 14604] [client 95.223.106.227:43692] PHP Warning:  mysqli_real_escape_string() expects parameter 1 to be mysqli, null given in /srv/www/kilicit/web/notes/index.php on line 15, referer: https://kilic.it/web/notes/index
[Sun Jun 18 01:21:48.040790 2023] [:error] [pid 14602] [client 95.223.106.227:45286] PHP Notice:  A session had already been started - ignoring session_start() in /srv/www/kilicit/movielist/search/home.php on line 8, referer: https://kilic.it/web/index
[Sun Jun 18 01:25:26.338428 2023] [:error] [pid 14606] [client 104.28.54.67:33687] PHP Notice:  Undefined variable: connection in /srv/www/kilicit/web/notes/index.php on line 15, referer: https://kilic.it/web/notes/index
[Sun Jun 18 01:25:26.338473 2023] [:error] [pid 14606] [client 104.28.54.67:33687] PHP Warning:  mysqli_real_escape_string() expects parameter 1 to be mysqli, null given in /srv/www/kilicit/web/notes/index.php on line 15, referer: https://kilic.it/web/notes/index
[Sun Jun 18 04:18:58.032718 2023] [:error] [pid 15979] [client 194.50.153.123:36060] script '/srv/www/kilicit/login.php' not found or unable to stat
[Sun Jun 18 05:00:25.702161 2023] [:error] [pid 23874] [client 45.55.32.194:47272] script '/srv/www/kilicit/wsman.php' not found or unable to stat
[Sun Jun 18 05:08:27.603530 2023] [authz_core:error] [pid 14606] [client 87.236.176.11:47167] AH01630: client denied by server configuration: /srv/www/kilicit/movielist/.php, referer: http://movielist.kilic.it
[Sun Jun 18 05:49:18.983497 2023] [:error] [pid 15979] [client 46.161.14.84:43340] script '/srv/www/kilicit/wp-login.php' not found or unable to stat
[Sun Jun 18 06:47:31.960154 2023] [:error] [pid 25113] [client 134.122.4.16:57626] script '/srv/www/kilicit/Remote.php' not found or unable to stat
[Sun Jun 18 06:47:31.963084 2023] [:error] [pid 25111] [client 134.122.4.16:57624] script '/srv/www/kilicit/RDWeb.php' not found or unable to stat
[Sun Jun 18 08:40:43.762989 2023] [core:error] [pid 26032] [client 83.97.73.89:60264] AH00126: Invalid URI in request POST /cgi-bin/.%2e/.%2e/.%2e/.%2e/bin/sh HTTP/1.1
[Sun Jun 18 09:46:03.549216 2023] [:error] [pid 25112] [client 46.161.14.104:36532] script '/srv/www/kilicit/wp-login.php' not found or unable to stat
[Sun Jun 18 11:03:57.629929 2023] [:error] [pid 25113] [client 40.77.167.225:40960] PHP Notice:  A session had already been started - ignoring session_start() in /srv/www/kilicit/movielist/search/home.php on line 8
[Sun Jun 18 14:42:06.392146 2023] [:error] [pid 25114] [client 103.187.191.131:56642] script '/srv/www/kilicit/sdk.php' not found or unable to stat
[Sun Jun 18 14:42:07.016280 2023] [:error] [pid 25112] [client 103.187.191.131:56636] script '/srv/www/kilicit/nmaplowercheck1687092139.php' not found or unable to stat
[Sun Jun 18 14:42:07.691661 2023] [:error] [pid 26032] [client 103.187.191.131:56648] script '/srv/www/kilicit/HNAP1.php' not found or unable to stat
[Sun Jun 18 15:22:09.552647 2023] [:error] [pid 26036] [client 104.248.130.34:59646] script '/srv/www/kilicit/aaa9.php' not found or unable to stat
[Sun Jun 18 15:22:23.861982 2023] [:error] [pid 25111] [client 104.248.130.34:48732] script '/srv/www/kilicit/aab8.php' not found or unable to stat
[Sun Jun 18 16:06:27.242471 2023] [:error] [pid 26032] [client 139.59.58.140:55116] script '/srv/www/kilicit/aaa9.php' not found or unable to stat
[Sun Jun 18 16:06:41.831877 2023] [:error] [pid 25111] [client 139.59.58.140:44162] script '/srv/www/kilicit/aab8.php' not found or unable to stat
[Sun Jun 18 17:06:46.147490 2023] [:error] [pid 25570] [client 167.71.229.198:60850] script '/srv/www/kilicit/aaa9.php' not found or unable to stat
[Sun Jun 18 17:06:57.532634 2023] [:error] [pid 25114] [client 167.71.229.198:35788] script '/srv/www/kilicit/aab8.php' not found or unable to stat
[Sun Jun 18 17:56:56.729670 2023] [:error] [pid 25110] [client 95.223.106.227:40288] PHP Notice:  Undefined variable: connection in /srv/www/kilicit/web/notes/index.php on line 14, referer: https://kilic.it/web/notes/index
[Sun Jun 18 17:56:56.730408 2023] [:error] [pid 25110] [client 95.223.106.227:40288] PHP Warning:  mysqli_real_escape_string() expects parameter 1 to be mysqli, null given in /srv/www/kilicit/web/notes/index.php on line 14, referer: https://kilic.it/web/notes/index
[Sun Jun 18 18:35:42.697245 2023] [:error] [pid 25110] [client 95.223.106.227:63386] PHP Fatal error:  Uncaught Error: Call to a member function fetch_assoc() on boolean in /srv/www/kilicit/web/notes/note.php:20\nStack trace:\n#0 {main}\n  thrown in /srv/www/kilicit/web/notes/note.php on line 20, referer: https://kilic.it/web/notes/index
[Sun Jun 18 18:36:49.260714 2023] [:error] [pid 26032] [client 95.223.106.227:63397] PHP Notice:  Undefined variable: timestamp in /srv/www/kilicit/web/notes/note.php on line 98, referer: https://kilic.it/web/notes/index
[Sun Jun 18 18:37:43.128103 2023] [:error] [pid 25114] [client 95.223.106.227:63414] PHP Notice:  Undefined variable: timestamp in /srv/www/kilicit/web/notes/note.php on line 98, referer: https://kilic.it/web/notes/index
[Sun Jun 18 18:39:10.754501 2023] [:error] [pid 25113] [client 95.223.106.227:44414] PHP Notice:  Undefined variable: timestamp in /srv/www/kilicit/web/notes/note.php on line 98, referer: https://kilic.it/web/notes/index
[Sun Jun 18 18:39:12.685856 2023] [:error] [pid 25113] [client 95.223.106.227:44414] PHP Notice:  Undefined variable: timestamp in /srv/www/kilicit/web/notes/note.php on line 98, referer: https://kilic.it/web/notes/index
[Sun Jun 18 18:43:15.539093 2023] [:error] [pid 25111] [client 95.223.106.227:63368] PHP Notice:  A session had already been started - ignoring session_start() in /srv/www/kilicit/movielist/search/home.php on line 8, referer: https://kilic.it/web/index
[Sun Jun 18 19:09:41.093041 2023] [:error] [pid 25113] [client 95.223.106.227:44390] script '/srv/www/kilicit/web/notes/contact.php' not found or unable to stat, referer: https://kilic.it/web/notes/index
[Sun Jun 18 19:09:56.426857 2023] [:error] [pid 26032] [client 95.223.106.227:43241] script '/srv/www/kilicit/web/notes/contact.php' not found or unable to stat, referer: https://kilic.it/web/notes/index
[Sun Jun 18 22:16:08.724851 2023] [:error] [pid 26032] [client 95.223.106.227:13487] PHP Notice:  A session had already been started - ignoring session_start() in /srv/www/kilicit/web/account/login.php on line 24, referer: https://kilic.it/web/account/login
[Sun Jun 18 22:16:08.724904 2023] [:error] [pid 26032] [client 95.223.106.227:13487] PHP Notice:  Undefined index: mail in /srv/www/kilicit/web/account/login.php on line 28, referer: https://kilic.it/web/account/login
[Sun Jun 18 22:16:23.141563 2023] [:error] [pid 25114] [client 95.223.106.227:13447] script '/srv/www/kilicit/web/notes/maintenance.php' not found or unable to stat
[Sun Jun 18 22:17:12.420345 2023] [authz_core:error] [pid 13200] [client 95.223.106.227:60546] AH01630: client denied by server configuration: /srv/www/kilicit/web/notes/.php
[Sun Jun 18 22:17:20.573500 2023] [authz_core:error] [pid 13200] [client 95.223.106.227:60546] AH01630: client denied by server configuration: /srv/www/kilicit/web/account/.php
[Sun Jun 18 22:17:25.151608 2023] [:error] [pid 13200] [client 95.223.106.227:60546] script '/srv/www/kilicit/web/account/index.php' not found or unable to stat
[Sun Jun 18 22:48:20.972501 2023] [core:error] [pid 25112] [client 83.97.73.89:38738] AH00126: Invalid URI in request POST /cgi-bin/.%2e/.%2e/.%2e/.%2e/bin/sh HTTP/1.1
[Mon Jun 19 01:08:27.455620 2023] [:error] [pid 25112] [client 95.223.106.227:13492] PHP Notice:  Undefined variable: timestamp in /srv/www/kilicit/web/notes/note.php on line 103, referer: https://kilic.it/web/notes/index
[Mon Jun 19 01:11:42.864424 2023] [:error] [pid 25112] [client 95.223.106.227:13485] PHP Notice:  Undefined variable: timestamp in /srv/www/kilicit/web/notes/note.php on line 103, referer: https://kilic.it/web/notes/index
[Mon Jun 19 01:16:44.797385 2023] [:error] [pid 25111] [client 104.28.54.67:16218] PHP Notice:  A session had already been started - ignoring session_start() in /srv/www/kilicit/movielist/search/home.php on line 8, referer: https://kilic.it/web/index
[Mon Jun 19 01:18:12.027983 2023] [:error] [pid 13200] [client 83.97.73.89:34032] script '/srv/www/kilicit/geoserver.php' not found or unable to stat
[Mon Jun 19 06:41:13.059542 2023] [:error] [pid 23537] [client 195.96.137.6:35236] script '/srv/www/kilicit/sdk.php' not found or unable to stat
[Mon Jun 19 06:41:13.060257 2023] [:error] [pid 23904] [client 195.96.137.6:35228] script '/srv/www/kilicit/nmaplowercheck1687149686.php' not found or unable to stat
[Mon Jun 19 06:41:13.270204 2023] [authz_core:error] [pid 23538] [client 195.96.137.6:35692] AH01630: client denied by server configuration: /srv/www/kilicit/server-status
[Mon Jun 19 06:41:13.270776 2023] [:error] [pid 23536] [client 195.96.137.6:35688] script '/srv/www/kilicit/HNAP1.php' not found or unable to stat
[Mon Jun 19 06:41:13.271056 2023] [:error] [pid 23535] [client 195.96.137.6:35580] script '/srv/www/kilicit/__Additional.php' not found or unable to stat
[Mon Jun 19 06:41:13.372031 2023] [authz_core:error] [pid 23538] [client 195.96.137.6:43462] AH01630: client denied by server configuration: /srv/www/kilicit/server-status
[Mon Jun 19 06:41:13.373737 2023] [:error] [pid 23904] [client 195.96.137.6:35764] script '/srv/www/kilicit/Kw3g.php' not found or unable to stat
[Mon Jun 19 06:41:13.478510 2023] [:error] [pid 23538] [client 195.96.137.6:35952] script '/srv/www/kilicit/pools.php' not found or unable to stat
[Mon Jun 19 06:41:13.632419 2023] [core:error] [pid 23536] [client 195.96.137.6:43886] AH00082: an unknown filter was not added: includes
[Mon Jun 19 06:41:13.949102 2023] [core:error] [pid 23537] [client 195.96.137.6:36670] AH00082: an unknown filter was not added: includes
[Mon Jun 19 06:41:14.168816 2023] [:error] [pid 23536] [client 195.96.137.6:37056] script '/srv/www/kilicit/start.php' not found or unable to stat
[Mon Jun 19 06:41:15.421854 2023] [:error] [pid 23536] [client 195.96.137.6:39264] script '/srv/www/kilicit/default.php' not found or unable to stat
[Mon Jun 19 06:41:15.902333 2023] [:error] [pid 23538] [client 195.96.137.6:40198] script '/srv/www/kilicit/indice.php' not found or unable to stat
[Mon Jun 19 06:41:16.680094 2023] [:error] [pid 23535] [client 195.96.137.6:41786] script '/srv/www/kilicit/admin.php' not found or unable to stat
[Mon Jun 19 06:41:18.076463 2023] [core:error] [pid 23537] [client 195.96.137.6:52096] AH00082: an unknown filter was not added: includes
[Mon Jun 19 06:41:18.398132 2023] [core:error] [pid 23538] [client 195.96.137.6:44946] AH00082: an unknown filter was not added: includes
[Mon Jun 19 06:41:19.017830 2023] [core:error] [pid 23537] [client 195.96.137.6:53834] AH00082: an unknown filter was not added: includes
[Mon Jun 19 06:41:19.327598 2023] [core:error] [pid 23934] [client 195.96.137.6:46770] AH00082: an unknown filter was not added: includes
[Mon Jun 19 06:41:19.797369 2023] [:error] [pid 23535] [client 195.96.137.6:47404] script '/srv/www/kilicit/base.php' not found or unable to stat
[Mon Jun 19 06:41:21.038804 2023] [core:error] [pid 23536] [client 195.96.137.6:57042] AH00082: an unknown filter was not added: includes
[Mon Jun 19 06:41:21.348747 2023] [core:error] [pid 23924] [client 195.96.137.6:49812] AH00082: an unknown filter was not added: includes
[Mon Jun 19 06:41:21.670613 2023] [:error] [pid 23535] [client 195.96.137.6:50330] script '/srv/www/kilicit/menu.php' not found or unable to stat
[Mon Jun 19 06:41:22.448962 2023] [core:error] [pid 23536] [client 195.96.137.6:59276] AH00082: an unknown filter was not added: includes
[Mon Jun 19 06:41:22.754697 2023] [core:error] [pid 23537] [client 195.96.137.6:59726] AH00082: an unknown filter was not added: includes
[Mon Jun 19 06:41:22.754913 2023] [core:error] [pid 23538] [client 195.96.137.6:51980] AH00082: an unknown filter was not added: includes
[Mon Jun 19 06:41:23.062173 2023] [core:error] [pid 23934] [client 195.96.137.6:52396] AH00082: an unknown filter was not added: includes
[Mon Jun 19 06:41:24.295298 2023] [core:error] [pid 23931] [client 195.96.137.6:33822] AH00082: an unknown filter was not added: includes
[Mon Jun 19 06:41:24.599356 2023] [core:error] [pid 23535] [client 195.96.137.6:54806] AH00082: an unknown filter was not added: includes
[Mon Jun 19 06:41:24.970954 2023] [:error] [pid 23534] [client 195.96.137.6:55528] script '/srv/www/kilicit/inicio.php' not found or unable to stat
[Mon Jun 19 06:41:25.078083 2023] [:error] [pid 23535] [client 195.96.137.6:55792] script '/srv/www/kilicit/main.php' not found or unable to stat
[Mon Jun 19 06:41:25.107017 2023] [:error] [pid 23534] [client 195.96.137.6:55852] script '/srv/www/kilicit/localstart.php' not found or unable to stat
[Mon Jun 19 06:41:25.137609 2023] [core:error] [pid 23536] [client 195.96.137.6:35432] AH00082: an unknown filter was not added: includes
[Mon Jun 19 06:41:25.199361 2023] [core:error] [pid 23538] [client 195.96.137.6:56110] AH00082: an unknown filter was not added: includes
[Mon Jun 19 06:41:25.659390 2023] [core:error] [pid 23924] [client 195.96.137.6:36760] AH00082: an unknown filter was not added: includes
[Mon Jun 19 06:41:25.723405 2023] [core:error] [pid 23538] [client 195.96.137.6:57434] AH00082: an unknown filter was not added: includes
[Mon Jun 19 06:41:25.745492 2023] [core:error] [pid 23931] [client 195.96.137.6:37018] AH00126: Invalid URI in request GET default.asp HTTP/1.1
[Mon Jun 19 06:41:25.823187 2023] [core:error] [pid 23536] [client 195.96.137.6:37224] AH00082: an unknown filter was not added: includes
[Mon Jun 19 06:41:25.823305 2023] [core:error] [pid 23537] [client 195.96.137.6:57704] AH00126: Invalid URI in request GET default.asp HTTP/1.1
[Mon Jun 19 06:41:25.872817 2023] [core:error] [pid 23538] [client 195.96.137.6:57854] AH00082: an unknown filter was not added: includes
[Mon Jun 19 06:41:26.016420 2023] [:error] [pid 23538] [client 195.96.137.6:58264] script '/srv/www/kilicit/home.php' not found or unable to stat
[Mon Jun 19 06:41:26.317537 2023] [core:error] [pid 23904] [client 195.96.137.6:38374] AH00082: an unknown filter was not added: includes
[Mon Jun 19 06:41:26.381049 2023] [core:error] [pid 23535] [client 195.96.137.6:59000] AH00082: an unknown filter was not added: includes
[Mon Jun 19 10:10:59.349220 2023] [:error] [pid 23535] [client 46.114.193.24:44949] PHP Notice:  A session had already been started - ignoring session_start() in /srv/www/kilicit/web/account/login.php on line 24, referer: https://kilic.it/web/account/login
[Mon Jun 19 10:10:59.349748 2023] [:error] [pid 23535] [client 46.114.193.24:44949] PHP Notice:  Undefined index: mail in /srv/www/kilicit/web/account/login.php on line 28, referer: https://kilic.it/web/account/login
[Mon Jun 19 10:27:01.423477 2023] [:error] [pid 23966] [client 46.114.193.24:46630] PHP Parse error:  syntax error, unexpected '}' in /srv/www/kilicit/web/backend/index.php on line 36, referer: https://kilic.it/web/backend/index
[Mon Jun 19 10:27:04.002151 2023] [:error] [pid 23538] [client 46.114.193.24:60013] PHP Parse error:  syntax error, unexpected '}' in /srv/www/kilicit/web/backend/index.php on line 36, referer: https://kilic.it/web/backend/index
[Mon Jun 19 10:28:43.307804 2023] [:error] [pid 23964] [client 46.114.193.24:41358] PHP Notice:  Undefined variable: timestamp in /srv/www/kilicit/web/notes/note.php on line 105, referer: https://kilic.it/web/notes/index
[Mon Jun 19 10:28:45.116316 2023] [:error] [pid 23964] [client 46.114.193.24:41358] PHP Notice:  Undefined variable: timestamp in /srv/www/kilicit/web/notes/note.php on line 105, referer: https://kilic.it/web/notes/index
[Mon Jun 19 10:28:45.776519 2023] [:error] [pid 23964] [client 46.114.193.24:41358] PHP Notice:  Undefined variable: timestamp in /srv/www/kilicit/web/notes/note.php on line 105, referer: https://kilic.it/web/notes/index
[Mon Jun 19 10:30:37.686692 2023] [:error] [pid 23931] [client 46.114.193.24:53818] PHP Notice:  Undefined variable: timestamp in /srv/www/kilicit/web/notes/note.php on line 105, referer: https://kilic.it/web/notes/index
[Mon Jun 19 10:30:38.443576 2023] [:error] [pid 23931] [client 46.114.193.24:53818] PHP Notice:  Undefined variable: timestamp in /srv/www/kilicit/web/notes/note.php on line 105, referer: https://kilic.it/web/notes/index
[Mon Jun 19 10:30:39.145746 2023] [:error] [pid 23931] [client 46.114.193.24:53818] PHP Notice:  Undefined variable: timestamp in /srv/www/kilicit/web/notes/note.php on line 105, referer: https://kilic.it/web/notes/index
[Mon Jun 19 10:30:39.727666 2023] [:error] [pid 23931] [client 46.114.193.24:53818] PHP Notice:  Undefined variable: timestamp in /srv/www/kilicit/web/notes/note.php on line 105, referer: https://kilic.it/web/notes/index
[Mon Jun 19 10:31:12.836088 2023] [:error] [pid 23966] [client 46.114.193.24:63419] PHP Notice:  Undefined variable: timestamp in /srv/www/kilicit/web/notes/note.php on line 105, referer: https://kilic.it/web/notes/index
[Mon Jun 19 10:45:18.235822 2023] [:error] [pid 23964] [client 147.161.171.103:18238] PHP Notice:  A session had already been started - ignoring session_start() in /srv/www/kilicit/web/account/login.php on line 24, referer: https://kilic.it/web/account/login
[Mon Jun 19 10:45:18.236298 2023] [:error] [pid 23964] [client 147.161.171.103:18238] PHP Notice:  Undefined index: mail in /srv/www/kilicit/web/account/login.php on line 28, referer: https://kilic.it/web/account/login
[Mon Jun 19 10:45:55.522194 2023] [:error] [pid 23966] [client 147.161.171.103:29302] PHP Notice:  Undefined variable: timestamp in /srv/www/kilicit/web/notes/note.php on line 105
[Mon Jun 19 10:46:38.312559 2023] [:error] [pid 23537] [client 147.161.171.103:43002] PHP Notice:  A session had already been started - ignoring session_start() in /srv/www/kilicit/movielist/search/home.php on line 8, referer: https://kilic.it/web/index
[Mon Jun 19 10:46:41.814048 2023] [:error] [pid 23964] [client 147.161.171.103:43001] PHP Notice:  A session had already been started - ignoring session_start() in /srv/www/kilicit/movielist/search/home.php on line 8, referer: https://kilic.it/web/index
[Mon Jun 19 10:46:54.256453 2023] [:error] [pid 23934] [client 147.161.171.103:19519] PHP Notice:  A session had already been started - ignoring session_start() in /srv/www/kilicit/movielist/reglog/login.php on line 13, referer: https://kilic.it/movielist/reglog/login
[Mon Jun 19 10:46:54.298516 2023] [:error] [pid 23934] [client 147.161.171.103:19519] PHP Notice:  A session had already been started - ignoring session_start() in /srv/www/kilicit/movielist/search/home.php on line 8, referer: https://kilic.it/movielist/reglog/login
[Mon Jun 19 10:47:01.862024 2023] [:error] [pid 23534] [client 147.161.171.103:19646] PHP Notice:  A session had already been started - ignoring session_start() in /srv/www/kilicit/movielist/search/search.php on line 6, referer: https://kilic.it/movielist/search/home
[Mon Jun 19 10:48:00.163777 2023] [authz_core:error] [pid 23931] [client 147.161.171.103:22971] AH01630: client denied by server configuration: /srv/www/kilicit/movielist/.php
[Mon Jun 19 10:48:43.571595 2023] [:error] [pid 23538] [client 147.161.171.103:22975] PHP Notice:  A session had already been started - ignoring session_start() in /srv/www/kilicit/movielist/search/home.php on line 8, referer: https://kilic.it/movielist/search/home
[Mon Jun 19 10:48:43.572183 2023] [:error] [pid 23931] [client 147.161.171.103:22971] PHP Notice:  A session had already been started - ignoring session_start() in /srv/www/kilicit/movielist/search/home.php on line 8, referer: https://kilic.it/web/index
[Mon Jun 19 10:48:43.572705 2023] [:error] [pid 23535] [client 147.161.171.103:22972] PHP Notice:  A session had already been started - ignoring session_start() in /srv/www/kilicit/movielist/search/home.php on line 8, referer: https://kilic.it/movielist/search/home
[Mon Jun 19 10:48:43.573256 2023] [:error] [pid 23904] [client 147.161.171.103:22973] PHP Notice:  A session had already been started - ignoring session_start() in /srv/www/kilicit/movielist/search/home.php on line 8, referer: https://kilic.it/movielist/search/home
[Mon Jun 19 10:48:43.573763 2023] [:error] [pid 23966] [client 147.161.171.103:22974] PHP Notice:  A session had already been started - ignoring session_start() in /srv/www/kilicit/movielist/search/home.php on line 8, referer: https://kilic.it/movielist/search/home
[Mon Jun 19 10:48:51.147261 2023] [:error] [pid 23934] [client 147.161.171.103:43135] PHP Notice:  A session had already been started - ignoring session_start() in /srv/www/kilicit/movielist/search/search.php on line 6, referer: https://kilic.it/movielist/search/home
[Mon Jun 19 10:50:20.688685 2023] [:error] [pid 23538] [client 147.161.171.103:43501] PHP Notice:  A session had already been started - ignoring session_start() in /srv/www/kilicit/movielist/search/details.php on line 6, referer: https://kilic.it/movielist/search/search?query=Suits
[Mon Jun 19 10:50:25.735030 2023] [:error] [pid 23904] [client 147.161.171.103:43496] PHP Notice:  A session had already been started - ignoring session_start() in /srv/www/kilicit/movielist/search/details.php on line 6, referer: https://kilic.it/movielist/search/liste
[Mon Jun 19 10:56:22.244489 2023] [:error] [pid 23924] [client 147.161.171.103:47677] PHP Notice:  Undefined index: login in /srv/www/kilicit/web/backend/index.php on line 6, referer: https://kilic.it/web/notes/note?id=84778
[Mon Jun 19 13:37:03.352408 2023] [:error] [pid 23904] [client 46.114.193.24:42967] PHP Warning:  Missing argument 1 for getNavigation(), called in /srv/www/kilicit/web/contact.php on line 21 and defined in /srv/www/kilicit/web/php/elements.php on line 21, referer: https://kilic.it/web/index
[Mon Jun 19 13:37:03.352440 2023] [:error] [pid 23904] [client 46.114.193.24:42967] PHP Notice:  Undefined variable: active in /srv/www/kilicit/web/php/elements.php on line 24, referer: https://kilic.it/web/index
[Mon Jun 19 13:37:03.352446 2023] [:error] [pid 23904] [client 46.114.193.24:42967] PHP Notice:  Undefined variable: active in /srv/www/kilicit/web/php/elements.php on line 25, referer: https://kilic.it/web/index
[Mon Jun 19 13:37:03.352450 2023] [:error] [pid 23904] [client 46.114.193.24:42967] PHP Notice:  Undefined variable: active in /srv/www/kilicit/web/php/elements.php on line 26, referer: https://kilic.it/web/index
[Mon Jun 19 13:37:03.352463 2023] [:error] [pid 23904] [client 46.114.193.24:42967] PHP Notice:  Undefined variable: active in /srv/www/kilicit/web/php/elements.php on line 28, referer: https://kilic.it/web/index
[Mon Jun 19 13:37:03.352467 2023] [:error] [pid 23904] [client 46.114.193.24:42967] PHP Notice:  Undefined variable: active in /srv/www/kilicit/web/php/elements.php on line 29, referer: https://kilic.it/web/index
[Mon Jun 19 13:45:47.032291 2023] [core:error] [pid 23538] [client 83.97.73.89:45490] AH00126: Invalid URI in request POST /cgi-bin/.%2e/.%2e/.%2e/.%2e/bin/sh HTTP/1.1
[Mon Jun 19 13:47:07.787670 2023] [core:error] [pid 23966] [client 217.156.214.214:39200] AH00126: Invalid URI in request GET /../web/index HTTP/1.1, referer: kilic.it
[Mon Jun 19 16:01:59.734461 2023] [:error] [pid 23904] [client 40.77.167.225:41113] PHP Notice:  A session had already been started - ignoring session_start() in /srv/www/kilicit/movielist/search/home.php on line 8
[Mon Jun 19 16:17:51.368052 2023] [:error] [pid 23538] [client 46.114.193.24:52986] PHP Warning:  Missing argument 1 for getNavigation(), called in /srv/www/kilicit/web/account/login.php on line 55 and defined in /srv/www/kilicit/web/php/elements.php on line 39, referer: https://kilic.it/web/notes/index
[Mon Jun 19 16:17:51.368088 2023] [:error] [pid 23538] [client 46.114.193.24:52986] PHP Notice:  Undefined variable: active in /srv/www/kilicit/web/php/elements.php on line 85, referer: https://kilic.it/web/notes/index
[Mon Jun 19 16:17:51.368094 2023] [:error] [pid 23538] [client 46.114.193.24:52986] PHP Notice:  Undefined variable: active in /srv/www/kilicit/web/php/elements.php on line 86, referer: https://kilic.it/web/notes/index
[Mon Jun 19 16:17:51.368099 2023] [:error] [pid 23538] [client 46.114.193.24:52986] PHP Notice:  Undefined variable: active in /srv/www/kilicit/web/php/elements.php on line 87, referer: https://kilic.it/web/notes/index
[Mon Jun 19 16:17:51.368103 2023] [:error] [pid 23538] [client 46.114.193.24:52986] PHP Notice:  Undefined variable: active in /srv/www/kilicit/web/php/elements.php on line 89, referer: https://kilic.it/web/notes/index
[Mon Jun 19 16:17:51.368107 2023] [:error] [pid 23538] [client 46.114.193.24:52986] PHP Notice:  Undefined variable: active in /srv/www/kilicit/web/php/elements.php on line 90, referer: https://kilic.it/web/notes/index
